Archive member included to satisfy reference by file (symbol)

c:/nxp/mcuxpressoide_10.1.0_589/ide/tools/bin/../lib/gcc/arm-none-eabi/6.3.1/../../../../arm-none-eabi/lib/thumb/v7e-m/fpv4-sp/hard\libcr_semihost_nf.a(_cr__main.o)
                              ./startup/startup_mk66f18.o (__main)
c:/nxp/mcuxpressoide_10.1.0_589/ide/tools/bin/../lib/gcc/arm-none-eabi/6.3.1/../../../../arm-none-eabi/lib/thumb/v7e-m/fpv4-sp/hard\libcr_semihost_nf.a(_cr_assert.o)
                              ./utilities/fsl_debug_console.o (__assertion_failed)
c:/nxp/mcuxpressoide_10.1.0_589/ide/tools/bin/../lib/gcc/arm-none-eabi/6.3.1/../../../../arm-none-eabi/lib/thumb/v7e-m/fpv4-sp/hard\libcr_semihost_nf.a(__ciob.o)
                              c:/nxp/mcuxpressoide_10.1.0_589/ide/tools/bin/../lib/gcc/arm-none-eabi/6.3.1/../../../../arm-none-eabi/lib/thumb/v7e-m/fpv4-sp/hard\libcr_semihost_nf.a(_cr_assert.o) (__Ciob)
c:/nxp/mcuxpressoide_10.1.0_589/ide/tools/bin/../lib/gcc/arm-none-eabi/6.3.1/../../../../arm-none-eabi/lib/thumb/v7e-m/fpv4-sp/hard\libcr_semihost_nf.a(__sys_appexit.o)
                              c:/nxp/mcuxpressoide_10.1.0_589/ide/tools/bin/../lib/gcc/arm-none-eabi/6.3.1/../../../../arm-none-eabi/lib/thumb/v7e-m/fpv4-sp/hard\libcr_semihost_nf.a(_cr_assert.o) (__sys_appexit)
c:/nxp/mcuxpressoide_10.1.0_589/ide/tools/bin/../lib/gcc/arm-none-eabi/6.3.1/../../../../arm-none-eabi/lib/thumb/v7e-m/fpv4-sp/hard\libcr_c.a(memcpy.o)
                              ./sdmmc/src/fsl_mmc.o (memcpy)
c:/nxp/mcuxpressoide_10.1.0_589/ide/tools/bin/../lib/gcc/arm-none-eabi/6.3.1/../../../../arm-none-eabi/lib/thumb/v7e-m/fpv4-sp/hard\libcr_c.a(memset.o)
                              ./sdmmc/src/fsl_mmc.o (memset)
c:/nxp/mcuxpressoide_10.1.0_589/ide/tools/bin/../lib/gcc/arm-none-eabi/6.3.1/../../../../arm-none-eabi/lib/thumb/v7e-m/fpv4-sp/hard\libcr_c.a(_deferredlazyseek.o)
                              c:/nxp/mcuxpressoide_10.1.0_589/ide/tools/bin/../lib/gcc/arm-none-eabi/6.3.1/../../../../arm-none-eabi/lib/thumb/v7e-m/fpv4-sp/hard\libcr_semihost_nf.a(_cr_assert.o) (__flsbuf)
c:/nxp/mcuxpressoide_10.1.0_589/ide/tools/bin/../lib/gcc/arm-none-eabi/6.3.1/../../../../arm-none-eabi/lib/thumb/v7e-m/fpv4-sp/hard\libcr_c.a(_fflush.o)
                              c:/nxp/mcuxpressoide_10.1.0_589/ide/tools/bin/../lib/gcc/arm-none-eabi/6.3.1/../../../../arm-none-eabi/lib/thumb/v7e-m/fpv4-sp/hard\libcr_c.a(_deferredlazyseek.o) (_fflush)
c:/nxp/mcuxpressoide_10.1.0_589/ide/tools/bin/../lib/gcc/arm-none-eabi/6.3.1/../../../../arm-none-eabi/lib/thumb/v7e-m/fpv4-sp/hard\libcr_c.a(_writebuf.o)
                              c:/nxp/mcuxpressoide_10.1.0_589/ide/tools/bin/../lib/gcc/arm-none-eabi/6.3.1/../../../../arm-none-eabi/lib/thumb/v7e-m/fpv4-sp/hard\libcr_c.a(_deferredlazyseek.o) (_Cwritebuf)
c:/nxp/mcuxpressoide_10.1.0_589/ide/tools/bin/../lib/gcc/arm-none-eabi/6.3.1/../../../../arm-none-eabi/lib/thumb/v7e-m/fpv4-sp/hard\libcr_c.a(alloc.o)
                              c:/nxp/mcuxpressoide_10.1.0_589/ide/tools/bin/../lib/gcc/arm-none-eabi/6.3.1/../../../../arm-none-eabi/lib/thumb/v7e-m/fpv4-sp/hard\libcr_c.a(_deferredlazyseek.o) (_Csys_alloc)
c:/nxp/mcuxpressoide_10.1.0_589/ide/tools/bin/../lib/gcc/arm-none-eabi/6.3.1/../../../../arm-none-eabi/lib/thumb/v7e-m/fpv4-sp/hard\libcr_c.a(fpprintf.o)
                              ./source/main.o (printf)
c:/nxp/mcuxpressoide_10.1.0_589/ide/tools/bin/../lib/gcc/arm-none-eabi/6.3.1/../../../../arm-none-eabi/lib/thumb/v7e-m/fpv4-sp/hard\libcr_c.a(fputs.o)
                              c:/nxp/mcuxpressoide_10.1.0_589/ide/tools/bin/../lib/gcc/arm-none-eabi/6.3.1/../../../../arm-none-eabi/lib/thumb/v7e-m/fpv4-sp/hard\libcr_semihost_nf.a(_cr_assert.o) (fputs)
c:/nxp/mcuxpressoide_10.1.0_589/ide/tools/bin/../lib/gcc/arm-none-eabi/6.3.1/../../../../arm-none-eabi/lib/thumb/v7e-m/fpv4-sp/hard\libcr_c.a(fseek.o)
                              c:/nxp/mcuxpressoide_10.1.0_589/ide/tools/bin/../lib/gcc/arm-none-eabi/6.3.1/../../../../arm-none-eabi/lib/thumb/v7e-m/fpv4-sp/hard\libcr_c.a(_deferredlazyseek.o) (fseek)
c:/nxp/mcuxpressoide_10.1.0_589/ide/tools/bin/../lib/gcc/arm-none-eabi/6.3.1/../../../../arm-none-eabi/lib/thumb/v7e-m/fpv4-sp/hard\libcr_c.a(ftell.o)
                              c:/nxp/mcuxpressoide_10.1.0_589/ide/tools/bin/../lib/gcc/arm-none-eabi/6.3.1/../../../../arm-none-eabi/lib/thumb/v7e-m/fpv4-sp/hard\libcr_c.a(fseek.o) (ftell)
c:/nxp/mcuxpressoide_10.1.0_589/ide/tools/bin/../lib/gcc/arm-none-eabi/6.3.1/../../../../arm-none-eabi/lib/thumb/v7e-m/fpv4-sp/hard\libcr_c.a(initio.o)
                              c:/nxp/mcuxpressoide_10.1.0_589/ide/tools/bin/../lib/gcc/arm-none-eabi/6.3.1/../../../../arm-none-eabi/lib/thumb/v7e-m/fpv4-sp/hard\libcr_semihost_nf.a(_cr__main.o) (_initio)
c:/nxp/mcuxpressoide_10.1.0_589/ide/tools/bin/../lib/gcc/arm-none-eabi/6.3.1/../../../../arm-none-eabi/lib/thumb/v7e-m/fpv4-sp/hard\libcr_c.a(modf.o)
                              ./utilities/fsl_str.o (modf)
[...]
Memory Configuration

Name             Origin             Length             Attributes
PROGRAM_FLASH    0x00000000         0x00200000         xr
SRAM_UPPER       0x20000000         0x00030000         xrw
SRAM_LOWER       0x1fff0000         0x00010000         xrw
FLEX_RAM         0x14000000         0x00001000         xrw
*default*        0x00000000         0xffffffff

Linker script and memory map

LOAD ./utilities/fsl_debug_console.o
LOAD ./utilities/fsl_io.o
LOAD ./utilities/fsl_log.o
LOAD ./utilities/fsl_str.o
LOAD ./startup/startup_mk66f18.o
LOAD ./source/main.o
LOAD ./source/semihost_hardfault.o
LOAD ./sdmmc/src/fsl_mmc.o
LOAD ./sdmmc/src/fsl_sd.o
LOAD ./sdmmc/src/fsl_sdmmc_common.o
LOAD ./sdmmc/src/fsl_sdspi.o
LOAD ./fatfs/fatfs_source/diskio.o
LOAD ./fatfs/fatfs_source/ff.o
LOAD ./fatfs/fatfs_source/fsl_mmc_disk.o
LOAD ./fatfs/fatfs_source/fsl_ram_disk.o
LOAD ./fatfs/fatfs_source/fsl_sd_disk.o
LOAD ./fatfs/fatfs_source/fsl_sdspi_disk.o
LOAD ./drivers/fsl_adc16.o
LOAD ./drivers/fsl_clock.o
LOAD ./drivers/fsl_common.o
LOAD ./drivers/fsl_dac.o
LOAD ./drivers/fsl_dmamux.o
LOAD ./drivers/fsl_dspi.o
LOAD ./drivers/fsl_edma.o
LOAD ./drivers/fsl_flash.o
LOAD ./drivers/fsl_ftm.o
LOAD ./drivers/fsl_gpio.o
LOAD ./drivers/fsl_i2c.o
LOAD ./drivers/fsl_i2c_edma.o
LOAD ./drivers/fsl_lpuart.o
LOAD ./drivers/fsl_sai.o
LOAD ./drivers/fsl_sai_edma.o
LOAD ./drivers/fsl_sdhc.o
LOAD ./drivers/fsl_sdramc.o
LOAD ./drivers/fsl_smc.o
LOAD ./drivers/fsl_uart.o
LOAD ./dma_manager/fsl_dma_manager.o
LOAD ./codec/fsl_dialog7212.o
LOAD ./board/board.o
LOAD ./board/clock_config.o
LOAD ./board/peripherals.o
LOAD ./board/pin_mux.o
LOAD ./CMSIS/system_MK66F18.o
START GROUP
LOAD c:/nxp/mcuxpressoide_10.1.0_589/ide/tools/bin/../lib/gcc/arm-none-eabi/6.3.1/../../../../arm-none-eabi/lib/thumb/v7e-m/fpv4-sp/hard\libcr_semihost_nf.a
LOAD c:/nxp/mcuxpressoide_10.1.0_589/ide/tools/bin/../lib/gcc/arm-none-eabi/6.3.1/../../../../arm-none-eabi/lib/thumb/v7e-m/fpv4-sp/hard\libcr_c.a
LOAD c:/nxp/mcuxpressoide_10.1.0_589/ide/tools/bin/../lib/gcc/arm-none-eabi/6.3.1/thumb/v7e-m/fpv4-sp/hard\libcr_eabihelpers.a
END GROUP
                0x00000000                __base_PROGRAM_FLASH = 0x0
                0x00000000                __base_Flash = 0x0
                0x00200000                __top_PROGRAM_FLASH = 0x200000
                0x00200000                __top_Flash = 0x200000
                0x20000000                __base_SRAM_UPPER = 0x20000000
                0x20000000                __base_RAM = 0x20000000
                0x20030000                __top_SRAM_UPPER = 0x20030000
                0x20030000                __top_RAM = 0x20030000
                0x1fff0000                __base_SRAM_LOWER = 0x1fff0000
                0x1fff0000                __base_RAM2 = 0x1fff0000
                0x20000000                __top_SRAM_LOWER = 0x20000000
                0x20000000                __top_RAM2 = 0x20000000
                0x14000000                __base_FLEX_RAM = 0x14000000
                0x14000000                __base_RAM3 = 0x14000000
                0x14001000                __top_FLEX_RAM = 0x14001000
                0x14001000                __top_RAM3 = 0x14001000

.text           0x00000000     0x7410
 FILL mask 0xff
                0x00000000                __vectors_start__ = ABSOLUTE (.)
 *(.isr_vector)
 .isr_vector    0x00000000      0x1d0 ./startup/startup_mk66f18.o
                0x00000000                g_pfnVectors
                0x00000000                __Vectors
                0x000001d0                . = ALIGN (0x4)
                0x000001d0                __section_table_start = .
                0x000001d0                __data_section_table = .
                0x000001d0        0x4 LONG 0x7410 LOADADDR (.data)
                0x000001d4        0x4 LONG 0x20000000 ADDR (.data)
                0x000001d8        0x4 LONG 0xc SIZEOF (.data)
                0x000001dc        0x4 LONG 0x7410 LOADADDR (.data_RAM2)
                0x000001e0        0x4 LONG 0x1fff0000 ADDR (.data_RAM2)
                0x000001e4        0x4 LONG 0x0 SIZEOF (.data_RAM2)
                0x000001e8        0x4 LONG 0x7410 LOADADDR (.data_RAM3)
                0x000001ec        0x4 LONG 0x14000000 ADDR (.data_RAM3)
                0x000001f0        0x4 LONG 0x0 SIZEOF (.data_RAM3)
                0x000001f4                __data_section_table_end = .
                0x000001f4                __bss_section_table = .
                0x000001f4        0x4 LONG 0x2000000c ADDR (.bss)
                0x000001f8        0x4 LONG 0x1bc SIZEOF (.bss)
                0x000001fc        0x4 LONG 0x1fff0000 ADDR (.bss_RAM2)
                0x00000200        0x4 LONG 0x0 SIZEOF (.bss_RAM2)
                0x00000204        0x4 LONG 0x14000000 ADDR (.bss_RAM3)
                0x00000208        0x4 LONG 0x0 SIZEOF (.bss_RAM3)
                0x0000020c                __bss_section_table_end = .
                0x0000020c                __section_table_end = .
 *(.after_vectors*)
 .after_vectors.init_data
                0x0000020c       0x1e ./startup/startup_mk66f18.o
                0x0000020c                data_init
 .after_vectors.init_bss
                0x0000022a       0x12 ./startup/startup_mk66f18.o
                0x0000022a                bss_init
 .after_vectors.reset
                0x0000023c       0x4c ./startup/startup_mk66f18.o
                0x0000023c                ResetISR
 .after_vectors
                0x00000288       0x14 ./startup/startup_mk66f18.o
                0x00000288                NMI_Handler
                0x0000028c                MemManage_Handler
                0x0000028e                BusFault_Handler
                0x00000290                UsageFault_Handler
                0x00000292                SVC_Handler
                0x00000294                DebugMon_Handler
                0x00000296                PendSV_Handler
                0x00000298                SysTick_Handler
                0x0000029a                FTM2_DriverIRQHandler
                0x0000029a                PIT2_DriverIRQHandler
                0x0000029a                TPM2_DriverIRQHandler
                0x0000029a                TSI0_DriverIRQHandler
                0x0000029a                RTC_Seconds_DriverIRQHandler
                0x0000029a                FTM1_DriverIRQHandler
                0x0000029a                LLWU_DriverIRQHandler
                0x0000029a                MCM_DriverIRQHandler
                0x0000029a                MCG_DriverIRQHandler
                0x0000029a                ENET_1588_Timer_DriverIRQHandler
                0x0000029a                DAC1_DriverIRQHandler
                0x0000029a                CMP3_DriverIRQHandler
                0x0000029a                CMP1_DriverIRQHandler
                0x0000029a                USBHSDCD_DriverIRQHandler
                0x0000029a                FTM0_DriverIRQHandler
                0x0000029a                IntDefaultHandler
                0x0000029a                USB0_DriverIRQHandler
                0x0000029a                PORTC_DriverIRQHandler
                0x0000029a                DAC0_DriverIRQHandler
                0x0000029a                CMP2_DriverIRQHandler
                0x0000029a                UART2_ERR_DriverIRQHandler
                0x0000029a                LVD_LVW_DriverIRQHandler
                0x0000029a                DMA_Error_DriverIRQHandler
                0x0000029a                PIT0_DriverIRQHandler
                0x0000029a                RNG_DriverIRQHandler
                0x0000029a                USBDCD_DriverIRQHandler
                0x0000029a                UART3_ERR_DriverIRQHandler
                0x0000029a                UART0_ERR_DriverIRQHandler
                0x0000029a                CMT_DriverIRQHandler
                0x0000029a                Reserved71_DriverIRQHandler
                0x0000029a                ADC1_DriverIRQHandler
                0x0000029a                PORTA_DriverIRQHandler
                0x0000029a                PIT3_DriverIRQHandler
                0x0000029a                PIT1_DriverIRQHandler
                0x0000029a                TPM1_DriverIRQHandler
                0x0000029a                WDOG_EWM_DriverIRQHandler
                0x0000029a                PDB0_DriverIRQHandler
                0x0000029a                RTC_DriverIRQHandler
                0x0000029a                Read_Collision_DriverIRQHandler
                0x0000029a                SWI_DriverIRQHandler
                0x0000029a                UART4_ERR_DriverIRQHandler
                0x0000029a                LPTMR0_DriverIRQHandler
                0x0000029a                PORTB_DriverIRQHandler
                0x0000029a                ENET_Receive_DriverIRQHandler
                0x0000029a                ENET_Error_DriverIRQHandler
                0x0000029a                Reserved85_DriverIRQHandler
                0x0000029a                ADC0_DriverIRQHandler
                0x0000029a                USBHS_DriverIRQHandler
                0x0000029a                CMP0_DriverIRQHandler
                0x0000029a                CAN0_DriverIRQHandler
                0x0000029a                FTM3_DriverIRQHandler
                0x0000029a                Reserved84_DriverIRQHandler
                0x0000029a                UART1_ERR_DriverIRQHandler
                0x0000029a                ENET_Transmit_DriverIRQHandler
                0x0000029a                PORTD_DriverIRQHandler
                0x0000029a                Reserved46_DriverIRQHandler
                0x0000029a                PORTE_DriverIRQHandler
                0x0000029a                FTFE_DriverIRQHandler
                0x0000029a                CAN1_DriverIRQHandler
                0x00000400                . = 0x400
 *fill*         0x0000029c      0x164 ff
                0x00000400                PROVIDE (__FLASH_CONFIG_START__, .)
 *(.FlashConfig)
 .FlashConfig   0x00000400       0x10 ./startup/startup_mk66f18.o
                0x00000400                Flash_Config
                0x00000410                PROVIDE (__FLASH_CONFIG_END__, .)
                0x00000001                ASSERT (! ((__FLASH_CONFIG_START__ == __FLASH_CONFIG_END__)), Linker Flash Config Support Enabled, but no .FlashConfig section provided within application)
 *(.text*)
 .text.DbgConsole_Init
                0x00000410       0x38 ./utilities/fsl_debug_console.o
                0x00000410                DbgConsole_Init
 .text.UART_EnableTx
                0x00000448       0x40 ./utilities/fsl_io.o
 .text.UART_EnableRx
                0x00000488       0x40 ./utilities/fsl_io.o
 .text.LPUART_EnableTx
                0x000004c8       0x38 ./utilities/fsl_io.o
 .text.LPUART_EnableRx
                0x00000500       0x38 ./utilities/fsl_io.o
 .text.IO_Init  0x00000538       0xbc ./utilities/fsl_io.o
                0x00000538                IO_Init
 .text.LOG_Init
                0x000005f4       0x30 ./utilities/fsl_log.o
                0x000005f4                LOG_Init
 .text.DMA0_DMA16_IRQHandler
                0x00000624        0x8 ./startup/startup_mk66f18.o
                0x00000624                DMA0_DMA16_IRQHandler
 .text.DMA1_DMA17_IRQHandler
                0x0000062c        0x8 ./startup/startup_mk66f18.o
                0x0000062c                DMA1_DMA17_IRQHandler
 .text.DMA2_DMA18_IRQHandler
                0x00000634        0x8 ./startup/startup_mk66f18.o
                0x00000634                DMA2_DMA18_IRQHandler
 .text.DMA3_DMA19_IRQHandler
                0x0000063c        0x8 ./startup/startup_mk66f18.o
                0x0000063c                DMA3_DMA19_IRQHandler
 .text.DMA4_DMA20_IRQHandler
                0x00000644        0x8 ./startup/startup_mk66f18.o
                0x00000644                DMA4_DMA20_IRQHandler
 .text.DMA5_DMA21_IRQHandler
                0x0000064c        0x8 ./startup/startup_mk66f18.o
                0x0000064c                DMA5_DMA21_IRQHandler
 .text.DMA6_DMA22_IRQHandler
                0x00000654        0x8 ./startup/startup_mk66f18.o
                0x00000654                DMA6_DMA22_IRQHandler
 .text.DMA7_DMA23_IRQHandler
                0x0000065c        0x8 ./startup/startup_mk66f18.o
                0x0000065c                DMA7_DMA23_IRQHandler
 .text.DMA8_DMA24_IRQHandler
                0x00000664        0x8 ./startup/startup_mk66f18.o
                0x00000664                DMA8_DMA24_IRQHandler
 .text.DMA9_DMA25_IRQHandler
                0x0000066c        0x8 ./startup/startup_mk66f18.o
                0x0000066c                DMA9_DMA25_IRQHandler
 .text.DMA10_DMA26_IRQHandler
                0x00000674        0x8 ./startup/startup_mk66f18.o
                0x00000674                DMA10_DMA26_IRQHandler
 .text.DMA11_DMA27_IRQHandler
                0x0000067c        0x8 ./startup/startup_mk66f18.o
                0x0000067c                DMA11_DMA27_IRQHandler
 .text.DMA12_DMA28_IRQHandler
                0x00000684        0x8 ./startup/startup_mk66f18.o
                0x00000684                DMA12_DMA28_IRQHandler
 .text.DMA13_DMA29_IRQHandler
                0x0000068c        0x8 ./startup/startup_mk66f18.o
                0x0000068c                DMA13_DMA29_IRQHandler
 .text.DMA14_DMA30_IRQHandler
                0x00000694        0x8 ./startup/startup_mk66f18.o
                0x00000694                DMA14_DMA30_IRQHandler
 .text.DMA15_DMA31_IRQHandler
                0x0000069c        0x8 ./startup/startup_mk66f18.o
                0x0000069c                DMA15_DMA31_IRQHandler
 .text.DMA_Error_IRQHandler
                0x000006a4        0x8 ./startup/startup_mk66f18.o
                0x000006a4                DMA_Error_IRQHandler
 .text.MCM_IRQHandler
                0x000006ac        0x8 ./startup/startup_mk66f18.o
                0x000006ac                MCM_IRQHandler
 .text.FTFE_IRQHandler
                0x000006b4        0x8 ./startup/startup_mk66f18.o
                0x000006b4                FTFE_IRQHandler
 .text.Read_Collision_IRQHandler
                0x000006bc        0x8 ./startup/startup_mk66f18.o
                0x000006bc                Read_Collision_IRQHandler
 .text.LVD_LVW_IRQHandler
                0x000006c4        0x8 ./startup/startup_mk66f18.o
                0x000006c4                LVD_LVW_IRQHandler
 .text.LLWU_IRQHandler
                0x000006cc        0x8 ./startup/startup_mk66f18.o
                0x000006cc                LLWU_IRQHandler
 .text.WDOG_EWM_IRQHandler
                0x000006d4        0x8 ./startup/startup_mk66f18.o
                0x000006d4                WDOG_EWM_IRQHandler
 .text.RNG_IRQHandler
                0x000006dc        0x8 ./startup/startup_mk66f18.o
                0x000006dc                RNG_IRQHandler
 .text.I2C0_IRQHandler
                0x000006e4        0x8 ./startup/startup_mk66f18.o
                0x000006e4                I2C0_IRQHandler
 .text.I2C1_IRQHandler
                0x000006ec        0x8 ./startup/startup_mk66f18.o
                0x000006ec                I2C1_IRQHandler
 .text.SPI0_IRQHandler
                0x000006f4        0x8 ./startup/startup_mk66f18.o
                0x000006f4                SPI0_IRQHandler
 .text.SPI1_IRQHandler
                0x000006fc        0x8 ./startup/startup_mk66f18.o
                0x000006fc                SPI1_IRQHandler
 .text.I2S0_Tx_IRQHandler
                0x00000704        0x8 ./startup/startup_mk66f18.o
                0x00000704                I2S0_Tx_IRQHandler
 .text.I2S0_Rx_IRQHandler
                0x0000070c        0x8 ./startup/startup_mk66f18.o
                0x0000070c                I2S0_Rx_IRQHandler
 .text.Reserved46_IRQHandler
                0x00000714        0x8 ./startup/startup_mk66f18.o
                0x00000714                Reserved46_IRQHandler
 .text.UART0_RX_TX_IRQHandler
                0x0000071c        0x8 ./startup/startup_mk66f18.o
                0x0000071c                UART0_RX_TX_IRQHandler
 .text.UART0_ERR_IRQHandler
                0x00000724        0x8 ./startup/startup_mk66f18.o
                0x00000724                UART0_ERR_IRQHandler
 .text.UART1_RX_TX_IRQHandler
                0x0000072c        0x8 ./startup/startup_mk66f18.o
                0x0000072c                UART1_RX_TX_IRQHandler
 .text.UART1_ERR_IRQHandler
                0x00000734        0x8 ./startup/startup_mk66f18.o
                0x00000734                UART1_ERR_IRQHandler
 .text.UART2_RX_TX_IRQHandler
                0x0000073c        0x8 ./startup/startup_mk66f18.o
                0x0000073c                UART2_RX_TX_IRQHandler
 .text.UART2_ERR_IRQHandler
                0x00000744        0x8 ./startup/startup_mk66f18.o
                0x00000744                UART2_ERR_IRQHandler
 .text.UART3_RX_TX_IRQHandler
                0x0000074c        0x8 ./startup/startup_mk66f18.o
                0x0000074c                UART3_RX_TX_IRQHandler
 .text.UART3_ERR_IRQHandler
                0x00000754        0x8 ./startup/startup_mk66f18.o
                0x00000754                UART3_ERR_IRQHandler
 .text.ADC0_IRQHandler
                0x0000075c        0x8 ./startup/startup_mk66f18.o
                0x0000075c                ADC0_IRQHandler
 .text.CMP0_IRQHandler
                0x00000764        0x8 ./startup/startup_mk66f18.o
                0x00000764                CMP0_IRQHandler
 .text.CMP1_IRQHandler
                0x0000076c        0x8 ./startup/startup_mk66f18.o
                0x0000076c                CMP1_IRQHandler
 .text.FTM0_IRQHandler
                0x00000774        0x8 ./startup/startup_mk66f18.o
                0x00000774                FTM0_IRQHandler
 .text.FTM1_IRQHandler
                0x0000077c        0x8 ./startup/startup_mk66f18.o
                0x0000077c                FTM1_IRQHandler
 .text.FTM2_IRQHandler
                0x00000784        0x8 ./startup/startup_mk66f18.o
                0x00000784                FTM2_IRQHandler
 .text.CMT_IRQHandler
                0x0000078c        0x8 ./startup/startup_mk66f18.o
                0x0000078c                CMT_IRQHandler
 .text.RTC_IRQHandler
                0x00000794        0x8 ./startup/startup_mk66f18.o
                0x00000794                RTC_IRQHandler
 .text.RTC_Seconds_IRQHandler
                0x0000079c        0x8 ./startup/startup_mk66f18.o
                0x0000079c                RTC_Seconds_IRQHandler
 .text.PIT0_IRQHandler
                0x000007a4        0x8 ./startup/startup_mk66f18.o
                0x000007a4                PIT0_IRQHandler
 .text.PIT1_IRQHandler
                0x000007ac        0x8 ./startup/startup_mk66f18.o
                0x000007ac                PIT1_IRQHandler
 .text.PIT2_IRQHandler
                0x000007b4        0x8 ./startup/startup_mk66f18.o
                0x000007b4                PIT2_IRQHandler
 .text.PIT3_IRQHandler
                0x000007bc        0x8 ./startup/startup_mk66f18.o
                0x000007bc                PIT3_IRQHandler
 .text.PDB0_IRQHandler
                0x000007c4        0x8 ./startup/startup_mk66f18.o
                0x000007c4                PDB0_IRQHandler
 .text.USB0_IRQHandler
                0x000007cc        0x8 ./startup/startup_mk66f18.o
                0x000007cc                USB0_IRQHandler
 .text.USBDCD_IRQHandler
                0x000007d4        0x8 ./startup/startup_mk66f18.o
                0x000007d4                USBDCD_IRQHandler
 .text.Reserved71_IRQHandler
                0x000007dc        0x8 ./startup/startup_mk66f18.o
                0x000007dc                Reserved71_IRQHandler
 .text.DAC0_IRQHandler
                0x000007e4        0x8 ./startup/startup_mk66f18.o
                0x000007e4                DAC0_IRQHandler
 .text.MCG_IRQHandler
                0x000007ec        0x8 ./startup/startup_mk66f18.o
                0x000007ec                MCG_IRQHandler
 .text.LPTMR0_IRQHandler
                0x000007f4        0x8 ./startup/startup_mk66f18.o
                0x000007f4                LPTMR0_IRQHandler
 .text.PORTA_IRQHandler
                0x000007fc        0x8 ./startup/startup_mk66f18.o
                0x000007fc                PORTA_IRQHandler
 .text.PORTB_IRQHandler
                0x00000804        0x8 ./startup/startup_mk66f18.o
                0x00000804                PORTB_IRQHandler
 .text.PORTC_IRQHandler
                0x0000080c        0x8 ./startup/startup_mk66f18.o
                0x0000080c                PORTC_IRQHandler
 .text.PORTD_IRQHandler
                0x00000814        0x8 ./startup/startup_mk66f18.o
                0x00000814                PORTD_IRQHandler
 .text.PORTE_IRQHandler
                0x0000081c        0x8 ./startup/startup_mk66f18.o
                0x0000081c                PORTE_IRQHandler
 .text.SWI_IRQHandler
                0x00000824        0x8 ./startup/startup_mk66f18.o
                0x00000824                SWI_IRQHandler
 .text.SPI2_IRQHandler
                0x0000082c        0x8 ./startup/startup_mk66f18.o
                0x0000082c                SPI2_IRQHandler
 .text.UART4_RX_TX_IRQHandler
                0x00000834        0x8 ./startup/startup_mk66f18.o
                0x00000834                UART4_RX_TX_IRQHandler
 .text.UART4_ERR_IRQHandler
                0x0000083c        0x8 ./startup/startup_mk66f18.o
                0x0000083c                UART4_ERR_IRQHandler
 .text.Reserved84_IRQHandler
                0x00000844        0x8 ./startup/startup_mk66f18.o
                0x00000844                Reserved84_IRQHandler
 .text.Reserved85_IRQHandler
                0x0000084c        0x8 ./startup/startup_mk66f18.o
                0x0000084c                Reserved85_IRQHandler
 .text.CMP2_IRQHandler
                0x00000854        0x8 ./startup/startup_mk66f18.o
                0x00000854                CMP2_IRQHandler
 .text.FTM3_IRQHandler
                0x0000085c        0x8 ./startup/startup_mk66f18.o
                0x0000085c                FTM3_IRQHandler
 .text.DAC1_IRQHandler
                0x00000864        0x8 ./startup/startup_mk66f18.o
                0x00000864                DAC1_IRQHandler
 .text.ADC1_IRQHandler
                0x0000086c        0x8 ./startup/startup_mk66f18.o
                0x0000086c                ADC1_IRQHandler
 .text.I2C2_IRQHandler
                0x00000874        0x8 ./startup/startup_mk66f18.o
                0x00000874                I2C2_IRQHandler
 .text.CAN0_ORed_Message_buffer_IRQHandler
                0x0000087c        0x8 ./startup/startup_mk66f18.o
                0x0000087c                CAN0_ORed_Message_buffer_IRQHandler
 .text.CAN0_Bus_Off_IRQHandler
                0x00000884        0x8 ./startup/startup_mk66f18.o
                0x00000884                CAN0_Bus_Off_IRQHandler
 .text.CAN0_Error_IRQHandler
                0x0000088c        0x8 ./startup/startup_mk66f18.o
                0x0000088c                CAN0_Error_IRQHandler
 .text.CAN0_Tx_Warning_IRQHandler
                0x00000894        0x8 ./startup/startup_mk66f18.o
                0x00000894                CAN0_Tx_Warning_IRQHandler
 .text.CAN0_Rx_Warning_IRQHandler
                0x0000089c        0x8 ./startup/startup_mk66f18.o
                0x0000089c                CAN0_Rx_Warning_IRQHandler
 .text.CAN0_Wake_Up_IRQHandler
                0x000008a4        0x8 ./startup/startup_mk66f18.o
                0x000008a4                CAN0_Wake_Up_IRQHandler
 .text.SDHC_IRQHandler
                0x000008ac        0x8 ./startup/startup_mk66f18.o
                0x000008ac                SDHC_IRQHandler
 .text.ENET_1588_Timer_IRQHandler
                0x000008b4        0x8 ./startup/startup_mk66f18.o
                0x000008b4                ENET_1588_Timer_IRQHandler
 .text.ENET_Transmit_IRQHandler
                0x000008bc        0x8 ./startup/startup_mk66f18.o
                0x000008bc                ENET_Transmit_IRQHandler
 .text.ENET_Receive_IRQHandler
                0x000008c4        0x8 ./startup/startup_mk66f18.o
                0x000008c4                ENET_Receive_IRQHandler
 .text.ENET_Error_IRQHandler
                0x000008cc        0x8 ./startup/startup_mk66f18.o
                0x000008cc                ENET_Error_IRQHandler
 .text.LPUART0_IRQHandler
                0x000008d4        0x8 ./startup/startup_mk66f18.o
                0x000008d4                LPUART0_IRQHandler
 .text.TSI0_IRQHandler
                0x000008dc        0x8 ./startup/startup_mk66f18.o
                0x000008dc                TSI0_IRQHandler
 .text.TPM1_IRQHandler
                0x000008e4        0x8 ./startup/startup_mk66f18.o
                0x000008e4                TPM1_IRQHandler
 .text.TPM2_IRQHandler
                0x000008ec        0x8 ./startup/startup_mk66f18.o
                0x000008ec                TPM2_IRQHandler
 .text.USBHSDCD_IRQHandler
                0x000008f4        0x8 ./startup/startup_mk66f18.o
                0x000008f4                USBHSDCD_IRQHandler
 .text.I2C3_IRQHandler
                0x000008fc        0x8 ./startup/startup_mk66f18.o
                0x000008fc                I2C3_IRQHandler
 .text.CMP3_IRQHandler
                0x00000904        0x8 ./startup/startup_mk66f18.o
                0x00000904                CMP3_IRQHandler
 .text.USBHS_IRQHandler
                0x0000090c        0x8 ./startup/startup_mk66f18.o
                0x0000090c                USBHS_IRQHandler
 .text.CAN1_ORed_Message_buffer_IRQHandler
                0x00000914        0x8 ./startup/startup_mk66f18.o
                0x00000914                CAN1_ORed_Message_buffer_IRQHandler
 .text.CAN1_Bus_Off_IRQHandler
                0x0000091c        0x8 ./startup/startup_mk66f18.o
                0x0000091c                CAN1_Bus_Off_IRQHandler
 .text.CAN1_Error_IRQHandler
                0x00000924        0x8 ./startup/startup_mk66f18.o
                0x00000924                CAN1_Error_IRQHandler
 .text.CAN1_Tx_Warning_IRQHandler
                0x0000092c        0x8 ./startup/startup_mk66f18.o
                0x0000092c                CAN1_Tx_Warning_IRQHandler
 .text.CAN1_Rx_Warning_IRQHandler
                0x00000934        0x8 ./startup/startup_mk66f18.o
                0x00000934                CAN1_Rx_Warning_IRQHandler
 .text.CAN1_Wake_Up_IRQHandler
                0x0000093c        0x8 ./startup/startup_mk66f18.o
                0x0000093c                CAN1_Wake_Up_IRQHandler
 .text.main     0x00000944       0x30 ./source/main.o
                0x00000944                main
 .text.HardFault_Handler
                0x00000974       0x2a ./source/semihost_hardfault.o
                0x00000974                HardFault_Handler
 *fill*         0x0000099e        0x2 ff
 .text.CLOCK_SetEr32kClock
                0x000009a0       0x30 ./drivers/fsl_clock.o
 .text.CLOCK_SetPllFllSelClock
                0x000009d0       0x58 ./drivers/fsl_clock.o
 .text.OSC_SetExtRefClkConfig
                0x00000a28       0x40 ./drivers/fsl_clock.o
 .text.OSC_SetCapLoad
                0x00000a68       0x34 ./drivers/fsl_clock.o
 .text.CLOCK_GetMcgExtClkFreq
                0x00000a9c       0x78 ./drivers/fsl_clock.o
 .text.CLOCK_GetFllExtRefClkFreq
                0x00000b14       0xcc ./drivers/fsl_clock.o
 .text.CLOCK_GetInternalRefClkSelectFreq
                0x00000be0       0x44 ./drivers/fsl_clock.o
 .text.CLOCK_GetFllRefClkFreq
                0x00000c24       0x2c ./drivers/fsl_clock.o
 .text.CLOCK_GetPll0RefFreq
                0x00000c50        0xe ./drivers/fsl_clock.o
 *fill*         0x00000c5e        0x2 ff
 .text.CLOCK_GetOscRangeFromFreq
                0x00000c60       0x3c ./drivers/fsl_clock.o
 .text.CLOCK_GetCoreSysClkFreq
                0x00000c9c       0x28 ./drivers/fsl_clock.o
                0x00000c9c                CLOCK_GetCoreSysClkFreq
 .text.CLOCK_SetSimConfig
                0x00000cc4       0x44 ./drivers/fsl_clock.o
                0x00000cc4                CLOCK_SetSimConfig
 .text.CLOCK_GetOutClkFreq
                0x00000d08       0x90 ./drivers/fsl_clock.o
                0x00000d08                CLOCK_GetOutClkFreq
 .text.CLOCK_GetFllFreq
                0x00000d98       0x7c ./drivers/fsl_clock.o
                0x00000d98                CLOCK_GetFllFreq
 .text.CLOCK_GetPll0Freq
                0x00000e14       0x6c ./drivers/fsl_clock.o
                0x00000e14                CLOCK_GetPll0Freq
 .text.CLOCK_GetExtPllFreq
                0x00000e80       0x18 ./drivers/fsl_clock.o
                0x00000e80                CLOCK_GetExtPllFreq
 .text.CLOCK_SetExternalRefClkConfig
                0x00000e98       0x6c ./drivers/fsl_clock.o
                0x00000e98                CLOCK_SetExternalRefClkConfig
 .text.CLOCK_SetInternalRefClkConfig
                0x00000f04      0x104 ./drivers/fsl_clock.o
                0x00000f04                CLOCK_SetInternalRefClkConfig
 .text.CLOCK_EnablePll0
                0x00001008       0x84 ./drivers/fsl_clock.o
                0x00001008                CLOCK_EnablePll0
 .text.CLOCK_InitOsc0
                0x0000108c       0x8c ./drivers/fsl_clock.o
                0x0000108c                CLOCK_InitOsc0
 .text.CLOCK_SetPbeMode
                0x00001118       0xe8 ./drivers/fsl_clock.o
                0x00001118                CLOCK_SetPbeMode
 .text.CLOCK_BootToPeeMode
                0x00001200       0x68 ./drivers/fsl_clock.o
                0x00001200                CLOCK_BootToPeeMode
 .text.DSPI_IsMaster
                0x00001268       0x1c ./drivers/fsl_dspi.o
 .text.DSPI_CommonIRQHandler
                0x00001284       0x40 ./drivers/fsl_dspi.o
 .text.SPI0_DriverIRQHandler
                0x000012c4       0x30 ./drivers/fsl_dspi.o
                0x000012c4                SPI0_DriverIRQHandler
 .text.SPI1_DriverIRQHandler
                0x000012f4       0x30 ./drivers/fsl_dspi.o
                0x000012f4                SPI1_DriverIRQHandler
 .text.SPI2_DriverIRQHandler
                0x00001324       0x30 ./drivers/fsl_dspi.o
                0x00001324                SPI2_DriverIRQHandler
 .text.EDMA_GetChannelStatusFlags
                0x00001354       0x74 ./drivers/fsl_edma.o
                0x00001354                EDMA_GetChannelStatusFlags
 .text.EDMA_HandleIRQ
                0x000013c8      0x144 ./drivers/fsl_edma.o
                0x000013c8                EDMA_HandleIRQ
 .text.DMA0_DMA16_DriverIRQHandler
                0x0000150c       0x4c ./drivers/fsl_edma.o
                0x0000150c                DMA0_DMA16_DriverIRQHandler
 .text.DMA1_DMA17_DriverIRQHandler
                0x00001558       0x4c ./drivers/fsl_edma.o
                0x00001558                DMA1_DMA17_DriverIRQHandler
 .text.DMA2_DMA18_DriverIRQHandler
                0x000015a4       0x4c ./drivers/fsl_edma.o
                0x000015a4                DMA2_DMA18_DriverIRQHandler
 .text.DMA3_DMA19_DriverIRQHandler
                0x000015f0       0x4c ./drivers/fsl_edma.o
                0x000015f0                DMA3_DMA19_DriverIRQHandler
 .text.DMA4_DMA20_DriverIRQHandler
                0x0000163c       0x4c ./drivers/fsl_edma.o
                0x0000163c                DMA4_DMA20_DriverIRQHandler
 .text.DMA5_DMA21_DriverIRQHandler
                0x00001688       0x4c ./drivers/fsl_edma.o
                0x00001688                DMA5_DMA21_DriverIRQHandler
 .text.DMA6_DMA22_DriverIRQHandler
                0x000016d4       0x4c ./drivers/fsl_edma.o
                0x000016d4                DMA6_DMA22_DriverIRQHandler
 .text.DMA7_DMA23_DriverIRQHandler
                0x00001720       0x4c ./drivers/fsl_edma.o
                0x00001720                DMA7_DMA23_DriverIRQHandler
 .text.DMA8_DMA24_DriverIRQHandler
                0x0000176c       0x4c ./drivers/fsl_edma.o
                0x0000176c                DMA8_DMA24_DriverIRQHandler
 .text.DMA9_DMA25_DriverIRQHandler
                0x000017b8       0x4c ./drivers/fsl_edma.o
                0x000017b8                DMA9_DMA25_DriverIRQHandler
 .text.DMA10_DMA26_DriverIRQHandler
                0x00001804       0x4c ./drivers/fsl_edma.o
                0x00001804                DMA10_DMA26_DriverIRQHandler
 .text.DMA11_DMA27_DriverIRQHandler
                0x00001850       0x4c ./drivers/fsl_edma.o
                0x00001850                DMA11_DMA27_DriverIRQHandler
 .text.DMA12_DMA28_DriverIRQHandler
                0x0000189c       0x4c ./drivers/fsl_edma.o
                0x0000189c                DMA12_DMA28_DriverIRQHandler
 .text.DMA13_DMA29_DriverIRQHandler
                0x000018e8       0x4c ./drivers/fsl_edma.o
                0x000018e8                DMA13_DMA29_DriverIRQHandler
 .text.DMA14_DMA30_DriverIRQHandler
                0x00001934       0x4c ./drivers/fsl_edma.o
                0x00001934                DMA14_DMA30_DriverIRQHandler
 .text.DMA15_DMA31_DriverIRQHandler
                0x00001980       0x4c ./drivers/fsl_edma.o
                0x00001980                DMA15_DMA31_DriverIRQHandler
 .text.I2C_TransferCommonIRQHandler
                0x000019cc       0x50 ./drivers/fsl_i2c.o
 .text.I2C0_DriverIRQHandler
                0x00001a1c       0x1c ./drivers/fsl_i2c.o
                0x00001a1c                I2C0_DriverIRQHandler
 .text.I2C1_DriverIRQHandler
                0x00001a38       0x1c ./drivers/fsl_i2c.o
                0x00001a38                I2C1_DriverIRQHandler
 .text.I2C2_DriverIRQHandler
                0x00001a54       0x1c ./drivers/fsl_i2c.o
                0x00001a54                I2C2_DriverIRQHandler
 .text.I2C3_DriverIRQHandler
                0x00001a70       0x1c ./drivers/fsl_i2c.o
                0x00001a70                I2C3_DriverIRQHandler
 .text.CLOCK_EnableClock
                0x00001a8c       0x36 ./drivers/fsl_lpuart.o
 *fill*         0x00001ac2        0x2 ff
 .text.LPUART_GetInstance
                0x00001ac4       0x44 ./drivers/fsl_lpuart.o
                0x00001ac4                LPUART_GetInstance
 .text.LPUART_Init
                0x00001b08      0x290 ./drivers/fsl_lpuart.o
                0x00001b08                LPUART_Init
 .text.LPUART_GetDefaultConfig
                0x00001d98       0x70 ./drivers/fsl_lpuart.o
                0x00001d98                LPUART_GetDefaultConfig
 .text.LPUART0_DriverIRQHandler
                0x00001e08       0x28 ./drivers/fsl_lpuart.o
                0x00001e08                LPUART0_DriverIRQHandler
 .text.I2S0_Tx_DriverIRQHandler
                0x00001e30       0x38 ./drivers/fsl_sai.o
                0x00001e30                I2S0_Tx_DriverIRQHandler
 .text.I2S0_Rx_DriverIRQHandler
                0x00001e68       0x38 ./drivers/fsl_sai.o
                0x00001e68                I2S0_Rx_DriverIRQHandler
 .text.SDHC_DriverIRQHandler
                0x00001ea0       0x38 ./drivers/fsl_sdhc.o
                0x00001ea0                SDHC_DriverIRQHandler
 .text.CLOCK_EnableClock
                0x00001ed8       0x36 ./drivers/fsl_uart.o
 *fill*         0x00001f0e        0x2 ff
 .text.UART_GetInstance
                0x00001f10       0x54 ./drivers/fsl_uart.o
                0x00001f10                UART_GetInstance
 .text.UART_Init
                0x00001f64      0x2d8 ./drivers/fsl_uart.o
                0x00001f64                UART_Init
 .text.UART_GetDefaultConfig
                0x0000223c       0x60 ./drivers/fsl_uart.o
                0x0000223c                UART_GetDefaultConfig
 .text.UART0_DriverIRQHandler
                0x0000229c       0x28 ./drivers/fsl_uart.o
                0x0000229c                UART0_DriverIRQHandler
 .text.UART0_RX_TX_DriverIRQHandler
                0x000022c4       0x10 ./drivers/fsl_uart.o
                0x000022c4                UART0_RX_TX_DriverIRQHandler
 .text.UART1_DriverIRQHandler
                0x000022d4       0x28 ./drivers/fsl_uart.o
                0x000022d4                UART1_DriverIRQHandler
 .text.UART1_RX_TX_DriverIRQHandler
                0x000022fc       0x10 ./drivers/fsl_uart.o
                0x000022fc                UART1_RX_TX_DriverIRQHandler
 .text.UART2_DriverIRQHandler
                0x0000230c       0x28 ./drivers/fsl_uart.o
                0x0000230c                UART2_DriverIRQHandler
 .text.UART2_RX_TX_DriverIRQHandler
                0x00002334       0x10 ./drivers/fsl_uart.o
                0x00002334                UART2_RX_TX_DriverIRQHandler
 .text.UART3_DriverIRQHandler
                0x00002344       0x28 ./drivers/fsl_uart.o
                0x00002344                UART3_DriverIRQHandler
 .text.UART3_RX_TX_DriverIRQHandler
                0x0000236c       0x10 ./drivers/fsl_uart.o
                0x0000236c                UART3_RX_TX_DriverIRQHandler
 .text.UART4_DriverIRQHandler
                0x0000237c       0x28 ./drivers/fsl_uart.o
                0x0000237c                UART4_DriverIRQHandler
 .text.UART4_RX_TX_DriverIRQHandler
                0x000023a4       0x10 ./drivers/fsl_uart.o
                0x000023a4                UART4_RX_TX_DriverIRQHandler
 .text.BOARD_InitDebugConsole
                0x000023b4       0x28 ./board/board.o
                0x000023b4                BOARD_InitDebugConsole
 .text.CLOCK_SetSimSafeDivs
                0x000023dc       0x24 ./board/clock_config.o
 .text.CLOCK_SetXtal0Freq
                0x00002400       0x20 ./board/clock_config.o
 .text.BOARD_InitBootClocks
                0x00002420        0xc ./board/clock_config.o
                0x00002420                BOARD_InitBootClocks
 .text.CLOCK_CONFIG_SetFllExtRefDiv
                0x0000242c       0x3c ./board/clock_config.o
 .text.BOARD_BootClockRUN
                0x00002468       0x60 ./board/clock_config.o
                0x00002468                BOARD_BootClockRUN
 .text.BOARD_InitBootPeripherals
                0x000024c8        0xe ./board/peripherals.o
                0x000024c8                BOARD_InitBootPeripherals
 .text.CLOCK_EnableClock
                0x000024d6       0x36 ./board/pin_mux.o
 .text.PORT_SetPinMux
                0x0000250c       0x3a ./board/pin_mux.o
 .text.BOARD_InitBootPins
                0x00002546        0xc ./board/pin_mux.o
                0x00002546                BOARD_InitBootPins
 *fill*         0x00002552        0x2 ff
 .text.BOARD_InitPins
                0x00002554       0x48 ./board/pin_mux.o
                0x00002554                BOARD_InitPins
 .text.SystemInit
                0x0000259c       0x40 ./CMSIS/system_MK66F18.o
                0x0000259c                SystemInit
 .text.__main   0x000025dc        0xe c:/nxp/mcuxpressoide_10.1.0_589/ide/tools/bin/../lib/gcc/arm-none-eabi/6.3.1/../../../../arm-none-eabi/lib/thumb/v7e-m/fpv4-sp/hard\libcr_semihost_nf.a(_cr__main.o)
                0x000025dc                __CR_SEMIHOST
                0x000025dc                __main
 *fill*         0x000025ea        0x2 ff
 .text.__assertion_failed
                0x000025ec       0x4c c:/nxp/mcuxpressoide_10.1.0_589/ide/tools/bin/../lib/gcc/arm-none-eabi/6.3.1/../../../../arm-none-eabi/lib/thumb/v7e-m/fpv4-sp/hard\libcr_semihost_nf.a(_cr_assert.o)
                0x000025ec                __assertion_failed
 .text.__sys_appexit
                0x00002638        0xc c:/nxp/mcuxpressoide_10.1.0_589/ide/tools/bin/../lib/gcc/arm-none-eabi/6.3.1/../../../../arm-none-eabi/lib/thumb/v7e-m/fpv4-sp/hard\libcr_semihost_nf.a(__sys_appexit.o)
                0x00002638                __sys_appexit
                0x00002638                __exit
 .text.memset   0x00002644        0x4 c:/nxp/mcuxpressoide_10.1.0_589/ide/tools/bin/../lib/gcc/arm-none-eabi/6.3.1/../../../../arm-none-eabi/lib/thumb/v7e-m/fpv4-sp/hard\libcr_c.a(memset.o)
                0x00002644                memset
 .text._deferredlazyseek
                0x00002648       0x40 c:/nxp/mcuxpressoide_10.1.0_589/ide/tools/bin/../lib/gcc/arm-none-eabi/6.3.1/../../../../arm-none-eabi/lib/thumb/v7e-m/fpv4-sp/hard\libcr_c.a(_deferredlazyseek.o)
                0x00002648                _deferredlazyseek
 .text.__flsbuf
                0x00002688      0x148 c:/nxp/mcuxpressoide_10.1.0_589/ide/tools/bin/../lib/gcc/arm-none-eabi/6.3.1/../../../../arm-none-eabi/lib/thumb/v7e-m/fpv4-sp/hard\libcr_c.a(_deferredlazyseek.o)
                0x00002688                __flsbuf
 .text._fflush  0x000027d0       0x54 c:/nxp/mcuxpressoide_10.1.0_589/ide/tools/bin/../lib/gcc/arm-none-eabi/6.3.1/../../../../arm-none-eabi/lib/thumb/v7e-m/fpv4-sp/hard\libcr_c.a(_fflush.o)
                0x000027d0                _fflush
 .text._Cwritebuf
                0x00002824       0x6c c:/nxp/mcuxpressoide_10.1.0_589/ide/tools/bin/../lib/gcc/arm-none-eabi/6.3.1/../../../../arm-none-eabi/lib/thumb/v7e-m/fpv4-sp/hard\libcr_c.a(_writebuf.o)
                0x00002824                _Cwritebuf
 .text.malloc   0x00002890       0xc4 c:/nxp/mcuxpressoide_10.1.0_589/ide/tools/bin/../lib/gcc/arm-none-eabi/6.3.1/../../../../arm-none-eabi/lib/thumb/v7e-m/fpv4-sp/hard\libcr_c.a(alloc.o)
                0x00002890                malloc
 .text.free     0x00002954       0x30 c:/nxp/mcuxpressoide_10.1.0_589/ide/tools/bin/../lib/gcc/arm-none-eabi/6.3.1/../../../../arm-none-eabi/lib/thumb/v7e-m/fpv4-sp/hard\libcr_c.a(alloc.o)
                0x00002954                free
 .text._Csys_alloc
                0x00002984       0x20 c:/nxp/mcuxpressoide_10.1.0_589/ide/tools/bin/../lib/gcc/arm-none-eabi/6.3.1/../../../../arm-none-eabi/lib/thumb/v7e-m/fpv4-sp/hard\libcr_c.a(alloc.o)
                0x00002984                _Csys_alloc
 .text.fp_round
                0x000029a4       0x4e c:/nxp/mcuxpressoide_10.1.0_589/ide/tools/bin/../lib/gcc/arm-none-eabi/6.3.1/../../../../arm-none-eabi/lib/thumb/v7e-m/fpv4-sp/hard\libcr_c.a(fpprintf.o)
 .text.pr_dec.constprop.1
                0x000029f2       0x26 c:/nxp/mcuxpressoide_10.1.0_589/ide/tools/bin/../lib/gcc/arm-none-eabi/6.3.1/../../../../arm-none-eabi/lib/thumb/v7e-m/fpv4-sp/hard\libcr_c.a(fpprintf.o)
 .text.sprintf  0x00002a18       0x6c c:/nxp/mcuxpressoide_10.1.0_589/ide/tools/bin/../lib/gcc/arm-none-eabi/6.3.1/../../../../arm-none-eabi/lib/thumb/v7e-m/fpv4-sp/hard\libcr_c.a(fpprintf.o)
                0x00002a18                sprintf
 *fill*         0x00002a84        0x4 ff
 .text.fp_display
                0x00002a88      0x96c c:/nxp/mcuxpressoide_10.1.0_589/ide/tools/bin/../lib/gcc/arm-none-eabi/6.3.1/../../../../arm-none-eabi/lib/thumb/v7e-m/fpv4-sp/hard\libcr_c.a(fpprintf.o)
 .text.vsnprintf
                0x000033f4       0x5c c:/nxp/mcuxpressoide_10.1.0_589/ide/tools/bin/../lib/gcc/arm-none-eabi/6.3.1/../../../../arm-none-eabi/lib/thumb/v7e-m/fpv4-sp/hard\libcr_c.a(fpprintf.o)
                0x000033f4                vsnprintf
 .text.printf   0x00003450       0x54 c:/nxp/mcuxpressoide_10.1.0_589/ide/tools/bin/../lib/gcc/arm-none-eabi/6.3.1/../../../../arm-none-eabi/lib/thumb/v7e-m/fpv4-sp/hard\libcr_c.a(fpprintf.o)
                0x00003450                printf
 .text.fputs    0x000034a4       0x2c c:/nxp/mcuxpressoide_10.1.0_589/ide/tools/bin/../lib/gcc/arm-none-eabi/6.3.1/../../../../arm-none-eabi/lib/thumb/v7e-m/fpv4-sp/hard\libcr_c.a(fputs.o)
                0x000034a4                fputs
 .text.fseek    0x000034d0      0x100 c:/nxp/mcuxpressoide_10.1.0_589/ide/tools/bin/../lib/gcc/arm-none-eabi/6.3.1/../../../../arm-none-eabi/lib/thumb/v7e-m/fpv4-sp/hard\libcr_c.a(fseek.o)
                0x000034d0                fseek
 .text.ftell    0x000035d0       0x48 c:/nxp/mcuxpressoide_10.1.0_589/ide/tools/bin/../lib/gcc/arm-none-eabi/6.3.1/../../../../arm-none-eabi/lib/thumb/v7e-m/fpv4-sp/hard\libcr_c.a(ftell.o)
                0x000035d0                ftell
 .text._initio  0x00003618       0x78 c:/nxp/mcuxpressoide_10.1.0_589/ide/tools/bin/../lib/gcc/arm-none-eabi/6.3.1/../../../../arm-none-eabi/lib/thumb/v7e-m/fpv4-sp/hard\libcr_c.a(initio.o)
                0x00003618                _initio
 .text.__vfprintf
                0x00003690      0xb7c c:/nxp/mcuxpressoide_10.1.0_589/ide/tools/bin/../lib/gcc/arm-none-eabi/6.3.1/../../../../arm-none-eabi/lib/thumb/v7e-m/fpv4-sp/hard\libcr_c.a(printf.o)
                0x00003690                __vfprintf
 .text.setvbuf  0x0000420c       0x40 c:/nxp/mcuxpressoide_10.1.0_589/ide/tools/bin/../lib/gcc/arm-none-eabi/6.3.1/../../../../arm-none-eabi/lib/thumb/v7e-m/fpv4-sp/hard\libcr_c.a(setvbuf.o)
                0x0000420c                setvbuf
 .text.strlen   0x0000424c       0x4a c:/nxp/mcuxpressoide_10.1.0_589/ide/tools/bin/../lib/gcc/arm-none-eabi/6.3.1/../../../../arm-none-eabi/lib/thumb/v7e-m/fpv4-sp/hard\libcr_c.a(strlen.o)
                0x0000424c                strlen
 *fill*         0x00004296        0x2 ff
 .text._sbrk    0x00004298       0x3c c:/nxp/mcuxpressoide_10.1.0_589/ide/tools/bin/../lib/gcc/arm-none-eabi/6.3.1/../../../../arm-none-eabi/lib/thumb/v7e-m/fpv4-sp/hard\libcr_c.a(_cr_sbrk.o)
                0x00004298                _sbrk
 .text._fdopen  0x000042d4       0x68 c:/nxp/mcuxpressoide_10.1.0_589/ide/tools/bin/../lib/gcc/arm-none-eabi/6.3.1/../../../../arm-none-eabi/lib/thumb/v7e-m/fpv4-sp/hard\libcr_c.a(_fdopen.o)
                0x000042d4                _fdopen
 *fill*         0x0000433c        0x4 ff
 .text._frexpl  0x00004340       0x70 c:/nxp/mcuxpressoide_10.1.0_589/ide/tools/bin/../lib/gcc/arm-none-eabi/6.3.1/../../../../arm-none-eabi/lib/thumb/v7e-m/fpv4-sp/hard\libcr_c.a(_frexpl.o)
                0x00004340                _frexpl
 .text._ldexpl  0x000043b0       0x58 c:/nxp/mcuxpressoide_10.1.0_589/ide/tools/bin/../lib/gcc/arm-none-eabi/6.3.1/../../../../arm-none-eabi/lib/thumb/v7e-m/fpv4-sp/hard\libcr_c.a(_ldexpl.o)
                0x000043b0                _ldexpl
 .text.fclose   0x00004408       0x58 c:/nxp/mcuxpressoide_10.1.0_589/ide/tools/bin/../lib/gcc/arm-none-eabi/6.3.1/../../../../arm-none-eabi/lib/thumb/v7e-m/fpv4-sp/hard\libcr_c.a(fclose.o)
                0x00004408                fclose
 .text.fflush   0x00004460       0x44 c:/nxp/mcuxpressoide_10.1.0_589/ide/tools/bin/../lib/gcc/arm-none-eabi/6.3.1/../../../../arm-none-eabi/lib/thumb/v7e-m/fpv4-sp/hard\libcr_c.a(fflush.o)
                0x00004460                fflush
 .text.remove   0x000044a4       0x14 c:/nxp/mcuxpressoide_10.1.0_589/ide/tools/bin/../lib/gcc/arm-none-eabi/6.3.1/../../../../arm-none-eabi/lib/thumb/v7e-m/fpv4-sp/hard\libcr_c.a(remove.o)
                0x000044a4                remove
 .text.__check_heap_overflow
                0x000044b8       0x18 c:/nxp/mcuxpressoide_10.1.0_589/ide/tools/bin/../lib/gcc/arm-none-eabi/6.3.1/../../../../arm-none-eabi/lib/thumb/v7e-m/fpv4-sp/hard\libcr_c.a(_cr_check_heap.o)
                0x000044b8                __check_heap_overflow
 .text._do_fflush
                0x000044d0       0x40 c:/nxp/mcuxpressoide_10.1.0_589/ide/tools/bin/../lib/gcc/arm-none-eabi/6.3.1/../../../../arm-none-eabi/lib/thumb/v7e-m/fpv4-sp/hard\libcr_c.a(_do_fflush.o)
                0x000044d0                _do_fflush
 .text.__aeabi_dmul
                0x00004510      0x118 c:/nxp/mcuxpressoide_10.1.0_589/ide/tools/bin/../lib/gcc/arm-none-eabi/6.3.1/thumb/v7e-m/fpv4-sp/hard\libcr_eabihelpers.a(double.o)
                0x00004510                __aeabi_dmul
 .text.__aeabi_ddiv
                0x00004628      0x13c c:/nxp/mcuxpressoide_10.1.0_589/ide/tools/bin/../lib/gcc/arm-none-eabi/6.3.1/thumb/v7e-m/fpv4-sp/hard\libcr_eabihelpers.a(double.o)
                0x00004628                __aeabi_ddiv
 .text.__aeabi_dsub
                0x00004764      0x1cc c:/nxp/mcuxpressoide_10.1.0_589/ide/tools/bin/../lib/gcc/arm-none-eabi/6.3.1/thumb/v7e-m/fpv4-sp/hard\libcr_eabihelpers.a(double.o)
                0x00004764                __aeabi_dsub
 .text.__aeabi_dadd
                0x00004930      0x114 c:/nxp/mcuxpressoide_10.1.0_589/ide/tools/bin/../lib/gcc/arm-none-eabi/6.3.1/thumb/v7e-m/fpv4-sp/hard\libcr_eabihelpers.a(double.o)
                0x00004930                __aeabi_dadd
 .text.__aeabi_d2iz
                0x00004a44       0x40 c:/nxp/mcuxpressoide_10.1.0_589/ide/tools/bin/../lib/gcc/arm-none-eabi/6.3.1/thumb/v7e-m/fpv4-sp/hard\libcr_eabihelpers.a(double.o)
                0x00004a44                __aeabi_d2iz
 .text.__bhs_ui2d
                0x00004a84       0x46 c:/nxp/mcuxpressoide_10.1.0_589/ide/tools/bin/../lib/gcc/arm-none-eabi/6.3.1/thumb/v7e-m/fpv4-sp/hard\libcr_eabihelpers.a(double.o)
                0x00004a84                __bhs_ui2d
 .text.__aeabi_i2d
                0x00004aca       0x12 c:/nxp/mcuxpressoide_10.1.0_589/ide/tools/bin/../lib/gcc/arm-none-eabi/6.3.1/thumb/v7e-m/fpv4-sp/hard\libcr_eabihelpers.a(double.o)
                0x00004aca                __aeabi_i2d
 .text.__aeabi_dcmpeq
                0x00004adc       0x30 c:/nxp/mcuxpressoide_10.1.0_589/ide/tools/bin/../lib/gcc/arm-none-eabi/6.3.1/thumb/v7e-m/fpv4-sp/hard\libcr_eabihelpers.a(double.o)
                0x00004adc                __aeabi_dcmpeq
 .text.__aeabi_dcmplt
                0x00004b0c       0x58 c:/nxp/mcuxpressoide_10.1.0_589/ide/tools/bin/../lib/gcc/arm-none-eabi/6.3.1/thumb/v7e-m/fpv4-sp/hard\libcr_eabihelpers.a(double.o)
                0x00004b0c                __aeabi_dcmplt
 .text.__aeabi_dcmple
                0x00004b64       0x54 c:/nxp/mcuxpressoide_10.1.0_589/ide/tools/bin/../lib/gcc/arm-none-eabi/6.3.1/thumb/v7e-m/fpv4-sp/hard\libcr_eabihelpers.a(double.o)
                0x00004b64                __aeabi_dcmple
 .text.__aeabi_dcmpge
                0x00004bb8       0x54 c:/nxp/mcuxpressoide_10.1.0_589/ide/tools/bin/../lib/gcc/arm-none-eabi/6.3.1/thumb/v7e-m/fpv4-sp/hard\libcr_eabihelpers.a(double.o)
                0x00004bb8                __aeabi_dcmpge
 .text.__aeabi_memset_lowlevel
                0x00004c0c       0x32 c:/nxp/mcuxpressoide_10.1.0_589/ide/tools/bin/../lib/gcc/arm-none-eabi/6.3.1/thumb/v7e-m/fpv4-sp/hard\libcr_eabihelpers.a(memcpy.o)
                0x00004c0c                __aeabi_lowlevel_memset
 .text.__sys_close
                0x00004c3e        0xc c:/nxp/mcuxpressoide_10.1.0_589/ide/tools/bin/../lib/gcc/arm-none-eabi/6.3.1/../../../../arm-none-eabi/lib/thumb/v7e-m/fpv4-sp/hard\libcr_semihost_nf.a(__sys_close.o)
                0x00004c3e                __sys_close
 .text.__sys_flen
                0x00004c4a        0xc c:/nxp/mcuxpressoide_10.1.0_589/ide/tools/bin/../lib/gcc/arm-none-eabi/6.3.1/../../../../arm-none-eabi/lib/thumb/v7e-m/fpv4-sp/hard\libcr_semihost_nf.a(__sys_flen.o)
                0x00004c4a                __sys_flen
 .text.__sys_istty
                0x00004c56        0xc c:/nxp/mcuxpressoide_10.1.0_589/ide/tools/bin/../lib/gcc/arm-none-eabi/6.3.1/../../../../arm-none-eabi/lib/thumb/v7e-m/fpv4-sp/hard\libcr_semihost_nf.a(__sys_istty.o)
                0x00004c56                __sys_istty
 .text.__sys_remove
                0x00004c62        0xc c:/nxp/mcuxpressoide_10.1.0_589/ide/tools/bin/../lib/gcc/arm-none-eabi/6.3.1/../../../../arm-none-eabi/lib/thumb/v7e-m/fpv4-sp/hard\libcr_semihost_nf.a(__sys_remove.o)
                0x00004c62                __sys_remove
 .text.__sys_seek
                0x00004c6e        0xc c:/nxp/mcuxpressoide_10.1.0_589/ide/tools/bin/../lib/gcc/arm-none-eabi/6.3.1/../../../../arm-none-eabi/lib/thumb/v7e-m/fpv4-sp/hard\libcr_semihost_nf.a(__sys_seek.o)
                0x00004c6e                __sys_seek
 .text.__sys_tmpnam
                0x00004c7a        0xc c:/nxp/mcuxpressoide_10.1.0_589/ide/tools/bin/../lib/gcc/arm-none-eabi/6.3.1/../../../../arm-none-eabi/lib/thumb/v7e-m/fpv4-sp/hard\libcr_semihost_nf.a(__sys_tmpnam.o)
                0x00004c7a                __sys_tmpnam
 .text.__sys_write
                0x00004c86        0xc c:/nxp/mcuxpressoide_10.1.0_589/ide/tools/bin/../lib/gcc/arm-none-eabi/6.3.1/../../../../arm-none-eabi/lib/thumb/v7e-m/fpv4-sp/hard\libcr_semihost_nf.a(__sys_write.o)
                0x00004c86                __sys_write
 *(.rodata .rodata.* .constdata .constdata.*)
 *fill*         0x00004c92        0x2 ff
 .rodata        0x00004c94       0x50 ./utilities/fsl_debug_console.o
 .rodata        0x00004ce4       0x27 ./utilities/fsl_io.o
 *fill*         0x00004d0b        0x1 ff
 .rodata        0x00004d0c        0xd ./source/main.o
 *fill*         0x00004d19        0x3 ff
 .rodata        0x00004d1c      0x2a1 ./drivers/fsl_clock.o
 *fill*         0x00004fbd        0x3 ff
 .rodata.fllFactorTable.7897
                0x00004fc0       0x10 ./drivers/fsl_clock.o
 .rodata        0x00004fd0      0x509 ./drivers/fsl_dspi.o
 *fill*         0x000054d9        0x3 ff
 .rodata        0x000054dc      0xbef ./drivers/fsl_edma.o
 *fill*         0x000060cb        0x1 ff
 .rodata        0x000060cc      0x4da ./drivers/fsl_lpuart.o
 *fill*         0x000065a6        0x2 ff
 .rodata        0x000065a8      0x296 ./drivers/fsl_sai.o
 *fill*         0x0000683e        0x2 ff
 .rodata        0x00006840      0x5cd ./drivers/fsl_sdhc.o
 *fill*         0x00006e0d        0x3 ff
 .rodata.s_uartBases
                0x00006e10       0x14 ./drivers/fsl_uart.o
 .rodata.s_uartClock
                0x00006e24       0x14 ./drivers/fsl_uart.o
 .rodata        0x00006e38      0x513 ./drivers/fsl_uart.o
 *fill*         0x0000734b        0x1 ff
 .rodata.mcgConfig_BOARD_BootClockRUN
                0x0000734c        0xc ./board/clock_config.o
                0x0000734c                mcgConfig_BOARD_BootClockRUN
 .rodata.simConfig_BOARD_BootClockRUN
                0x00007358        0x8 ./board/clock_config.o
                0x00007358                simConfig_BOARD_BootClockRUN
 .rodata.oscConfig_BOARD_BootClockRUN
                0x00007360        0x8 ./board/clock_config.o
                0x00007360                oscConfig_BOARD_BootClockRUN
 .rodata.__assertion_failed.str1.1
                0x00007368       0x15 c:/nxp/mcuxpressoide_10.1.0_589/ide/tools/bin/../lib/gcc/arm-none-eabi/6.3.1/../../../../arm-none-eabi/lib/thumb/v7e-m/fpv4-sp/hard\libcr_semihost_nf.a(_cr_assert.o)
 *fill*         0x0000737d        0x3 ff
 .rodata.__num_Ciob_streams
                0x00007380        0x4 c:/nxp/mcuxpressoide_10.1.0_589/ide/tools/bin/../lib/gcc/arm-none-eabi/6.3.1/../../../../arm-none-eabi/lib/thumb/v7e-m/fpv4-sp/hard\libcr_semihost_nf.a(__ciob.o)
                0x00007380                __num_Ciob_streams
 .rodata._Csys_alloc.str1.1
                0x00007384       0x18 c:/nxp/mcuxpressoide_10.1.0_589/ide/tools/bin/../lib/gcc/arm-none-eabi/6.3.1/../../../../arm-none-eabi/lib/thumb/v7e-m/fpv4-sp/hard\libcr_c.a(alloc.o)
 .rodata.fp_display.str1.1
                0x0000739c       0x32 c:/nxp/mcuxpressoide_10.1.0_589/ide/tools/bin/../lib/gcc/arm-none-eabi/6.3.1/../../../../arm-none-eabi/lib/thumb/v7e-m/fpv4-sp/hard\libcr_c.a(fpprintf.o)
                                 0x35 (size before relaxing)
 .rodata._initio.str1.1
                0x000073ce        0x4 c:/nxp/mcuxpressoide_10.1.0_589/ide/tools/bin/../lib/gcc/arm-none-eabi/6.3.1/../../../../arm-none-eabi/lib/thumb/v7e-m/fpv4-sp/hard\libcr_c.a(initio.o)
 .rodata.__vfprintf.str1.1
                0x000073d2       0x31 c:/nxp/mcuxpressoide_10.1.0_589/ide/tools/bin/../lib/gcc/arm-none-eabi/6.3.1/../../../../arm-none-eabi/lib/thumb/v7e-m/fpv4-sp/hard\libcr_c.a(printf.o)
                                 0x38 (size before relaxing)
 *fill*         0x00007403        0x5 ff
 .rodata.__huge_vall
                0x00007408        0x8 c:/nxp/mcuxpressoide_10.1.0_589/ide/tools/bin/../lib/gcc/arm-none-eabi/6.3.1/../../../../arm-none-eabi/lib/thumb/v7e-m/fpv4-sp/hard\libcr_c.a(_hugeval.o)
                0x00007408                __huge_vall
                0x00007410                . = ALIGN (0x4)

.glue_7         0x00007410        0x0
 .glue_7        0x00007410        0x0 linker stubs

.glue_7t        0x00007410        0x0
 .glue_7t       0x00007410        0x0 linker stubs

.vfp11_veneer   0x00007410        0x0
 .vfp11_veneer  0x00007410        0x0 linker stubs

.v4_bx          0x00007410        0x0
 .v4_bx         0x00007410        0x0 linker stubs

.iplt           0x00007410        0x0
 .iplt          0x00007410        0x0 ./utilities/fsl_debug_console.o

.rel.dyn        0x00007410        0x0
 .rel.iplt      0x00007410        0x0 ./utilities/fsl_debug_console.o

.ARM.extab
 *(.ARM.extab* .gnu.linkonce.armextab.*)
                0x00007410                __exidx_start = .

.ARM.exidx
 *(.ARM.exidx* .gnu.linkonce.armexidx.*)
                0x00007410                __exidx_end = .
                0x00007410                _etext = .

.m_usb_data
 *(m_usb_bdt)

.data_RAM2      0x1fff0000        0x0 load address 0x00007410
 FILL mask 0xff
                [!provide]                PROVIDE (__start_data_RAM2, .)
 *(.ramfunc.$RAM2)
 *(.ramfunc.$SRAM_LOWER)
 *(.data.$RAM2*)
 *(.data.$SRAM_LOWER*)
                0x1fff0000                . = ALIGN (0x4)
                [!provide]                PROVIDE (__end_data_RAM2, .)

.data_RAM3      0x14000000        0x0 load address 0x00007410
 FILL mask 0xff
                [!provide]                PROVIDE (__start_data_RAM3, .)
 *(.ramfunc.$RAM3)
 *(.ramfunc.$FLEX_RAM)
 *(.data.$RAM3*)
 *(.data.$FLEX_RAM*)
                0x14000000                . = ALIGN (0x4)
                [!provide]                PROVIDE (__end_data_RAM3, .)

.uninit_RESERVED
                0x20000000        0x0
 *(.bss.$RESERVED*)
                0x20000000                . = ALIGN (0x4)
                0x20000000                _end_uninit_RESERVED = .

.data           0x20000000        0xc load address 0x00007410
 FILL mask 0xff
                0x20000000                _data = .
 *(vtable)
 *(.ramfunc*)
 *(.data*)
 .data.s_slowIrcFreq
                0x20000000        0x4 ./drivers/fsl_clock.o
 .data.s_fastIrcFreq
                0x20000004        0x4 ./drivers/fsl_clock.o
 .data.SystemCoreClock
                0x20000008        0x4 ./CMSIS/system_MK66F18.o
                0x20000008                SystemCoreClock
                0x2000000c                . = ALIGN (0x4)
                0x2000000c                _edata = .

.igot.plt       0x2000000c        0x0 load address 0x0000741c
 .igot.plt      0x2000000c        0x0 ./utilities/fsl_debug_console.o

.bss_RAM2       0x1fff0000        0x0
                [!provide]                PROVIDE (__start_bss_RAM2, .)
 *(.bss.$RAM2*)
 *(.bss.$SRAM_LOWER*)
                0x1fff0000                . = ALIGN ((. != 0x0)?0x4:0x1)
                [!provide]                PROVIDE (__end_bss_RAM2, .)

.bss_RAM3       0x14000000        0x0
                [!provide]                PROVIDE (__start_bss_RAM3, .)
 *(.bss.$RAM3*)
 *(.bss.$FLEX_RAM*)
                0x14000000                . = ALIGN ((. != 0x0)?0x4:0x1)
                [!provide]                PROVIDE (__end_bss_RAM3, .)

.bss            0x2000000c      0x1bc
                0x2000000c                _bss = .
 *(.bss*)
 .bss.s_debugConsoleIO
                0x2000000c        0x8 ./utilities/fsl_io.o
 .bss.i.7969    0x20000014        0x4 ./source/main.o
 .bss.s_extPllFreq
                0x20000018        0x4 ./drivers/fsl_clock.o
 .bss.g_xtal0Freq
                0x2000001c        0x4 ./drivers/fsl_clock.o
                0x2000001c                g_xtal0Freq
 .bss.g_xtal32Freq
                0x20000020        0x4 ./drivers/fsl_clock.o
                0x20000020                g_xtal32Freq
 .bss.g_dspiHandle
                0x20000024        0xc ./drivers/fsl_dspi.o
 .bss.s_dspiMasterIsr
                0x20000030        0x4 ./drivers/fsl_dspi.o
 .bss.s_dspiSlaveIsr
                0x20000034        0x4 ./drivers/fsl_dspi.o
 .bss.s_EDMAHandle
                0x20000038       0x80 ./drivers/fsl_edma.o
 .bss.s_i2cHandle
                0x200000b8       0x10 ./drivers/fsl_i2c.o
 .bss.s_i2cMasterIsr
                0x200000c8        0x4 ./drivers/fsl_i2c.o
 .bss.s_i2cSlaveIsr
                0x200000cc        0x4 ./drivers/fsl_i2c.o
 .bss.s_lpuartHandle
                0x200000d0        0x4 ./drivers/fsl_lpuart.o
 .bss.s_lpuartIsr
                0x200000d4        0x4 ./drivers/fsl_lpuart.o
 .bss.s_saiHandle
                0x200000d8        0x8 ./drivers/fsl_sai.o
                0x200000d8                s_saiHandle
 .bss.s_saiTxIsr
                0x200000e0        0x4 ./drivers/fsl_sai.o
 .bss.s_saiRxIsr
                0x200000e4        0x4 ./drivers/fsl_sai.o
 .bss.s_sdhcHandle
                0x200000e8        0x4 ./drivers/fsl_sdhc.o
 .bss.s_sdhcIsr
                0x200000ec        0x4 ./drivers/fsl_sdhc.o
 .bss.s_uartHandle
                0x200000f0       0x14 ./drivers/fsl_uart.o
 .bss.s_uartIsr
                0x20000104        0x4 ./drivers/fsl_uart.o
 .bss.__Ciob    0x20000108       0xb4 c:/nxp/mcuxpressoide_10.1.0_589/ide/tools/bin/../lib/gcc/arm-none-eabi/6.3.1/../../../../arm-none-eabi/lib/thumb/v7e-m/fpv4-sp/hard\libcr_semihost_nf.a(__ciob.o)
                0x20000108                __Ciob
 .bss.__end_of_heap
                0x200001bc        0x4 c:/nxp/mcuxpressoide_10.1.0_589/ide/tools/bin/../lib/gcc/arm-none-eabi/6.3.1/../../../../arm-none-eabi/lib/thumb/v7e-m/fpv4-sp/hard\libcr_c.a(__init_alloc.o)
                0x200001bc                __end_of_heap
 .bss.__heaps   0x200001c0        0x4 c:/nxp/mcuxpressoide_10.1.0_589/ide/tools/bin/../lib/gcc/arm-none-eabi/6.3.1/../../../../arm-none-eabi/lib/thumb/v7e-m/fpv4-sp/hard\libcr_c.a(__init_alloc.o)
                0x200001c0                __heaps
 .bss.errno     0x200001c4        0x4 c:/nxp/mcuxpressoide_10.1.0_589/ide/tools/bin/../lib/gcc/arm-none-eabi/6.3.1/../../../../arm-none-eabi/lib/thumb/v7e-m/fpv4-sp/hard\libcr_c.a(errno.o)
                0x200001c4                errno
 *(COMMON)
                0x200001c8                . = ALIGN (0x4)
                0x200001c8                _ebss = .
                [!provide]                PROVIDE (end, .)

.noinit_RAM2    0x1fff0000        0x0
 *(.noinit.$RAM2*)
 *(.noinit.$SRAM_LOWER*)
                0x1fff0000                . = ALIGN (0x4)

.noinit_RAM3    0x14000000        0x0
 *(.noinit.$RAM3*)
 *(.noinit.$FLEX_RAM*)
                0x14000000                . = ALIGN (0x4)

.noinit         0x200001c8        0x0
                0x200001c8                _noinit = .
 *(.noinit*)
                0x200001c8                . = ALIGN (0x4)
                0x200001c8                _end_noinit = .
                0x00001000                _HeapSize = 0x1000

.heap           0x200001c8     0x1000
                0x200001c8                _pvHeapStart = .
                0x200011c8                . = (. + _HeapSize)
 *fill*         0x200001c8     0x1000 
                0x200011c8                . = ALIGN (0x4)
                0x200011c8                _pvHeapLimit = .
                0x00001000                _StackSize = 0x1000

.heap2stackfill
                0x200011c8     0x1000
                0x200021c8                . = (. + _StackSize)
 *fill*         0x200011c8     0x1000 

.stack          0x2002f000        0x0
                0x2002f000                _vStackBase = .
                0x2002f000                . = ALIGN (0x4)
                0x20030000                _vStackTop = (. + _StackSize)
                0x00000000                _image_start = LOADADDR (.text)
                0x0000741c                _image_end = (LOADADDR (.data) + SIZEOF (.data))
                0x0000741c                _image_size = (_image_end - _image_start)
OUTPUT(WaveBee.axf elf32-littlearm)

.debug_info     0x00000000    0x147b0
 .debug_info    0x00000000      0x2c3 ./utilities/fsl_debug_console.o
 .debug_info    0x000002c3      0xc38 ./utilities/fsl_io.o
 .debug_info    0x00000efb      0x340 ./utilities/fsl_log.o
 .debug_info    0x0000123b      0x9b3 ./startup/startup_mk66f18.o
 .debug_info    0x00001bee      0x5bc ./source/main.o
 .debug_info    0x000021aa       0x3b ./source/semihost_hardfault.o
 .debug_info    0x000021e5     0x2584 ./drivers/fsl_clock.o
 .debug_info    0x00004769     0x2366 ./drivers/fsl_dspi.o
 .debug_info    0x00006acf     0x27a6 ./drivers/fsl_edma.o
 .debug_info    0x00009275     0x1ce4 ./drivers/fsl_i2c.o
 .debug_info    0x0000af59     0x18b6 ./drivers/fsl_lpuart.o
 .debug_info    0x0000c80f     0x1dd0 ./drivers/fsl_sai.o
 .debug_info    0x0000e5df     0x21fa ./drivers/fsl_sdhc.o
 .debug_info    0x000107d9     0x1adb ./drivers/fsl_uart.o
 .debug_info    0x000122b4      0x838 ./board/board.o
 .debug_info    0x00012aec      0xbbc ./board/clock_config.o
 .debug_info    0x000136a8       0x3b ./board/peripherals.o
 .debug_info    0x000136e3      0x6e8 ./board/pin_mux.o
 .debug_info    0x00013dcb      0x9e5 ./CMSIS/system_MK66F18.o

.debug_abbrev   0x00000000     0x2624
 .debug_abbrev  0x00000000      0x105 ./utilities/fsl_debug_console.o
 .debug_abbrev  0x00000105      0x229 ./utilities/fsl_io.o
 .debug_abbrev  0x0000032e      0x17e ./utilities/fsl_log.o
 .debug_abbrev  0x000004ac      0x15c ./startup/startup_mk66f18.o
 .debug_abbrev  0x00000608      0x12c ./source/main.o
 .debug_abbrev  0x00000734       0x2f ./source/semihost_hardfault.o
 .debug_abbrev  0x00000763      0x31f ./drivers/fsl_clock.o
 .debug_abbrev  0x00000a82      0x33e ./drivers/fsl_dspi.o
 .debug_abbrev  0x00000dc0      0x394 ./drivers/fsl_edma.o
 .debug_abbrev  0x00001154      0x33e ./drivers/fsl_i2c.o
 .debug_abbrev  0x00001492      0x2cd ./drivers/fsl_lpuart.o
 .debug_abbrev  0x0000175f      0x2cd ./drivers/fsl_sai.o
 .debug_abbrev  0x00001a2c      0x2af ./drivers/fsl_sdhc.o
 .debug_abbrev  0x00001cdb      0x2ff ./drivers/fsl_uart.o
 .debug_abbrev  0x00001fda      0x15a ./board/board.o
 .debug_abbrev  0x00002134      0x1f0 ./board/clock_config.o
 .debug_abbrev  0x00002324       0x2f ./board/peripherals.o
 .debug_abbrev  0x00002353      0x195 ./board/pin_mux.o
 .debug_abbrev  0x000024e8      0x13c ./CMSIS/system_MK66F18.o

.debug_aranges  0x00000000     0x1458
 .debug_aranges
                0x00000000       0x30 ./utilities/fsl_debug_console.o
 .debug_aranges
                0x00000030       0x58 ./utilities/fsl_io.o
 .debug_aranges
                0x00000088       0x58 ./utilities/fsl_log.o
 .debug_aranges
                0x000000e0      0x3a0 ./startup/startup_mk66f18.o
 .debug_aranges
                0x00000480       0x20 ./source/main.o
 .debug_aranges
                0x000004a0       0x20 ./source/semihost_hardfault.o
 .debug_aranges
                0x000004c0      0x248 ./drivers/fsl_clock.o
 .debug_aranges
                0x00000708      0x1d0 ./drivers/fsl_dspi.o
 .debug_aranges
                0x000008d8      0x350 ./drivers/fsl_edma.o
 .debug_aranges
                0x00000c28      0x188 ./drivers/fsl_i2c.o
 .debug_aranges
                0x00000db0      0x118 ./drivers/fsl_lpuart.o
 .debug_aranges
                0x00000ec8      0x198 ./drivers/fsl_sai.o
 .debug_aranges
                0x00001060      0x198 ./drivers/fsl_sdhc.o
 .debug_aranges
                0x000011f8      0x160 ./drivers/fsl_uart.o
 .debug_aranges
                0x00001358       0x20 ./board/board.o
 .debug_aranges
                0x00001378       0x60 ./board/clock_config.o
 .debug_aranges
                0x000013d8       0x20 ./board/peripherals.o
 .debug_aranges
                0x000013f8       0x38 ./board/pin_mux.o
 .debug_aranges
                0x00001430       0x28 ./CMSIS/system_MK66F18.o

.debug_ranges   0x00000000     0x1328
 .debug_ranges  0x00000000       0x20 ./utilities/fsl_debug_console.o
 .debug_ranges  0x00000020       0x48 ./utilities/fsl_io.o
 .debug_ranges  0x00000068       0x48 ./utilities/fsl_log.o
 .debug_ranges  0x000000b0      0x390 ./startup/startup_mk66f18.o
 .debug_ranges  0x00000440       0x10 ./source/main.o
 .debug_ranges  0x00000450       0x10 ./source/semihost_hardfault.o
 .debug_ranges  0x00000460      0x238 ./drivers/fsl_clock.o
 .debug_ranges  0x00000698      0x1c0 ./drivers/fsl_dspi.o
 .debug_ranges  0x00000858      0x340 ./drivers/fsl_edma.o
 .debug_ranges  0x00000b98      0x178 ./drivers/fsl_i2c.o
 .debug_ranges  0x00000d10      0x108 ./drivers/fsl_lpuart.o
 .debug_ranges  0x00000e18      0x188 ./drivers/fsl_sai.o
 .debug_ranges  0x00000fa0      0x188 ./drivers/fsl_sdhc.o
 .debug_ranges  0x00001128      0x150 ./drivers/fsl_uart.o
 .debug_ranges  0x00001278       0x10 ./board/board.o
 .debug_ranges  0x00001288       0x50 ./board/clock_config.o
 .debug_ranges  0x000012d8       0x10 ./board/peripherals.o
 .debug_ranges  0x000012e8       0x28 ./board/pin_mux.o
 .debug_ranges  0x00001310       0x18 ./CMSIS/system_MK66F18.o

.debug_macro    0x00000000    0x19a92
 .debug_macro   0x00000000      0x13a ./utilities/fsl_debug_console.o
 .debug_macro   0x0000013a      0x8e6 ./utilities/fsl_debug_console.o
 .debug_macro   0x00000a20       0x10 ./utilities/fsl_debug_console.o
 .debug_macro   0x00000a30       0x16 ./utilities/fsl_debug_console.o
 .debug_macro   0x00000a46       0x10 ./utilities/fsl_debug_console.o
 .debug_macro   0x00000a56      0x12d ./utilities/fsl_debug_console.o
 .debug_macro   0x00000b83       0x28 ./utilities/fsl_debug_console.o
 .debug_macro   0x00000bab       0x16 ./utilities/fsl_debug_console.o
 .debug_macro   0x00000bc1       0x22 ./utilities/fsl_debug_console.o
 .debug_macro   0x00000be3      0x5b2 ./utilities/fsl_debug_console.o
 .debug_macro   0x00001195       0x10 ./utilities/fsl_debug_console.o
 .debug_macro   0x000011a5       0x58 ./utilities/fsl_debug_console.o
 .debug_macro   0x000011fd       0x1c ./utilities/fsl_debug_console.o
 .debug_macro   0x00001219       0x22 ./utilities/fsl_debug_console.o
 .debug_macro   0x0000123b       0xd9 ./utilities/fsl_debug_console.o
 .debug_macro   0x00001314      0xec1 ./utilities/fsl_debug_console.o
 .debug_macro   0x000021d5       0x40 ./utilities/fsl_debug_console.o
 .debug_macro   0x00002215    0x14b99 ./utilities/fsl_debug_console.o
 .debug_macro   0x00016dae     0x15cb ./utilities/fsl_debug_console.o
 .debug_macro   0x00018379       0x46 ./utilities/fsl_debug_console.o
 .debug_macro   0x000183bf      0x18d ./utilities/fsl_debug_console.o
 .debug_macro   0x0001854c       0x66 ./utilities/fsl_debug_console.o
 .debug_macro   0x000185b2       0x9a ./utilities/fsl_debug_console.o
 .debug_macro   0x0001864c       0x1c ./utilities/fsl_debug_console.o
 .debug_macro   0x00018668       0x43 ./utilities/fsl_debug_console.o
 .debug_macro   0x000186ab      0x111 ./utilities/fsl_io.o
 .debug_macro   0x000187bc       0x1c ./utilities/fsl_io.o
 .debug_macro   0x000187d8       0x10 ./utilities/fsl_io.o
 .debug_macro   0x000187e8       0x10 ./utilities/fsl_io.o
 .debug_macro   0x000187f8      0x135 ./utilities/fsl_log.o
 .debug_macro   0x0001892d       0x29 ./startup/startup_mk66f18.o
 .debug_macro   0x00018956      0x136 ./source/main.o
 .debug_macro   0x00018a8c       0xa0 ./source/main.o
 .debug_macro   0x00018b2c       0x23 ./source/main.o
 .debug_macro   0x00018b4f      0x21e ./source/main.o
 .debug_macro   0x00018d6d       0x10 ./source/main.o
 .debug_macro   0x00018d7d       0x11 ./source/semihost_hardfault.o
 .debug_macro   0x00018d8e      0x1b2 ./drivers/fsl_clock.o
 .debug_macro   0x00018f40       0xef ./drivers/fsl_dspi.o
 .debug_macro   0x0001902f       0xf5 ./drivers/fsl_edma.o
 .debug_macro   0x00019124       0x16 ./drivers/fsl_edma.o
 .debug_macro   0x0001913a       0xef ./drivers/fsl_i2c.o
 .debug_macro   0x00019229       0x16 ./drivers/fsl_i2c.o
 .debug_macro   0x0001923f       0xf0 ./drivers/fsl_lpuart.o
 .debug_macro   0x0001932f       0xef ./drivers/fsl_sai.o
 .debug_macro   0x0001941e       0x11 ./drivers/fsl_sai.o
 .debug_macro   0x0001942f      0x107 ./drivers/fsl_sdhc.o
 .debug_macro   0x00019536       0x64 ./drivers/fsl_sdhc.o
 .debug_macro   0x0001959a       0xf6 ./drivers/fsl_uart.o
 .debug_macro   0x00019690      0x130 ./board/board.o
 .debug_macro   0x000197c0      0x11d ./board/clock_config.o
 .debug_macro   0x000198dd       0x1b ./board/peripherals.o
 .debug_macro   0x000198f8       0xf2 ./board/pin_mux.o
 .debug_macro   0x000199ea       0x10 ./board/pin_mux.o
 .debug_macro   0x000199fa       0x98 ./CMSIS/system_MK66F18.o

.debug_line     0x00000000     0x7678
 .debug_line    0x00000000      0x2e9 ./utilities/fsl_debug_console.o
 .debug_line    0x000002e9      0x37f ./utilities/fsl_io.o
 .debug_line    0x00000668      0x349 ./utilities/fsl_log.o
 .debug_line    0x000009b1      0x76c ./startup/startup_mk66f18.o
 .debug_line    0x0000111d      0x2ca ./source/main.o
 .debug_line    0x000013e7       0x54 ./source/semihost_hardfault.o
 .debug_line    0x0000143b      0xbd8 ./drivers/fsl_clock.o
 .debug_line    0x00002013      0xb88 ./drivers/fsl_dspi.o
 .debug_line    0x00002b9b     0x10d0 ./drivers/fsl_edma.o
 .debug_line    0x00003c6b      0xa78 ./drivers/fsl_i2c.o
 .debug_line    0x000046e3      0x7a5 ./drivers/fsl_lpuart.o
 .debug_line    0x00004e88      0x962 ./drivers/fsl_sai.o
 .debug_line    0x000057ea      0x9b2 ./drivers/fsl_sdhc.o
 .debug_line    0x0000619c      0x9f9 ./drivers/fsl_uart.o
 .debug_line    0x00006b95      0x2c0 ./board/board.o
 .debug_line    0x00006e55      0x327 ./board/clock_config.o
 .debug_line    0x0000717c       0x58 ./board/peripherals.o
 .debug_line    0x000071d4      0x29a ./board/pin_mux.o
 .debug_line    0x0000746e      0x20a ./CMSIS/system_MK66F18.o

.debug_str      0x00000000    0xbffed
 .debug_str     0x00000000    0xb4047 ./utilities/fsl_debug_console.o
                              0xb40f5 (size before relaxing)
 .debug_str     0x000b4047      0xfae ./utilities/fsl_io.o
                              0xb4cd3 (size before relaxing)
 .debug_str     0x000b4ff5      0x1d8 ./utilities/fsl_log.o
                              0xb3e94 (size before relaxing)
 .debug_str     0x000b51cd      0x988 ./startup/startup_mk66f18.o
                               0x302a (size before relaxing)
 .debug_str     0x000b5b55     0x12b2 ./source/main.o
                              0xb5007 (size before relaxing)
 .debug_str     0x000b6e07       0x1f ./source/semihost_hardfault.o
                               0x2629 (size before relaxing)
 .debug_str     0x000b6e26     0x2063 ./drivers/fsl_clock.o
                              0xb64ce (size before relaxing)
 .debug_str     0x000b8e89     0x1994 ./drivers/fsl_dspi.o
                              0xb5e9d (size before relaxing)
 .debug_str     0x000ba81d     0x1394 ./drivers/fsl_edma.o
                              0xb6020 (size before relaxing)
 .debug_str     0x000bbbb1      0xc3e ./drivers/fsl_i2c.o
                              0xb576b (size before relaxing)
 .debug_str     0x000bc7ef      0x836 ./drivers/fsl_lpuart.o
                              0xb58ed (size before relaxing)
 .debug_str     0x000bd025      0xb48 ./drivers/fsl_sai.o
                              0xb56ab (size before relaxing)
 .debug_str     0x000bdb6d     0x18a7 ./drivers/fsl_sdhc.o
                              0xb6411 (size before relaxing)
 .debug_str     0x000bf414      0x58f ./drivers/fsl_uart.o
                              0xb58dc (size before relaxing)
 .debug_str     0x000bf9a3       0x37 ./board/board.o
                              0xb5135 (size before relaxing)
 .debug_str     0x000bf9da      0x334 ./board/clock_config.o
                              0xb498c (size before relaxing)
 .debug_str     0x000bfd0e       0x31 ./board/peripherals.o
                               0x263a (size before relaxing)
 .debug_str     0x000bfd3f      0x1b5 ./board/pin_mux.o
                              0xb4067 (size before relaxing)
 .debug_str     0x000bfef4       0xf9 ./CMSIS/system_MK66F18.o
                              0xb2ef7 (size before relaxing)

.comment        0x00000000       0x7f
 .comment       0x00000000       0x7f ./utilities/fsl_debug_console.o
                                 0x80 (size before relaxing)
 .comment       0x0000007f       0x80 ./utilities/fsl_io.o
 .comment       0x0000007f       0x80 ./utilities/fsl_log.o
 .comment       0x0000007f       0x80 ./startup/startup_mk66f18.o
 .comment       0x0000007f       0x80 ./source/main.o
 .comment       0x0000007f       0x80 ./source/semihost_hardfault.o
 .comment       0x0000007f       0x80 ./drivers/fsl_clock.o
 .comment       0x0000007f       0x80 ./drivers/fsl_dspi.o
 .comment       0x0000007f       0x80 ./drivers/fsl_edma.o
 .comment       0x0000007f       0x80 ./drivers/fsl_i2c.o
 .comment       0x0000007f       0x80 ./drivers/fsl_lpuart.o
 .comment       0x0000007f       0x80 ./drivers/fsl_sai.o
 .comment       0x0000007f       0x80 ./drivers/fsl_sdhc.o
 .comment       0x0000007f       0x80 ./drivers/fsl_uart.o
 .comment       0x0000007f       0x80 ./board/board.o
 .comment       0x0000007f       0x80 ./board/clock_config.o
 .comment       0x0000007f       0x80 ./board/peripherals.o
 .comment       0x0000007f       0x80 ./board/pin_mux.o
 .comment       0x0000007f       0x80 ./CMSIS/system_MK66F18.o
 .comment       0x0000007f       0x80 c:/nxp/mcuxpressoide_10.1.0_589/ide/tools/bin/../lib/gcc/arm-none-eabi/6.3.1/../../../../arm-none-eabi/lib/thumb/v7e-m/fpv4-sp/hard\libcr_semihost_nf.a(_cr__main.o)
 .comment       0x0000007f       0x80 c:/nxp/mcuxpressoide_10.1.0_589/ide/tools/bin/../lib/gcc/arm-none-eabi/6.3.1/../../../../arm-none-eabi/lib/thumb/v7e-m/fpv4-sp/hard\libcr_semihost_nf.a(_cr_assert.o)
 .comment       0x0000007f       0x80 c:/nxp/mcuxpressoide_10.1.0_589/ide/tools/bin/../lib/gcc/arm-none-eabi/6.3.1/../../../../arm-none-eabi/lib/thumb/v7e-m/fpv4-sp/hard\libcr_semihost_nf.a(__ciob.o)
 .comment       0x0000007f       0x80 c:/nxp/mcuxpressoide_10.1.0_589/ide/tools/bin/../lib/gcc/arm-none-eabi/6.3.1/../../../../arm-none-eabi/lib/thumb/v7e-m/fpv4-sp/hard\libcr_c.a(memset.o)
 .comment       0x0000007f       0x80 c:/nxp/mcuxpressoide_10.1.0_589/ide/tools/bin/../lib/gcc/arm-none-eabi/6.3.1/../../../../arm-none-eabi/lib/thumb/v7e-m/fpv4-sp/hard\libcr_c.a(_deferredlazyseek.o)
 .comment       0x0000007f       0x80 c:/nxp/mcuxpressoide_10.1.0_589/ide/tools/bin/../lib/gcc/arm-none-eabi/6.3.1/../../../../arm-none-eabi/lib/thumb/v7e-m/fpv4-sp/hard\libcr_c.a(_fflush.o)
 .comment       0x0000007f       0x80 c:/nxp/mcuxpressoide_10.1.0_589/ide/tools/bin/../lib/gcc/arm-none-eabi/6.3.1/../../../../arm-none-eabi/lib/thumb/v7e-m/fpv4-sp/hard\libcr_c.a(_writebuf.o)
 .comment       0x0000007f       0x80 c:/nxp/mcuxpressoide_10.1.0_589/ide/tools/bin/../lib/gcc/arm-none-eabi/6.3.1/../../../../arm-none-eabi/lib/thumb/v7e-m/fpv4-sp/hard\libcr_c.a(alloc.o)
 .comment       0x0000007f       0x80 c:/nxp/mcuxpressoide_10.1.0_589/ide/tools/bin/../lib/gcc/arm-none-eabi/6.3.1/../../../../arm-none-eabi/lib/thumb/v7e-m/fpv4-sp/hard\libcr_c.a(fpprintf.o)
 .comment       0x0000007f       0x80 c:/nxp/mcuxpressoide_10.1.0_589/ide/tools/bin/../lib/gcc/arm-none-eabi/6.3.1/../../../../arm-none-eabi/lib/thumb/v7e-m/fpv4-sp/hard\libcr_c.a(fputs.o)
 .comment       0x0000007f       0x80 c:/nxp/mcuxpressoide_10.1.0_589/ide/tools/bin/../lib/gcc/arm-none-eabi/6.3.1/../../../../arm-none-eabi/lib/thumb/v7e-m/fpv4-sp/hard\libcr_c.a(fseek.o)
 .comment       0x0000007f       0x80 c:/nxp/mcuxpressoide_10.1.0_589/ide/tools/bin/../lib/gcc/arm-none-eabi/6.3.1/../../../../arm-none-eabi/lib/thumb/v7e-m/fpv4-sp/hard\libcr_c.a(ftell.o)
 .comment       0x0000007f       0x80 c:/nxp/mcuxpressoide_10.1.0_589/ide/tools/bin/../lib/gcc/arm-none-eabi/6.3.1/../../../../arm-none-eabi/lib/thumb/v7e-m/fpv4-sp/hard\libcr_c.a(initio.o)
 .comment       0x0000007f       0x80 c:/nxp/mcuxpressoide_10.1.0_589/ide/tools/bin/../lib/gcc/arm-none-eabi/6.3.1/../../../../arm-none-eabi/lib/thumb/v7e-m/fpv4-sp/hard\libcr_c.a(printf.o)
 .comment       0x0000007f       0x80 c:/nxp/mcuxpressoide_10.1.0_589/ide/tools/bin/../lib/gcc/arm-none-eabi/6.3.1/../../../../arm-none-eabi/lib/thumb/v7e-m/fpv4-sp/hard\libcr_c.a(setvbuf.o)
 .comment       0x0000007f       0x80 c:/nxp/mcuxpressoide_10.1.0_589/ide/tools/bin/../lib/gcc/arm-none-eabi/6.3.1/../../../../arm-none-eabi/lib/thumb/v7e-m/fpv4-sp/hard\libcr_c.a(strlen.o)
 .comment       0x0000007f       0x80 c:/nxp/mcuxpressoide_10.1.0_589/ide/tools/bin/../lib/gcc/arm-none-eabi/6.3.1/../../../../arm-none-eabi/lib/thumb/v7e-m/fpv4-sp/hard\libcr_c.a(__init_alloc.o)
 .comment       0x0000007f       0x80 c:/nxp/mcuxpressoide_10.1.0_589/ide/tools/bin/../lib/gcc/arm-none-eabi/6.3.1/../../../../arm-none-eabi/lib/thumb/v7e-m/fpv4-sp/hard\libcr_c.a(_cr_sbrk.o)
 .comment       0x0000007f       0x80 c:/nxp/mcuxpressoide_10.1.0_589/ide/tools/bin/../lib/gcc/arm-none-eabi/6.3.1/../../../../arm-none-eabi/lib/thumb/v7e-m/fpv4-sp/hard\libcr_c.a(_fdopen.o)
 .comment       0x0000007f       0x80 c:/nxp/mcuxpressoide_10.1.0_589/ide/tools/bin/../lib/gcc/arm-none-eabi/6.3.1/../../../../arm-none-eabi/lib/thumb/v7e-m/fpv4-sp/hard\libcr_c.a(_frexpl.o)
 .comment       0x0000007f       0x80 c:/nxp/mcuxpressoide_10.1.0_589/ide/tools/bin/../lib/gcc/arm-none-eabi/6.3.1/../../../../arm-none-eabi/lib/thumb/v7e-m/fpv4-sp/hard\libcr_c.a(_hugeval.o)
 .comment       0x0000007f       0x80 c:/nxp/mcuxpressoide_10.1.0_589/ide/tools/bin/../lib/gcc/arm-none-eabi/6.3.1/../../../../arm-none-eabi/lib/thumb/v7e-m/fpv4-sp/hard\libcr_c.a(_ldexpl.o)
 .comment       0x0000007f       0x80 c:/nxp/mcuxpressoide_10.1.0_589/ide/tools/bin/../lib/gcc/arm-none-eabi/6.3.1/../../../../arm-none-eabi/lib/thumb/v7e-m/fpv4-sp/hard\libcr_c.a(errno.o)
 .comment       0x0000007f       0x80 c:/nxp/mcuxpressoide_10.1.0_589/ide/tools/bin/../lib/gcc/arm-none-eabi/6.3.1/../../../../arm-none-eabi/lib/thumb/v7e-m/fpv4-sp/hard\libcr_c.a(fclose.o)
 .comment       0x0000007f       0x80 c:/nxp/mcuxpressoide_10.1.0_589/ide/tools/bin/../lib/gcc/arm-none-eabi/6.3.1/../../../../arm-none-eabi/lib/thumb/v7e-m/fpv4-sp/hard\libcr_c.a(fflush.o)
 .comment       0x0000007f       0x80 c:/nxp/mcuxpressoide_10.1.0_589/ide/tools/bin/../lib/gcc/arm-none-eabi/6.3.1/../../../../arm-none-eabi/lib/thumb/v7e-m/fpv4-sp/hard\libcr_c.a(remove.o)
 .comment       0x0000007f       0x80 c:/nxp/mcuxpressoide_10.1.0_589/ide/tools/bin/../lib/gcc/arm-none-eabi/6.3.1/../../../../arm-none-eabi/lib/thumb/v7e-m/fpv4-sp/hard\libcr_c.a(_cr_check_heap.o)
 .comment       0x0000007f       0x80 c:/nxp/mcuxpressoide_10.1.0_589/ide/tools/bin/../lib/gcc/arm-none-eabi/6.3.1/../../../../arm-none-eabi/lib/thumb/v7e-m/fpv4-sp/hard\libcr_c.a(_do_fflush.o)
 .comment       0x0000007f       0x80 c:/nxp/mcuxpressoide_10.1.0_589/ide/tools/bin/../lib/gcc/arm-none-eabi/6.3.1/thumb/v7e-m/fpv4-sp/hard\libcr_eabihelpers.a(double.o)

.ARM.attributes
                0x00000000       0x37
 .ARM.attributes
                0x00000000       0x39 ./utilities/fsl_debug_console.o
 .ARM.attributes
                0x00000039       0x39 ./utilities/fsl_io.o
 .ARM.attributes
                0x00000072       0x39 ./utilities/fsl_log.o
 .ARM.attributes
                0x000000ab       0x39 ./startup/startup_mk66f18.o
 .ARM.attributes
                0x000000e4       0x39 ./source/main.o
 .ARM.attributes
                0x0000011d       0x39 ./source/semihost_hardfault.o
 .ARM.attributes
                0x00000156       0x39 ./drivers/fsl_clock.o
 .ARM.attributes
                0x0000018f       0x39 ./drivers/fsl_dspi.o
 .ARM.attributes
                0x000001c8       0x39 ./drivers/fsl_edma.o
 .ARM.attributes
                0x00000201       0x39 ./drivers/fsl_i2c.o
 .ARM.attributes
                0x0000023a       0x39 ./drivers/fsl_lpuart.o
 .ARM.attributes
                0x00000273       0x39 ./drivers/fsl_sai.o
 .ARM.attributes
                0x000002ac       0x39 ./drivers/fsl_sdhc.o
 .ARM.attributes
                0x000002e5       0x39 ./drivers/fsl_uart.o
 .ARM.attributes
                0x0000031e       0x39 ./board/board.o
 .ARM.attributes
                0x00000357       0x39 ./board/clock_config.o
 .ARM.attributes
                0x00000390       0x39 ./board/peripherals.o
 .ARM.attributes
                0x000003c9       0x39 ./board/pin_mux.o
 .ARM.attributes
                0x00000402       0x39 ./CMSIS/system_MK66F18.o
 .ARM.attributes
                0x0000043b       0x39 c:/nxp/mcuxpressoide_10.1.0_589/ide/tools/bin/../lib/gcc/arm-none-eabi/6.3.1/../../../../arm-none-eabi/lib/thumb/v7e-m/fpv4-sp/hard\libcr_semihost_nf.a(_cr__main.o)
 .ARM.attributes
                0x00000474       0x39 c:/nxp/mcuxpressoide_10.1.0_589/ide/tools/bin/../lib/gcc/arm-none-eabi/6.3.1/../../../../arm-none-eabi/lib/thumb/v7e-m/fpv4-sp/hard\libcr_semihost_nf.a(_cr_assert.o)
 .ARM.attributes
                0x000004ad       0x39 c:/nxp/mcuxpressoide_10.1.0_589/ide/tools/bin/../lib/gcc/arm-none-eabi/6.3.1/../../../../arm-none-eabi/lib/thumb/v7e-m/fpv4-sp/hard\libcr_semihost_nf.a(__ciob.o)
 .ARM.attributes
                0x000004e6       0x25 c:/nxp/mcuxpressoide_10.1.0_589/ide/tools/bin/../lib/gcc/arm-none-eabi/6.3.1/../../../../arm-none-eabi/lib/thumb/v7e-m/fpv4-sp/hard\libcr_semihost_nf.a(__sys_appexit.o)
 .ARM.attributes
                0x0000050b       0x39 c:/nxp/mcuxpressoide_10.1.0_589/ide/tools/bin/../lib/gcc/arm-none-eabi/6.3.1/../../../../arm-none-eabi/lib/thumb/v7e-m/fpv4-sp/hard\libcr_c.a(memset.o)
 .ARM.attributes
                0x00000544       0x39 c:/nxp/mcuxpressoide_10.1.0_589/ide/tools/bin/../lib/gcc/arm-none-eabi/6.3.1/../../../../arm-none-eabi/lib/thumb/v7e-m/fpv4-sp/hard\libcr_c.a(_deferredlazyseek.o)
 .ARM.attributes
                0x0000057d       0x39 c:/nxp/mcuxpressoide_10.1.0_589/ide/tools/bin/../lib/gcc/arm-none-eabi/6.3.1/../../../../arm-none-eabi/lib/thumb/v7e-m/fpv4-sp/hard\libcr_c.a(_fflush.o)
 .ARM.attributes
                0x000005b6       0x39 c:/nxp/mcuxpressoide_10.1.0_589/ide/tools/bin/../lib/gcc/arm-none-eabi/6.3.1/../../../../arm-none-eabi/lib/thumb/v7e-m/fpv4-sp/hard\libcr_c.a(_writebuf.o)
 .ARM.attributes
                0x000005ef       0x39 c:/nxp/mcuxpressoide_10.1.0_589/ide/tools/bin/../lib/gcc/arm-none-eabi/6.3.1/../../../../arm-none-eabi/lib/thumb/v7e-m/fpv4-sp/hard\libcr_c.a(alloc.o)
 .ARM.attributes
                0x00000628       0x39 c:/nxp/mcuxpressoide_10.1.0_589/ide/tools/bin/../lib/gcc/arm-none-eabi/6.3.1/../../../../arm-none-eabi/lib/thumb/v7e-m/fpv4-sp/hard\libcr_c.a(fpprintf.o)
 .ARM.attributes
                0x00000661       0x39 c:/nxp/mcuxpressoide_10.1.0_589/ide/tools/bin/../lib/gcc/arm-none-eabi/6.3.1/../../../../arm-none-eabi/lib/thumb/v7e-m/fpv4-sp/hard\libcr_c.a(fputs.o)
 .ARM.attributes
                0x0000069a       0x39 c:/nxp/mcuxpressoide_10.1.0_589/ide/tools/bin/../lib/gcc/arm-none-eabi/6.3.1/../../../../arm-none-eabi/lib/thumb/v7e-m/fpv4-sp/hard\libcr_c.a(fseek.o)
 .ARM.attributes
                0x000006d3       0x39 c:/nxp/mcuxpressoide_10.1.0_589/ide/tools/bin/../lib/gcc/arm-none-eabi/6.3.1/../../../../arm-none-eabi/lib/thumb/v7e-m/fpv4-sp/hard\libcr_c.a(ftell.o)
 .ARM.attributes
                0x0000070c       0x39 c:/nxp/mcuxpressoide_10.1.0_589/ide/tools/bin/../lib/gcc/arm-none-eabi/6.3.1/../../../../arm-none-eabi/lib/thumb/v7e-m/fpv4-sp/hard\libcr_c.a(initio.o)
 .ARM.attributes
                0x00000745       0x39 c:/nxp/mcuxpressoide_10.1.0_589/ide/tools/bin/../lib/gcc/arm-none-eabi/6.3.1/../../../../arm-none-eabi/lib/thumb/v7e-m/fpv4-sp/hard\libcr_c.a(printf.o)
 .ARM.attributes
                0x0000077e       0x39 c:/nxp/mcuxpressoide_10.1.0_589/ide/tools/bin/../lib/gcc/arm-none-eabi/6.3.1/../../../../arm-none-eabi/lib/thumb/v7e-m/fpv4-sp/hard\libcr_c.a(setvbuf.o)
 .ARM.attributes
                0x000007b7       0x39 c:/nxp/mcuxpressoide_10.1.0_589/ide/tools/bin/../lib/gcc/arm-none-eabi/6.3.1/../../../../arm-none-eabi/lib/thumb/v7e-m/fpv4-sp/hard\libcr_c.a(strlen.o)
 .ARM.attributes
                0x000007f0       0x39 c:/nxp/mcuxpressoide_10.1.0_589/ide/tools/bin/../lib/gcc/arm-none-eabi/6.3.1/../../../../arm-none-eabi/lib/thumb/v7e-m/fpv4-sp/hard\libcr_c.a(__init_alloc.o)
 .ARM.attributes
                0x00000829       0x39 c:/nxp/mcuxpressoide_10.1.0_589/ide/tools/bin/../lib/gcc/arm-none-eabi/6.3.1/../../../../arm-none-eabi/lib/thumb/v7e-m/fpv4-sp/hard\libcr_c.a(_cr_sbrk.o)
 .ARM.attributes
                0x00000862       0x39 c:/nxp/mcuxpressoide_10.1.0_589/ide/tools/bin/../lib/gcc/arm-none-eabi/6.3.1/../../../../arm-none-eabi/lib/thumb/v7e-m/fpv4-sp/hard\libcr_c.a(_fdopen.o)
 .ARM.attributes
                0x0000089b       0x39 c:/nxp/mcuxpressoide_10.1.0_589/ide/tools/bin/../lib/gcc/arm-none-eabi/6.3.1/../../../../arm-none-eabi/lib/thumb/v7e-m/fpv4-sp/hard\libcr_c.a(_frexpl.o)
 .ARM.attributes
                0x000008d4       0x39 c:/nxp/mcuxpressoide_10.1.0_589/ide/tools/bin/../lib/gcc/arm-none-eabi/6.3.1/../../../../arm-none-eabi/lib/thumb/v7e-m/fpv4-sp/hard\libcr_c.a(_hugeval.o)
 .ARM.attributes
                0x0000090d       0x39 c:/nxp/mcuxpressoide_10.1.0_589/ide/tools/bin/../lib/gcc/arm-none-eabi/6.3.1/../../../../arm-none-eabi/lib/thumb/v7e-m/fpv4-sp/hard\libcr_c.a(_ldexpl.o)
 .ARM.attributes
                0x00000946       0x39 c:/nxp/mcuxpressoide_10.1.0_589/ide/tools/bin/../lib/gcc/arm-none-eabi/6.3.1/../../../../arm-none-eabi/lib/thumb/v7e-m/fpv4-sp/hard\libcr_c.a(errno.o)
 .ARM.attributes
                0x0000097f       0x39 c:/nxp/mcuxpressoide_10.1.0_589/ide/tools/bin/../lib/gcc/arm-none-eabi/6.3.1/../../../../arm-none-eabi/lib/thumb/v7e-m/fpv4-sp/hard\libcr_c.a(fclose.o)
 .ARM.attributes
                0x000009b8       0x39 c:/nxp/mcuxpressoide_10.1.0_589/ide/tools/bin/../lib/gcc/arm-none-eabi/6.3.1/../../../../arm-none-eabi/lib/thumb/v7e-m/fpv4-sp/hard\libcr_c.a(fflush.o)
 .ARM.attributes
                0x000009f1       0x39 c:/nxp/mcuxpressoide_10.1.0_589/ide/tools/bin/../lib/gcc/arm-none-eabi/6.3.1/../../../../arm-none-eabi/lib/thumb/v7e-m/fpv4-sp/hard\libcr_c.a(remove.o)
 .ARM.attributes
                0x00000a2a       0x39 c:/nxp/mcuxpressoide_10.1.0_589/ide/tools/bin/../lib/gcc/arm-none-eabi/6.3.1/../../../../arm-none-eabi/lib/thumb/v7e-m/fpv4-sp/hard\libcr_c.a(_cr_check_heap.o)
 .ARM.attributes
                0x00000a63       0x39 c:/nxp/mcuxpressoide_10.1.0_589/ide/tools/bin/../lib/gcc/arm-none-eabi/6.3.1/../../../../arm-none-eabi/lib/thumb/v7e-m/fpv4-sp/hard\libcr_c.a(_do_fflush.o)
 .ARM.attributes
                0x00000a9c       0x39 c:/nxp/mcuxpressoide_10.1.0_589/ide/tools/bin/../lib/gcc/arm-none-eabi/6.3.1/thumb/v7e-m/fpv4-sp/hard\libcr_eabihelpers.a(double.o)
 .ARM.attributes
                0x00000ad5       0x25 c:/nxp/mcuxpressoide_10.1.0_589/ide/tools/bin/../lib/gcc/arm-none-eabi/6.3.1/thumb/v7e-m/fpv4-sp/hard\libcr_eabihelpers.a(memcpy.o)
 .ARM.attributes
                0x00000afa       0x25 c:/nxp/mcuxpressoide_10.1.0_589/ide/tools/bin/../lib/gcc/arm-none-eabi/6.3.1/../../../../arm-none-eabi/lib/thumb/v7e-m/fpv4-sp/hard\libcr_semihost_nf.a(__sys_close.o)
 .ARM.attributes
                0x00000b1f       0x25 c:/nxp/mcuxpressoide_10.1.0_589/ide/tools/bin/../lib/gcc/arm-none-eabi/6.3.1/../../../../arm-none-eabi/lib/thumb/v7e-m/fpv4-sp/hard\libcr_semihost_nf.a(__sys_flen.o)
 .ARM.attributes
                0x00000b44       0x25 c:/nxp/mcuxpressoide_10.1.0_589/ide/tools/bin/../lib/gcc/arm-none-eabi/6.3.1/../../../../arm-none-eabi/lib/thumb/v7e-m/fpv4-sp/hard\libcr_semihost_nf.a(__sys_istty.o)
 .ARM.attributes
                0x00000b69       0x25 c:/nxp/mcuxpressoide_10.1.0_589/ide/tools/bin/../lib/gcc/arm-none-eabi/6.3.1/../../../../arm-none-eabi/lib/thumb/v7e-m/fpv4-sp/hard\libcr_semihost_nf.a(__sys_remove.o)
 .ARM.attributes
                0x00000b8e       0x25 c:/nxp/mcuxpressoide_10.1.0_589/ide/tools/bin/../lib/gcc/arm-none-eabi/6.3.1/../../../../arm-none-eabi/lib/thumb/v7e-m/fpv4-sp/hard\libcr_semihost_nf.a(__sys_seek.o)
 .ARM.attributes
                0x00000bb3       0x25 c:/nxp/mcuxpressoide_10.1.0_589/ide/tools/bin/../lib/gcc/arm-none-eabi/6.3.1/../../../../arm-none-eabi/lib/thumb/v7e-m/fpv4-sp/hard\libcr_semihost_nf.a(__sys_tmpnam.o)
 .ARM.attributes
                0x00000bd8       0x25 c:/nxp/mcuxpressoide_10.1.0_589/ide/tools/bin/../lib/gcc/arm-none-eabi/6.3.1/../../../../arm-none-eabi/lib/thumb/v7e-m/fpv4-sp/hard\libcr_semihost_nf.a(__sys_write.o)

.debug_frame    0x00000000     0x4db4
 .debug_frame   0x00000000       0x6c ./utilities/fsl_debug_console.o
 .debug_frame   0x0000006c      0x130 ./utilities/fsl_io.o
 .debug_frame   0x0000019c      0x120 ./utilities/fsl_log.o
 .debug_frame   0x000002bc      0xa54 ./startup/startup_mk66f18.o
 .debug_frame   0x00000d10       0x2c ./source/main.o
 .debug_frame   0x00000d3c       0x20 ./source/semihost_hardfault.o
 .debug_frame   0x00000d5c      0x9c0 ./drivers/fsl_clock.o
 .debug_frame   0x0000171c      0x810 ./drivers/fsl_dspi.o
 .debug_frame   0x00001f2c      0xca8 ./drivers/fsl_edma.o
 .debug_frame   0x00002bd4      0x6b0 ./drivers/fsl_i2c.o
 .debug_frame   0x00003284      0x4b4 ./drivers/fsl_lpuart.o
 .debug_frame   0x00003738      0x718 ./drivers/fsl_sai.o
 .debug_frame   0x00003e50      0x71c ./drivers/fsl_sdhc.o
 .debug_frame   0x0000456c      0x5b4 ./drivers/fsl_uart.o
 .debug_frame   0x00004b20       0x34 ./board/board.o
 .debug_frame   0x00004b54      0x140 ./board/clock_config.o
 .debug_frame   0x00004c94       0x30 ./board/peripherals.o
 .debug_frame   0x00004cc4       0x98 ./board/pin_mux.o
 .debug_frame   0x00004d5c       0x58 ./CMSIS/system_MK66F18.o