Archive member included to satisfy reference by file (symbol)

c:/nxp/mcuxpressoide_10.1.0_589/ide/tools/bin/../lib/gcc/arm-none-eabi/6.3.1/../../../../arm-none-eabi/lib/thumb/v7e-m/fpv4-sp/hard\libcr_semihost_nf.a(_cr__main.o)
                              ./startup/startup_mk66f18.o (__main)
c:/nxp/mcuxpressoide_10.1.0_589/ide/tools/bin/../lib/gcc/arm-none-eabi/6.3.1/../../../../arm-none-eabi/lib/thumb/v7e-m/fpv4-sp/hard\libcr_semihost_nf.a(_cr_assert.o)
                              ./utilities/fsl_debug_console.o (__assertion_failed)
c:/nxp/mcuxpressoide_10.1.0_589/ide/tools/bin/../lib/gcc/arm-none-eabi/6.3.1/../../../../arm-none-eabi/lib/thumb/v7e-m/fpv4-sp/hard\libcr_semihost_nf.a(__ciob.o)
                              c:/nxp/mcuxpressoide_10.1.0_589/ide/tools/bin/../lib/gcc/arm-none-eabi/6.3.1/../../../../arm-none-eabi/lib/thumb/v7e-m/fpv4-sp/hard\libcr_semihost_nf.a(_cr_assert.o) (__Ciob)
c:/nxp/mcuxpressoide_10.1.0_589/ide/tools/bin/../lib/gcc/arm-none-eabi/6.3.1/../../../../arm-none-eabi/lib/thumb/v7e-m/fpv4-sp/hard\libcr_semihost_nf.a(__sys_appexit.o)
                              c:/nxp/mcuxpressoide_10.1.0_589/ide/tools/bin/../lib/gcc/arm-none-eabi/6.3.1/../../../../arm-none-eabi/lib/thumb/v7e-m/fpv4-sp/hard\libcr_semihost_nf.a(_cr_assert.o) (__sys_appexit)
c:/nxp/mcuxpressoide_10.1.0_589/ide/tools/bin/../lib/gcc/arm-none-eabi/6.3.1/../../../../arm-none-eabi/lib/thumb/v7e-m/fpv4-sp/hard\libcr_c.a(memcpy.o)
                              ./sdmmc/src/fsl_mmc.o (memcpy)
c:/nxp/mcuxpressoide_10.1.0_589/ide/tools/bin/../lib/gcc/arm-none-eabi/6.3.1/../../../../arm-none-eabi/lib/thumb/v7e-m/fpv4-sp/hard\libcr_c.a(memset.o)
                              ./sdmmc/src/fsl_mmc.o (memset)
c:/nxp/mcuxpressoide_10.1.0_589/ide/tools/bin/../lib/gcc/arm-none-eabi/6.3.1/../../../../arm-none-eabi/lib/thumb/v7e-m/fpv4-sp/hard\libcr_c.a(_deferredlazyseek.o)
                              c:/nxp/mcuxpressoide_10.1.0_589/ide/tools/bin/../lib/gcc/arm-none-eabi/6.3.1/../../../../arm-none-eabi/lib/thumb/v7e-m/fpv4-sp/hard\libcr_semihost_nf.a(_cr_assert.o) (__flsbuf)
c:/nxp/mcuxpressoide_10.1.0_589/ide/tools/bin/../lib/gcc/arm-none-eabi/6.3.1/../../../../arm-none-eabi/lib/thumb/v7e-m/fpv4-sp/hard\libcr_c.a(_fflush.o)
                              c:/nxp/mcuxpressoide_10.1.0_589/ide/tools/bin/../lib/gcc/arm-none-eabi/6.3.1/../../../../arm-none-eabi/lib/thumb/v7e-m/fpv4-sp/hard\libcr_c.a(_deferredlazyseek.o) (_fflush)
c:/nxp/mcuxpressoide_10.1.0_589/ide/tools/bin/../lib/gcc/arm-none-eabi/6.3.1/../../../../arm-none-eabi/lib/thumb/v7e-m/fpv4-sp/hard\libcr_c.a(_writebuf.o)
                              c:/nxp/mcuxpressoide_10.1.0_589/ide/tools/bin/../lib/gcc/arm-none-eabi/6.3.1/../../../../arm-none-eabi/lib/thumb/v7e-m/fpv4-sp/hard\libcr_c.a(_deferredlazyseek.o) (_Cwritebuf)
c:/nxp/mcuxpressoide_10.1.0_589/ide/tools/bin/../lib/gcc/arm-none-eabi/6.3.1/../../../../arm-none-eabi/lib/thumb/v7e-m/fpv4-sp/hard\libcr_c.a(alloc.o)
                              c:/nxp/mcuxpressoide_10.1.0_589/ide/tools/bin/../lib/gcc/arm-none-eabi/6.3.1/../../../../arm-none-eabi/lib/thumb/v7e-m/fpv4-sp/hard\libcr_c.a(_deferredlazyseek.o) (_Csys_alloc)
c:/nxp/mcuxpressoide_10.1.0_589/ide/tools/bin/../lib/gcc/arm-none-eabi/6.3.1/../../../../arm-none-eabi/lib/thumb/v7e-m/fpv4-sp/hard\libcr_c.a(fputs.o)
                              c:/nxp/mcuxpressoide_10.1.0_589/ide/tools/bin/../lib/gcc/arm-none-eabi/6.3.1/../../../../arm-none-eabi/lib/thumb/v7e-m/fpv4-sp/hard\libcr_semihost_nf.a(_cr_assert.o) (fputs)
c:/nxp/mcuxpressoide_10.1.0_589/ide/tools/bin/../lib/gcc/arm-none-eabi/6.3.1/../../../../arm-none-eabi/lib/thumb/v7e-m/fpv4-sp/hard\libcr_c.a(fseek.o)
                              c:/nxp/mcuxpressoide_10.1.0_589/ide/tools/bin/../lib/gcc/arm-none-eabi/6.3.1/../../../../arm-none-eabi/lib/thumb/v7e-m/fpv4-sp/hard\libcr_c.a(_deferredlazyseek.o) (fseek)
c:/nxp/mcuxpressoide_10.1.0_589/ide/tools/bin/../lib/gcc/arm-none-eabi/6.3.1/../../../../arm-none-eabi/lib/thumb/v7e-m/fpv4-sp/hard\libcr_c.a(ftell.o)
                              c:/nxp/mcuxpressoide_10.1.0_589/ide/tools/bin/../lib/gcc/arm-none-eabi/6.3.1/../../../../arm-none-eabi/lib/thumb/v7e-m/fpv4-sp/hard\libcr_c.a(fseek.o) (ftell)
c:/nxp/mcuxpressoide_10.1.0_589/ide/tools/bin/../lib/gcc/arm-none-eabi/6.3.1/../../../../arm-none-eabi/lib/thumb/v7e-m/fpv4-sp/hard\libcr_c.a(initio.o)
                              c:/nxp/mcuxpressoide_10.1.0_589/ide/tools/bin/../lib/gcc/arm-none-eabi/6.3.1/../../../../arm-none-eabi/lib/thumb/v7e-m/fpv4-sp/hard\libcr_semihost_nf.a(_cr__main.o) (_initio)
c:/nxp/mcuxpressoide_10.1.0_589/ide/tools/bin/../lib/gcc/arm-none-eabi/6.3.1/../../../../arm-none-eabi/lib/thumb/v7e-m/fpv4-sp/hard\libcr_c.a(modf.o)
                              ./utilities/fsl_str.o (modf)
c:/nxp/mcuxpressoide_10.1.0_589/ide/tools/bin/../lib/gcc/arm-none-eabi/6.3.1/../../../../arm-none-eabi/lib/thumb/v7e-m/fpv4-sp/hard\libcr_c.a(pow.o)
                              ./utilities/fsl_str.o (pow)
[...]
Memory Configuration

Name             Origin             Length             Attributes
PROGRAM_FLASH    0x00000000         0x00200000         xr
SRAM_UPPER       0x20000000         0x00030000         xrw
SRAM_LOWER       0x1fff0000         0x00010000         xrw
FLEX_RAM         0x14000000         0x00001000         xrw
*default*        0x00000000         0xffffffff

Linker script and memory map

LOAD ./utilities/fsl_debug_console.o
LOAD ./utilities/fsl_io.o
LOAD ./utilities/fsl_log.o
LOAD ./utilities/fsl_str.o
LOAD ./startup/startup_mk66f18.o
LOAD ./source/Audio/AudioOut.o
LOAD ./source/Audio/AudioStreamer.o
LOAD ./source/main.o
LOAD ./source/semihost_hardfault.o
LOAD ./sdmmc/src/fsl_mmc.o
LOAD ./sdmmc/src/fsl_sd.o
LOAD ./sdmmc/src/fsl_sdmmc_common.o
LOAD ./sdmmc/src/fsl_sdspi.o
LOAD ./fatfs/fatfs_source/diskio.o
LOAD ./fatfs/fatfs_source/ff.o
LOAD ./fatfs/fatfs_source/fsl_mmc_disk.o
LOAD ./fatfs/fatfs_source/fsl_ram_disk.o
LOAD ./fatfs/fatfs_source/fsl_sd_disk.o
LOAD ./fatfs/fatfs_source/fsl_sdspi_disk.o
LOAD ./drivers/fsl_adc16.o
LOAD ./drivers/fsl_clock.o
LOAD ./drivers/fsl_common.o
LOAD ./drivers/fsl_dac.o
LOAD ./drivers/fsl_dmamux.o
LOAD ./drivers/fsl_dspi.o
LOAD ./drivers/fsl_edma.o
LOAD ./drivers/fsl_flash.o
LOAD ./drivers/fsl_ftm.o
LOAD ./drivers/fsl_gpio.o
LOAD ./drivers/fsl_i2c.o
LOAD ./drivers/fsl_i2c_edma.o
LOAD ./drivers/fsl_lpuart.o
LOAD ./drivers/fsl_sai.o
LOAD ./drivers/fsl_sai_edma.o
LOAD ./drivers/fsl_sdhc.o
LOAD ./drivers/fsl_sdramc.o
LOAD ./drivers/fsl_smc.o
LOAD ./drivers/fsl_uart.o
LOAD ./dma_manager/fsl_dma_manager.o
LOAD ./codec/fsl_dialog7212.o
LOAD ./board/board.o
LOAD ./board/clock_config.o
LOAD ./board/peripherals.o
LOAD ./board/pin_mux.o
LOAD ./CMSIS/system_MK66F18.o
START GROUP
LOAD c:/nxp/mcuxpressoide_10.1.0_589/ide/tools/bin/../lib/gcc/arm-none-eabi/6.3.1/../../../../arm-none-eabi/lib/thumb/v7e-m/fpv4-sp/hard\libcr_semihost_nf.a
LOAD c:/nxp/mcuxpressoide_10.1.0_589/ide/tools/bin/../lib/gcc/arm-none-eabi/6.3.1/../../../../arm-none-eabi/lib/thumb/v7e-m/fpv4-sp/hard\libcr_c.a
LOAD c:/nxp/mcuxpressoide_10.1.0_589/ide/tools/bin/../lib/gcc/arm-none-eabi/6.3.1/thumb/v7e-m/fpv4-sp/hard\libcr_eabihelpers.a
END GROUP
                0x00000000                __base_PROGRAM_FLASH = 0x0
                0x00000000                __base_Flash = 0x0
                0x00200000                __top_PROGRAM_FLASH = 0x200000
                0x00200000                __top_Flash = 0x200000
                0x20000000                __base_SRAM_UPPER = 0x20000000
                0x20000000                __base_RAM = 0x20000000
                0x20030000                __top_SRAM_UPPER = 0x20030000
                0x20030000                __top_RAM = 0x20030000
                0x1fff0000                __base_SRAM_LOWER = 0x1fff0000
                0x1fff0000                __base_RAM2 = 0x1fff0000
                0x20000000                __top_SRAM_LOWER = 0x20000000
                0x20000000                __top_RAM2 = 0x20000000
                0x14000000                __base_FLEX_RAM = 0x14000000
                0x14000000                __base_RAM3 = 0x14000000
                0x14001000                __top_FLEX_RAM = 0x14001000
                0x14001000                __top_RAM3 = 0x14001000

.text           0x00000000     0x9af8
 FILL mask 0xff
                0x00000000                __vectors_start__ = ABSOLUTE (.)
 *(.isr_vector)
 .isr_vector    0x00000000      0x1d0 ./startup/startup_mk66f18.o
                0x00000000                g_pfnVectors
                0x00000000                __Vectors
                0x000001d0                . = ALIGN (0x4)
                0x000001d0                __section_table_start = .
                0x000001d0                __data_section_table = .
                0x000001d0        0x4 LONG 0x9af8 LOADADDR (.data)
                0x000001d4        0x4 LONG 0x20000000 ADDR (.data)
                0x000001d8        0x4 LONG 0xc SIZEOF (.data)
                0x000001dc        0x4 LONG 0x9af8 LOADADDR (.data_RAM2)
                0x000001e0        0x4 LONG 0x1fff0000 ADDR (.data_RAM2)
                0x000001e4        0x4 LONG 0x0 SIZEOF (.data_RAM2)
                0x000001e8        0x4 LONG 0x9af8 LOADADDR (.data_RAM3)
                0x000001ec        0x4 LONG 0x14000000 ADDR (.data_RAM3)
                0x000001f0        0x4 LONG 0x0 SIZEOF (.data_RAM3)
                0x000001f4                __data_section_table_end = .
                0x000001f4                __bss_section_table = .
                0x000001f4        0x4 LONG 0x2000000c ADDR (.bss)
                0x000001f8        0x4 LONG 0x1428 SIZEOF (.bss)
                0x000001fc        0x4 LONG 0x1fff0000 ADDR (.bss_RAM2)
                0x00000200        0x4 LONG 0x0 SIZEOF (.bss_RAM2)
                0x00000204        0x4 LONG 0x14000000 ADDR (.bss_RAM3)
                0x00000208        0x4 LONG 0x0 SIZEOF (.bss_RAM3)
                0x0000020c                __bss_section_table_end = .
                0x0000020c                __section_table_end = .
 *(.after_vectors*)
 .after_vectors.init_data
                0x0000020c       0x1e ./startup/startup_mk66f18.o
                0x0000020c                data_init
 .after_vectors.init_bss
                0x0000022a       0x12 ./startup/startup_mk66f18.o
                0x0000022a                bss_init
 .after_vectors.reset
                0x0000023c       0x4c ./startup/startup_mk66f18.o
                0x0000023c                ResetISR
 .after_vectors
                0x00000288       0x14 ./startup/startup_mk66f18.o
                0x00000288                NMI_Handler
                0x0000028c                MemManage_Handler
                0x0000028e                BusFault_Handler
                0x00000290                UsageFault_Handler
                0x00000292                SVC_Handler
                0x00000294                DebugMon_Handler
                0x00000296                PendSV_Handler
                0x00000298                SysTick_Handler
                0x0000029a                FTM2_DriverIRQHandler
                0x0000029a                PIT2_DriverIRQHandler
                0x0000029a                TPM2_DriverIRQHandler
                0x0000029a                TSI0_DriverIRQHandler
                0x0000029a                RTC_Seconds_DriverIRQHandler
                0x0000029a                FTM1_DriverIRQHandler
                0x0000029a                LLWU_DriverIRQHandler
                0x0000029a                MCM_DriverIRQHandler
                0x0000029a                MCG_DriverIRQHandler
                0x0000029a                ENET_1588_Timer_DriverIRQHandler
                0x0000029a                DAC1_DriverIRQHandler
                0x0000029a                CMP3_DriverIRQHandler
                0x0000029a                CMP1_DriverIRQHandler
                0x0000029a                USBHSDCD_DriverIRQHandler
                0x0000029a                FTM0_DriverIRQHandler
                0x0000029a                IntDefaultHandler
                0x0000029a                USB0_DriverIRQHandler
                0x0000029a                PORTC_DriverIRQHandler
                0x0000029a                DAC0_DriverIRQHandler
                0x0000029a                CMP2_DriverIRQHandler
                0x0000029a                UART2_ERR_DriverIRQHandler
                0x0000029a                LVD_LVW_DriverIRQHandler
                0x0000029a                DMA_Error_DriverIRQHandler
                0x0000029a                PIT0_DriverIRQHandler
                0x0000029a                RNG_DriverIRQHandler
                0x0000029a                USBDCD_DriverIRQHandler
                0x0000029a                UART3_ERR_DriverIRQHandler
                0x0000029a                UART0_ERR_DriverIRQHandler
                0x0000029a                CMT_DriverIRQHandler
                0x0000029a                Reserved71_DriverIRQHandler
                0x0000029a                ADC1_DriverIRQHandler
                0x0000029a                PORTA_DriverIRQHandler
                0x0000029a                PIT3_DriverIRQHandler
                0x0000029a                PIT1_DriverIRQHandler
                0x0000029a                TPM1_DriverIRQHandler
                0x0000029a                WDOG_EWM_DriverIRQHandler
                0x0000029a                PDB0_DriverIRQHandler
                0x0000029a                RTC_DriverIRQHandler
                0x0000029a                Read_Collision_DriverIRQHandler
                0x0000029a                SWI_DriverIRQHandler
                0x0000029a                UART4_ERR_DriverIRQHandler
                0x0000029a                LPTMR0_DriverIRQHandler
                0x0000029a                PORTB_DriverIRQHandler
                0x0000029a                ENET_Receive_DriverIRQHandler
                0x0000029a                ENET_Error_DriverIRQHandler
                0x0000029a                Reserved85_DriverIRQHandler
                0x0000029a                ADC0_DriverIRQHandler
                0x0000029a                USBHS_DriverIRQHandler
                0x0000029a                CMP0_DriverIRQHandler
                0x0000029a                CAN0_DriverIRQHandler
                0x0000029a                FTM3_DriverIRQHandler
                0x0000029a                Reserved84_DriverIRQHandler
                0x0000029a                UART1_ERR_DriverIRQHandler
                0x0000029a                ENET_Transmit_DriverIRQHandler
                0x0000029a                PORTD_DriverIRQHandler
                0x0000029a                Reserved46_DriverIRQHandler
                0x0000029a                PORTE_DriverIRQHandler
                0x0000029a                FTFE_DriverIRQHandler
                0x0000029a                CAN1_DriverIRQHandler
                0x00000400                . = 0x400
 *fill*         0x0000029c      0x164 ff
                0x00000400                PROVIDE (__FLASH_CONFIG_START__, .)
 *(.FlashConfig)
 .FlashConfig   0x00000400       0x10 ./startup/startup_mk66f18.o
                0x00000400                Flash_Config
                0x00000410                PROVIDE (__FLASH_CONFIG_END__, .)
                0x00000001                ASSERT (! ((__FLASH_CONFIG_START__ == __FLASH_CONFIG_END__)), Linker Flash Config Support Enabled, but no .FlashConfig section provided within application)
 *(.text*)
 .text.DbgConsole_Init
                0x00000410       0x38 ./utilities/fsl_debug_console.o
                0x00000410                DbgConsole_Init
 .text.UART_EnableTx
                0x00000448       0x40 ./utilities/fsl_io.o
 .text.UART_EnableRx
                0x00000488       0x40 ./utilities/fsl_io.o
 .text.LPUART_EnableTx
                0x000004c8       0x38 ./utilities/fsl_io.o
 .text.LPUART_EnableRx
                0x00000500       0x38 ./utilities/fsl_io.o
 .text.IO_Init  0x00000538       0xbc ./utilities/fsl_io.o
                0x00000538                IO_Init
 .text.LOG_Init
                0x000005f4       0x30 ./utilities/fsl_log.o
                0x000005f4                LOG_Init
 .text.DMA0_DMA16_IRQHandler
                0x00000624        0x8 ./startup/startup_mk66f18.o
                0x00000624                DMA0_DMA16_IRQHandler
 .text.DMA1_DMA17_IRQHandler
                0x0000062c        0x8 ./startup/startup_mk66f18.o
                0x0000062c                DMA1_DMA17_IRQHandler
 .text.DMA2_DMA18_IRQHandler
                0x00000634        0x8 ./startup/startup_mk66f18.o
                0x00000634                DMA2_DMA18_IRQHandler
 .text.DMA3_DMA19_IRQHandler
                0x0000063c        0x8 ./startup/startup_mk66f18.o
                0x0000063c                DMA3_DMA19_IRQHandler
 .text.DMA4_DMA20_IRQHandler
                0x00000644        0x8 ./startup/startup_mk66f18.o
                0x00000644                DMA4_DMA20_IRQHandler
 .text.DMA5_DMA21_IRQHandler
                0x0000064c        0x8 ./startup/startup_mk66f18.o
                0x0000064c                DMA5_DMA21_IRQHandler
 .text.DMA6_DMA22_IRQHandler
                0x00000654        0x8 ./startup/startup_mk66f18.o
                0x00000654                DMA6_DMA22_IRQHandler
 .text.DMA7_DMA23_IRQHandler
                0x0000065c        0x8 ./startup/startup_mk66f18.o
                0x0000065c                DMA7_DMA23_IRQHandler
 .text.DMA8_DMA24_IRQHandler
                0x00000664        0x8 ./startup/startup_mk66f18.o
                0x00000664                DMA8_DMA24_IRQHandler
 .text.DMA9_DMA25_IRQHandler
                0x0000066c        0x8 ./startup/startup_mk66f18.o
                0x0000066c                DMA9_DMA25_IRQHandler
 .text.DMA10_DMA26_IRQHandler
                0x00000674        0x8 ./startup/startup_mk66f18.o
                0x00000674                DMA10_DMA26_IRQHandler
 .text.DMA11_DMA27_IRQHandler
                0x0000067c        0x8 ./startup/startup_mk66f18.o
                0x0000067c                DMA11_DMA27_IRQHandler
 .text.DMA12_DMA28_IRQHandler
                0x00000684        0x8 ./startup/startup_mk66f18.o
                0x00000684                DMA12_DMA28_IRQHandler
 .text.DMA13_DMA29_IRQHandler
                0x0000068c        0x8 ./startup/startup_mk66f18.o
                0x0000068c                DMA13_DMA29_IRQHandler
 .text.DMA14_DMA30_IRQHandler
                0x00000694        0x8 ./startup/startup_mk66f18.o
                0x00000694                DMA14_DMA30_IRQHandler
 .text.DMA15_DMA31_IRQHandler
                0x0000069c        0x8 ./startup/startup_mk66f18.o
                0x0000069c                DMA15_DMA31_IRQHandler
 .text.DMA_Error_IRQHandler
                0x000006a4        0x8 ./startup/startup_mk66f18.o
                0x000006a4                DMA_Error_IRQHandler
 .text.MCM_IRQHandler
                0x000006ac        0x8 ./startup/startup_mk66f18.o
                0x000006ac                MCM_IRQHandler
 .text.FTFE_IRQHandler
                0x000006b4        0x8 ./startup/startup_mk66f18.o
                0x000006b4                FTFE_IRQHandler
 .text.Read_Collision_IRQHandler
                0x000006bc        0x8 ./startup/startup_mk66f18.o
                0x000006bc                Read_Collision_IRQHandler
 .text.LVD_LVW_IRQHandler
                0x000006c4        0x8 ./startup/startup_mk66f18.o
                0x000006c4                LVD_LVW_IRQHandler
 .text.LLWU_IRQHandler
                0x000006cc        0x8 ./startup/startup_mk66f18.o
                0x000006cc                LLWU_IRQHandler
 .text.WDOG_EWM_IRQHandler
                0x000006d4        0x8 ./startup/startup_mk66f18.o
                0x000006d4                WDOG_EWM_IRQHandler
 .text.RNG_IRQHandler
                0x000006dc        0x8 ./startup/startup_mk66f18.o
                0x000006dc                RNG_IRQHandler
 .text.I2C0_IRQHandler
                0x000006e4        0x8 ./startup/startup_mk66f18.o
                0x000006e4                I2C0_IRQHandler
 .text.I2C1_IRQHandler
                0x000006ec        0x8 ./startup/startup_mk66f18.o
                0x000006ec                I2C1_IRQHandler
 .text.SPI0_IRQHandler
                0x000006f4        0x8 ./startup/startup_mk66f18.o
                0x000006f4                SPI0_IRQHandler
 .text.SPI1_IRQHandler
                0x000006fc        0x8 ./startup/startup_mk66f18.o
                0x000006fc                SPI1_IRQHandler
 .text.Reserved46_IRQHandler
                0x00000704        0x8 ./startup/startup_mk66f18.o
                0x00000704                Reserved46_IRQHandler
 .text.UART0_RX_TX_IRQHandler
                0x0000070c        0x8 ./startup/startup_mk66f18.o
                0x0000070c                UART0_RX_TX_IRQHandler
 .text.UART0_ERR_IRQHandler
                0x00000714        0x8 ./startup/startup_mk66f18.o
                0x00000714                UART0_ERR_IRQHandler
 .text.UART1_RX_TX_IRQHandler
                0x0000071c        0x8 ./startup/startup_mk66f18.o
                0x0000071c                UART1_RX_TX_IRQHandler
 .text.UART1_ERR_IRQHandler
                0x00000724        0x8 ./startup/startup_mk66f18.o
                0x00000724                UART1_ERR_IRQHandler
 .text.UART2_RX_TX_IRQHandler
                0x0000072c        0x8 ./startup/startup_mk66f18.o
                0x0000072c                UART2_RX_TX_IRQHandler
 .text.UART2_ERR_IRQHandler
                0x00000734        0x8 ./startup/startup_mk66f18.o
                0x00000734                UART2_ERR_IRQHandler
 .text.UART3_RX_TX_IRQHandler
                0x0000073c        0x8 ./startup/startup_mk66f18.o
                0x0000073c                UART3_RX_TX_IRQHandler
 .text.UART3_ERR_IRQHandler
                0x00000744        0x8 ./startup/startup_mk66f18.o
                0x00000744                UART3_ERR_IRQHandler
 .text.ADC0_IRQHandler
                0x0000074c        0x8 ./startup/startup_mk66f18.o
                0x0000074c                ADC0_IRQHandler
 .text.CMP0_IRQHandler
                0x00000754        0x8 ./startup/startup_mk66f18.o
                0x00000754                CMP0_IRQHandler
 .text.CMP1_IRQHandler
                0x0000075c        0x8 ./startup/startup_mk66f18.o
                0x0000075c                CMP1_IRQHandler
 .text.FTM0_IRQHandler
                0x00000764        0x8 ./startup/startup_mk66f18.o
                0x00000764                FTM0_IRQHandler
 .text.FTM1_IRQHandler
                0x0000076c        0x8 ./startup/startup_mk66f18.o
                0x0000076c                FTM1_IRQHandler
 .text.FTM2_IRQHandler
                0x00000774        0x8 ./startup/startup_mk66f18.o
                0x00000774                FTM2_IRQHandler
 .text.CMT_IRQHandler
                0x0000077c        0x8 ./startup/startup_mk66f18.o
                0x0000077c                CMT_IRQHandler
 .text.RTC_IRQHandler
                0x00000784        0x8 ./startup/startup_mk66f18.o
                0x00000784                RTC_IRQHandler
 .text.RTC_Seconds_IRQHandler
                0x0000078c        0x8 ./startup/startup_mk66f18.o
                0x0000078c                RTC_Seconds_IRQHandler
 .text.PIT0_IRQHandler
                0x00000794        0x8 ./startup/startup_mk66f18.o
                0x00000794                PIT0_IRQHandler
 .text.PIT1_IRQHandler
                0x0000079c        0x8 ./startup/startup_mk66f18.o
                0x0000079c                PIT1_IRQHandler
 .text.PIT2_IRQHandler
                0x000007a4        0x8 ./startup/startup_mk66f18.o
                0x000007a4                PIT2_IRQHandler
 .text.PIT3_IRQHandler
                0x000007ac        0x8 ./startup/startup_mk66f18.o
                0x000007ac                PIT3_IRQHandler
 .text.PDB0_IRQHandler
                0x000007b4        0x8 ./startup/startup_mk66f18.o
                0x000007b4                PDB0_IRQHandler
 .text.USB0_IRQHandler
                0x000007bc        0x8 ./startup/startup_mk66f18.o
                0x000007bc                USB0_IRQHandler
 .text.USBDCD_IRQHandler
                0x000007c4        0x8 ./startup/startup_mk66f18.o
                0x000007c4                USBDCD_IRQHandler
 .text.Reserved71_IRQHandler
                0x000007cc        0x8 ./startup/startup_mk66f18.o
                0x000007cc                Reserved71_IRQHandler
 .text.DAC0_IRQHandler
                0x000007d4        0x8 ./startup/startup_mk66f18.o
                0x000007d4                DAC0_IRQHandler
 .text.MCG_IRQHandler
                0x000007dc        0x8 ./startup/startup_mk66f18.o
                0x000007dc                MCG_IRQHandler
 .text.LPTMR0_IRQHandler
                0x000007e4        0x8 ./startup/startup_mk66f18.o
                0x000007e4                LPTMR0_IRQHandler
 .text.PORTA_IRQHandler
                0x000007ec        0x8 ./startup/startup_mk66f18.o
                0x000007ec                PORTA_IRQHandler
 .text.PORTB_IRQHandler
                0x000007f4        0x8 ./startup/startup_mk66f18.o
                0x000007f4                PORTB_IRQHandler
 .text.PORTC_IRQHandler
                0x000007fc        0x8 ./startup/startup_mk66f18.o
                0x000007fc                PORTC_IRQHandler
 .text.PORTD_IRQHandler
                0x00000804        0x8 ./startup/startup_mk66f18.o
                0x00000804                PORTD_IRQHandler
 .text.PORTE_IRQHandler
                0x0000080c        0x8 ./startup/startup_mk66f18.o
                0x0000080c                PORTE_IRQHandler
 .text.SWI_IRQHandler
                0x00000814        0x8 ./startup/startup_mk66f18.o
                0x00000814                SWI_IRQHandler
 .text.SPI2_IRQHandler
                0x0000081c        0x8 ./startup/startup_mk66f18.o
                0x0000081c                SPI2_IRQHandler
 .text.UART4_RX_TX_IRQHandler
                0x00000824        0x8 ./startup/startup_mk66f18.o
                0x00000824                UART4_RX_TX_IRQHandler
 .text.UART4_ERR_IRQHandler
                0x0000082c        0x8 ./startup/startup_mk66f18.o
                0x0000082c                UART4_ERR_IRQHandler
 .text.Reserved84_IRQHandler
                0x00000834        0x8 ./startup/startup_mk66f18.o
                0x00000834                Reserved84_IRQHandler
 .text.Reserved85_IRQHandler
                0x0000083c        0x8 ./startup/startup_mk66f18.o
                0x0000083c                Reserved85_IRQHandler
 .text.CMP2_IRQHandler
                0x00000844        0x8 ./startup/startup_mk66f18.o
                0x00000844                CMP2_IRQHandler
 .text.FTM3_IRQHandler
                0x0000084c        0x8 ./startup/startup_mk66f18.o
                0x0000084c                FTM3_IRQHandler
 .text.DAC1_IRQHandler
                0x00000854        0x8 ./startup/startup_mk66f18.o
                0x00000854                DAC1_IRQHandler
 .text.ADC1_IRQHandler
                0x0000085c        0x8 ./startup/startup_mk66f18.o
                0x0000085c                ADC1_IRQHandler
 .text.I2C2_IRQHandler
                0x00000864        0x8 ./startup/startup_mk66f18.o
                0x00000864                I2C2_IRQHandler
 .text.CAN0_ORed_Message_buffer_IRQHandler
                0x0000086c        0x8 ./startup/startup_mk66f18.o
                0x0000086c                CAN0_ORed_Message_buffer_IRQHandler
 .text.CAN0_Bus_Off_IRQHandler
                0x00000874        0x8 ./startup/startup_mk66f18.o
                0x00000874                CAN0_Bus_Off_IRQHandler
 .text.CAN0_Error_IRQHandler
                0x0000087c        0x8 ./startup/startup_mk66f18.o
                0x0000087c                CAN0_Error_IRQHandler
 .text.CAN0_Tx_Warning_IRQHandler
                0x00000884        0x8 ./startup/startup_mk66f18.o
                0x00000884                CAN0_Tx_Warning_IRQHandler
 .text.CAN0_Rx_Warning_IRQHandler
                0x0000088c        0x8 ./startup/startup_mk66f18.o
                0x0000088c                CAN0_Rx_Warning_IRQHandler
 .text.CAN0_Wake_Up_IRQHandler
                0x00000894        0x8 ./startup/startup_mk66f18.o
                0x00000894                CAN0_Wake_Up_IRQHandler
 .text.SDHC_IRQHandler
                0x0000089c        0x8 ./startup/startup_mk66f18.o
                0x0000089c                SDHC_IRQHandler
 .text.ENET_1588_Timer_IRQHandler
                0x000008a4        0x8 ./startup/startup_mk66f18.o
                0x000008a4                ENET_1588_Timer_IRQHandler
 .text.ENET_Transmit_IRQHandler
                0x000008ac        0x8 ./startup/startup_mk66f18.o
                0x000008ac                ENET_Transmit_IRQHandler
 .text.ENET_Receive_IRQHandler
                0x000008b4        0x8 ./startup/startup_mk66f18.o
                0x000008b4                ENET_Receive_IRQHandler
 .text.ENET_Error_IRQHandler
                0x000008bc        0x8 ./startup/startup_mk66f18.o
                0x000008bc                ENET_Error_IRQHandler
 .text.LPUART0_IRQHandler
                0x000008c4        0x8 ./startup/startup_mk66f18.o
                0x000008c4                LPUART0_IRQHandler
 .text.TSI0_IRQHandler
                0x000008cc        0x8 ./startup/startup_mk66f18.o
                0x000008cc                TSI0_IRQHandler
 .text.TPM1_IRQHandler
                0x000008d4        0x8 ./startup/startup_mk66f18.o
                0x000008d4                TPM1_IRQHandler
 .text.TPM2_IRQHandler
                0x000008dc        0x8 ./startup/startup_mk66f18.o
                0x000008dc                TPM2_IRQHandler
 .text.USBHSDCD_IRQHandler
                0x000008e4        0x8 ./startup/startup_mk66f18.o
                0x000008e4                USBHSDCD_IRQHandler
 .text.I2C3_IRQHandler
                0x000008ec        0x8 ./startup/startup_mk66f18.o
                0x000008ec                I2C3_IRQHandler
 .text.CMP3_IRQHandler
                0x000008f4        0x8 ./startup/startup_mk66f18.o
                0x000008f4                CMP3_IRQHandler
 .text.USBHS_IRQHandler
                0x000008fc        0x8 ./startup/startup_mk66f18.o
                0x000008fc                USBHS_IRQHandler
 .text.CAN1_ORed_Message_buffer_IRQHandler
                0x00000904        0x8 ./startup/startup_mk66f18.o
                0x00000904                CAN1_ORed_Message_buffer_IRQHandler
 .text.CAN1_Bus_Off_IRQHandler
                0x0000090c        0x8 ./startup/startup_mk66f18.o
                0x0000090c                CAN1_Bus_Off_IRQHandler
 .text.CAN1_Error_IRQHandler
                0x00000914        0x8 ./startup/startup_mk66f18.o
                0x00000914                CAN1_Error_IRQHandler
 .text.CAN1_Tx_Warning_IRQHandler
                0x0000091c        0x8 ./startup/startup_mk66f18.o
                0x0000091c                CAN1_Tx_Warning_IRQHandler
 .text.CAN1_Rx_Warning_IRQHandler
                0x00000924        0x8 ./startup/startup_mk66f18.o
                0x00000924                CAN1_Rx_Warning_IRQHandler
 .text.CAN1_Wake_Up_IRQHandler
                0x0000092c        0x8 ./startup/startup_mk66f18.o
                0x0000092c                CAN1_Wake_Up_IRQHandler
 .text.__NVIC_EnableIRQ
                0x00000934       0x3c ./source/Audio/AudioStreamer.o
 .text.EnableIRQ
                0x00000970       0x2c ./source/Audio/AudioStreamer.o
 .text.SAI_TxClearStatusFlags
                0x0000099c       0x26 ./source/Audio/AudioStreamer.o
 .text.SAI_RxClearStatusFlags
                0x000009c2       0x2a ./source/Audio/AudioStreamer.o
 .text.SAI_TxEnableInterrupts
                0x000009ec       0x26 ./source/Audio/AudioStreamer.o
 .text.SAI_RxEnableInterrupts
                0x00000a12       0x2a ./source/Audio/AudioStreamer.o
 .text.DMAMUX_EnableChannel
                0x00000a3c       0x3c ./source/Audio/AudioStreamer.o
 .text.DMAMUX_SetSource
                0x00000a78       0x4c ./source/Audio/AudioStreamer.o
 .text.txCallback
                0x00000ac4       0x84 ./source/Audio/AudioStreamer.o
                0x00000ac4                txCallback
 .text.rxCallback
                0x00000b48       0x84 ./source/Audio/AudioStreamer.o
                0x00000b48                rxCallback
 .text.Init_Dialog7212
                0x00000bcc      0x1dc ./source/Audio/AudioStreamer.o
                0x00000bcc                Init_Dialog7212
 .text.I2S0_Tx_IRQHandler
                0x00000da8       0x24 ./source/Audio/AudioStreamer.o
                0x00000da8                I2S0_Tx_IRQHandler
 .text.I2S0_Rx_IRQHandler
                0x00000dcc       0x24 ./source/Audio/AudioStreamer.o
                0x00000dcc                I2S0_Rx_IRQHandler
 .text.main     0x00000df0       0x16 ./source/main.o
                0x00000df0                main
 .text.HardFault_Handler
                0x00000e06       0x2a ./source/semihost_hardfault.o
                0x00000e06                HardFault_Handler
 .text.CLOCK_SetEr32kClock
                0x00000e30       0x30 ./drivers/fsl_clock.o
 .text.CLOCK_SetPllFllSelClock
                0x00000e60       0x58 ./drivers/fsl_clock.o
 .text.OSC_SetExtRefClkConfig
                0x00000eb8       0x40 ./drivers/fsl_clock.o
 .text.OSC_SetCapLoad
                0x00000ef8       0x34 ./drivers/fsl_clock.o
 .text.CLOCK_GetMcgExtClkFreq
                0x00000f2c       0x78 ./drivers/fsl_clock.o
 .text.CLOCK_GetFllExtRefClkFreq
                0x00000fa4       0xcc ./drivers/fsl_clock.o
 .text.CLOCK_GetInternalRefClkSelectFreq
                0x00001070       0x44 ./drivers/fsl_clock.o
 .text.CLOCK_GetFllRefClkFreq
                0x000010b4       0x2c ./drivers/fsl_clock.o
 .text.CLOCK_GetPll0RefFreq
                0x000010e0        0xe ./drivers/fsl_clock.o
 *fill*         0x000010ee        0x2 ff
 .text.CLOCK_GetOscRangeFromFreq
                0x000010f0       0x3c ./drivers/fsl_clock.o
 .text.CLOCK_GetOsc0ErClkUndivFreq
                0x0000112c       0x38 ./drivers/fsl_clock.o
                0x0000112c                CLOCK_GetOsc0ErClkUndivFreq
 .text.CLOCK_GetOsc0ErClkDivFreq
                0x00001164       0x48 ./drivers/fsl_clock.o
                0x00001164                CLOCK_GetOsc0ErClkDivFreq
 .text.CLOCK_GetEr32kClkFreq
                0x000011ac       0x70 ./drivers/fsl_clock.o
                0x000011ac                CLOCK_GetEr32kClkFreq
 .text.CLOCK_GetPllFllSelClkFreq
                0x0000121c       0x90 ./drivers/fsl_clock.o
                0x0000121c                CLOCK_GetPllFllSelClkFreq
 .text.CLOCK_GetCoreSysClkFreq
                0x000012ac       0x28 ./drivers/fsl_clock.o
                0x000012ac                CLOCK_GetCoreSysClkFreq
 .text.CLOCK_GetFreq
                0x000012d4      0x150 ./drivers/fsl_clock.o
                0x000012d4                CLOCK_GetFreq
 .text.CLOCK_SetSimConfig
                0x00001424       0x44 ./drivers/fsl_clock.o
                0x00001424                CLOCK_SetSimConfig
 .text.CLOCK_GetOutClkFreq
                0x00001468       0x90 ./drivers/fsl_clock.o
                0x00001468                CLOCK_GetOutClkFreq
 .text.CLOCK_GetFllFreq
                0x000014f8       0x7c ./drivers/fsl_clock.o
                0x000014f8                CLOCK_GetFllFreq
 .text.CLOCK_GetInternalRefClkFreq
                0x00001574       0x24 ./drivers/fsl_clock.o
                0x00001574                CLOCK_GetInternalRefClkFreq
 .text.CLOCK_GetFixedFreqClkFreq
                0x00001598       0x2e ./drivers/fsl_clock.o
                0x00001598                CLOCK_GetFixedFreqClkFreq
 *fill*         0x000015c6        0x2 ff
 .text.CLOCK_GetPll0Freq
                0x000015c8       0x6c ./drivers/fsl_clock.o
                0x000015c8                CLOCK_GetPll0Freq
 .text.CLOCK_GetExtPllFreq
                0x00001634       0x18 ./drivers/fsl_clock.o
                0x00001634                CLOCK_GetExtPllFreq
 .text.CLOCK_SetExternalRefClkConfig
                0x0000164c       0x6c ./drivers/fsl_clock.o
                0x0000164c                CLOCK_SetExternalRefClkConfig
 .text.CLOCK_SetInternalRefClkConfig
                0x000016b8      0x104 ./drivers/fsl_clock.o
                0x000016b8                CLOCK_SetInternalRefClkConfig
 .text.CLOCK_EnablePll0
                0x000017bc       0x84 ./drivers/fsl_clock.o
                0x000017bc                CLOCK_EnablePll0
 .text.CLOCK_InitOsc0
                0x00001840       0x8c ./drivers/fsl_clock.o
                0x00001840                CLOCK_InitOsc0
 .text.CLOCK_SetPbeMode
                0x000018cc       0xe8 ./drivers/fsl_clock.o
                0x000018cc                CLOCK_SetPbeMode
 .text.CLOCK_BootToPeeMode
                0x000019b4       0x68 ./drivers/fsl_clock.o
                0x000019b4                CLOCK_BootToPeeMode
 .text.CLOCK_EnableClock
                0x00001a1c       0x36 ./drivers/fsl_dmamux.o
 *fill*         0x00001a52        0x2 ff
 .text.DMAMUX_GetInstance
                0x00001a54       0x44 ./drivers/fsl_dmamux.o
 .text.DMAMUX_Init
                0x00001a98       0x24 ./drivers/fsl_dmamux.o
                0x00001a98                DMAMUX_Init
 .text.DSPI_IsMaster
                0x00001abc       0x1c ./drivers/fsl_dspi.o
 .text.DSPI_CommonIRQHandler
                0x00001ad8       0x40 ./drivers/fsl_dspi.o
 .text.SPI0_DriverIRQHandler
                0x00001b18       0x30 ./drivers/fsl_dspi.o
                0x00001b18                SPI0_DriverIRQHandler
 .text.SPI1_DriverIRQHandler
                0x00001b48       0x30 ./drivers/fsl_dspi.o
                0x00001b48                SPI1_DriverIRQHandler
 .text.SPI2_DriverIRQHandler
                0x00001b78       0x30 ./drivers/fsl_dspi.o
                0x00001b78                SPI2_DriverIRQHandler
 .text.__NVIC_EnableIRQ
                0x00001ba8       0x3c ./drivers/fsl_edma.o
 .text.CLOCK_EnableClock
                0x00001be4       0x36 ./drivers/fsl_edma.o
 .text.EnableIRQ
                0x00001c1a       0x2c ./drivers/fsl_edma.o
 .text.DisableGlobalIRQ
                0x00001c46       0x20 ./drivers/fsl_edma.o
 .text.EnableGlobalIRQ
                0x00001c66       0x1e ./drivers/fsl_edma.o
 .text.EDMA_GetInstance
                0x00001c84       0x44 ./drivers/fsl_edma.o
 .text.EDMA_InstallTCD
                0x00001cc8      0x148 ./drivers/fsl_edma.o
                0x00001cc8                EDMA_InstallTCD
 .text.EDMA_Init
                0x00001e10       0x80 ./drivers/fsl_edma.o
                0x00001e10                EDMA_Init
 .text.EDMA_GetDefaultConfig
                0x00001e90       0x38 ./drivers/fsl_edma.o
                0x00001e90                EDMA_GetDefaultConfig
 .text.EDMA_SetTransferConfig
                0x00001ec8       0x60 ./drivers/fsl_edma.o
                0x00001ec8                EDMA_SetTransferConfig
 .text.EDMA_TcdReset
                0x00001f28       0x78 ./drivers/fsl_edma.o
                0x00001f28                EDMA_TcdReset
 .text.EDMA_TcdSetTransferConfig
                0x00001fa0       0xe8 ./drivers/fsl_edma.o
                0x00001fa0                EDMA_TcdSetTransferConfig
 .text.EDMA_GetChannelStatusFlags
                0x00002088       0x74 ./drivers/fsl_edma.o
                0x00002088                EDMA_GetChannelStatusFlags
 .text.Get_StartInstance
                0x000020fc       0x24 ./drivers/fsl_edma.o
 .text.EDMA_CreateHandle
                0x00002120       0xe4 ./drivers/fsl_edma.o
                0x00002120                EDMA_CreateHandle
 .text.EDMA_InstallTCDMemory
                0x00002204       0x60 ./drivers/fsl_edma.o
                0x00002204                EDMA_InstallTCDMemory
 .text.EDMA_SetCallback
                0x00002264       0x30 ./drivers/fsl_edma.o
                0x00002264                EDMA_SetCallback
 .text.EDMA_PrepareTransfer
                0x00002294      0x288 ./drivers/fsl_edma.o
                0x00002294                EDMA_PrepareTransfer
 .text.EDMA_SubmitTransfer
                0x0000251c      0x2a4 ./drivers/fsl_edma.o
                0x0000251c                EDMA_SubmitTransfer
 .text.EDMA_StartTransfer
                0x000027c0       0xac ./drivers/fsl_edma.o
                0x000027c0                EDMA_StartTransfer
 .text.EDMA_AbortTransfer
                0x0000286c       0x6a ./drivers/fsl_edma.o
                0x0000286c                EDMA_AbortTransfer
 *fill*         0x000028d6        0x2 ff
 .text.EDMA_HandleIRQ
                0x000028d8      0x144 ./drivers/fsl_edma.o
                0x000028d8                EDMA_HandleIRQ
 .text.DMA0_DMA16_DriverIRQHandler
                0x00002a1c       0x4c ./drivers/fsl_edma.o
                0x00002a1c                DMA0_DMA16_DriverIRQHandler
 .text.DMA1_DMA17_DriverIRQHandler
                0x00002a68       0x4c ./drivers/fsl_edma.o
                0x00002a68                DMA1_DMA17_DriverIRQHandler
 .text.DMA2_DMA18_DriverIRQHandler
                0x00002ab4       0x4c ./drivers/fsl_edma.o
                0x00002ab4                DMA2_DMA18_DriverIRQHandler
 .text.DMA3_DMA19_DriverIRQHandler
                0x00002b00       0x4c ./drivers/fsl_edma.o
                0x00002b00                DMA3_DMA19_DriverIRQHandler
 .text.DMA4_DMA20_DriverIRQHandler
                0x00002b4c       0x4c ./drivers/fsl_edma.o
                0x00002b4c                DMA4_DMA20_DriverIRQHandler
 .text.DMA5_DMA21_DriverIRQHandler
                0x00002b98       0x4c ./drivers/fsl_edma.o
                0x00002b98                DMA5_DMA21_DriverIRQHandler
 .text.DMA6_DMA22_DriverIRQHandler
                0x00002be4       0x4c ./drivers/fsl_edma.o
                0x00002be4                DMA6_DMA22_DriverIRQHandler
 .text.DMA7_DMA23_DriverIRQHandler
                0x00002c30       0x4c ./drivers/fsl_edma.o
                0x00002c30                DMA7_DMA23_DriverIRQHandler
 .text.DMA8_DMA24_DriverIRQHandler
                0x00002c7c       0x4c ./drivers/fsl_edma.o
                0x00002c7c                DMA8_DMA24_DriverIRQHandler
 .text.DMA9_DMA25_DriverIRQHandler
                0x00002cc8       0x4c ./drivers/fsl_edma.o
                0x00002cc8                DMA9_DMA25_DriverIRQHandler
 .text.DMA10_DMA26_DriverIRQHandler
                0x00002d14       0x4c ./drivers/fsl_edma.o
                0x00002d14                DMA10_DMA26_DriverIRQHandler
 .text.DMA11_DMA27_DriverIRQHandler
                0x00002d60       0x4c ./drivers/fsl_edma.o
                0x00002d60                DMA11_DMA27_DriverIRQHandler
 .text.DMA12_DMA28_DriverIRQHandler
                0x00002dac       0x4c ./drivers/fsl_edma.o
                0x00002dac                DMA12_DMA28_DriverIRQHandler
 .text.DMA13_DMA29_DriverIRQHandler
                0x00002df8       0x4c ./drivers/fsl_edma.o
                0x00002df8                DMA13_DMA29_DriverIRQHandler
 .text.DMA14_DMA30_DriverIRQHandler
                0x00002e44       0x4c ./drivers/fsl_edma.o
                0x00002e44                DMA14_DMA30_DriverIRQHandler
 .text.DMA15_DMA31_DriverIRQHandler
                0x00002e90       0x4c ./drivers/fsl_edma.o
                0x00002e90                DMA15_DMA31_DriverIRQHandler
 .text.__NVIC_EnableIRQ
                0x00002edc       0x3c ./drivers/fsl_i2c.o
 .text.CLOCK_EnableClock
                0x00002f18       0x36 ./drivers/fsl_i2c.o
 .text.EnableIRQ
                0x00002f4e       0x2c ./drivers/fsl_i2c.o
 .text.I2C_MasterClearStatusFlags
                0x00002f7a       0x5a ./drivers/fsl_i2c.o
 .text.I2C_GetInstance
                0x00002fd4       0x4c ./drivers/fsl_i2c.o
                0x00002fd4                I2C_GetInstance
 .text.I2C_CheckAndClearError
                0x00003020       0x44 ./drivers/fsl_i2c.o
 .text.I2C_MasterTransferRunStateMachine
                0x00003064      0x250 ./drivers/fsl_i2c.o
 .text.I2C_TransferCommonIRQHandler
                0x000032b4       0x50 ./drivers/fsl_i2c.o
 .text.I2C_MasterInit
                0x00003304       0xdc ./drivers/fsl_i2c.o
                0x00003304                I2C_MasterInit
 .text.I2C_MasterGetDefaultConfig
                0x000033e0       0x3c ./drivers/fsl_i2c.o
                0x000033e0                I2C_MasterGetDefaultConfig
 .text.I2C_DisableInterrupts
                0x0000341c       0x4a ./drivers/fsl_i2c.o
                0x0000341c                I2C_DisableInterrupts
 *fill*         0x00003466        0x2 ff
 .text.I2C_MasterSetBaudRate
                0x00003468       0xe0 ./drivers/fsl_i2c.o
                0x00003468                I2C_MasterSetBaudRate
 .text.I2C_MasterStart
                0x00003548       0x62 ./drivers/fsl_i2c.o
                0x00003548                I2C_MasterStart
 .text.I2C_MasterRepeatedStart
                0x000035aa       0x9a ./drivers/fsl_i2c.o
                0x000035aa                I2C_MasterRepeatedStart
 .text.I2C_MasterStop
                0x00003644       0x3a ./drivers/fsl_i2c.o
                0x00003644                I2C_MasterStop
 .text.I2C_MasterGetStatusFlags
                0x0000367e       0x4a ./drivers/fsl_i2c.o
                0x0000367e                I2C_MasterGetStatusFlags
 .text.I2C_MasterWriteBlocking
                0x000036c8       0xdc ./drivers/fsl_i2c.o
                0x000036c8                I2C_MasterWriteBlocking
 .text.I2C_MasterReadBlocking
                0x000037a4       0xdc ./drivers/fsl_i2c.o
                0x000037a4                I2C_MasterReadBlocking
 .text.I2C_MasterTransferBlocking
                0x00003880      0x21c ./drivers/fsl_i2c.o
                0x00003880                I2C_MasterTransferBlocking
 .text.I2C_MasterTransferCreateHandle
                0x00003a9c       0x74 ./drivers/fsl_i2c.o
                0x00003a9c                I2C_MasterTransferCreateHandle
 .text.I2C_MasterTransferHandleIRQ
                0x00003b10       0xb4 ./drivers/fsl_i2c.o
                0x00003b10                I2C_MasterTransferHandleIRQ
 .text.I2C0_DriverIRQHandler
                0x00003bc4       0x1c ./drivers/fsl_i2c.o
                0x00003bc4                I2C0_DriverIRQHandler
 .text.I2C1_DriverIRQHandler
                0x00003be0       0x1c ./drivers/fsl_i2c.o
                0x00003be0                I2C1_DriverIRQHandler
 .text.I2C2_DriverIRQHandler
                0x00003bfc       0x1c ./drivers/fsl_i2c.o
                0x00003bfc                I2C2_DriverIRQHandler
 .text.I2C3_DriverIRQHandler
                0x00003c18       0x1c ./drivers/fsl_i2c.o
                0x00003c18                I2C3_DriverIRQHandler
 .text.CLOCK_EnableClock
                0x00003c34       0x36 ./drivers/fsl_lpuart.o
 *fill*         0x00003c6a        0x2 ff
 .text.LPUART_GetInstance
                0x00003c6c       0x44 ./drivers/fsl_lpuart.o
                0x00003c6c                LPUART_GetInstance
 .text.LPUART_Init
                0x00003cb0      0x290 ./drivers/fsl_lpuart.o
                0x00003cb0                LPUART_Init
 .text.LPUART_GetDefaultConfig
                0x00003f40       0x70 ./drivers/fsl_lpuart.o
                0x00003f40                LPUART_GetDefaultConfig
 .text.LPUART0_DriverIRQHandler
                0x00003fb0       0x28 ./drivers/fsl_lpuart.o
                0x00003fb0                LPUART0_DriverIRQHandler
 .text.CLOCK_EnableClock
                0x00003fd8       0x36 ./drivers/fsl_sai.o
 .text.SAI_TxClearStatusFlags
                0x0000400e       0x26 ./drivers/fsl_sai.o
 .text.SAI_RxClearStatusFlags
                0x00004034       0x2a ./drivers/fsl_sai.o
 *fill*         0x0000405e        0x2 ff
 .text.SAI_SetMasterClockDivider
                0x00004060      0x114 ./drivers/fsl_sai.o
 .text.SAI_GetInstance
                0x00004174       0x44 ./drivers/fsl_sai.o
                0x00004174                SAI_GetInstance
 .text.SAI_TxInit
                0x000041b8      0x234 ./drivers/fsl_sai.o
                0x000041b8                SAI_TxInit
 .text.SAI_RxInit
                0x000043ec      0x284 ./drivers/fsl_sai.o
                0x000043ec                SAI_RxInit
 .text.SAI_TxGetDefaultConfig
                0x00004670       0x38 ./drivers/fsl_sai.o
                0x00004670                SAI_TxGetDefaultConfig
 .text.SAI_RxGetDefaultConfig
                0x000046a8       0x38 ./drivers/fsl_sai.o
                0x000046a8                SAI_RxGetDefaultConfig
 .text.SAI_TxEnable
                0x000046e0       0x80 ./drivers/fsl_sai.o
                0x000046e0                SAI_TxEnable
 .text.SAI_RxEnable
                0x00004760       0x84 ./drivers/fsl_sai.o
                0x00004760                SAI_RxEnable
 .text.SAI_TxSoftwareReset
                0x000047e4       0x2e ./drivers/fsl_sai.o
                0x000047e4                SAI_TxSoftwareReset
 .text.SAI_RxSoftwareReset
                0x00004812       0x36 ./drivers/fsl_sai.o
                0x00004812                SAI_RxSoftwareReset
 .text.SAI_TxSetFormat
                0x00004848      0x15e ./drivers/fsl_sai.o
                0x00004848                SAI_TxSetFormat
 .text.SAI_RxSetFormat
                0x000049a6      0x17c ./drivers/fsl_sai.o
                0x000049a6                SAI_RxSetFormat
 .text.SAI_TxEnableDMA
                0x00004b22       0x44 ./drivers/fsl_sai_edma.o
 .text.SAI_RxEnableDMA
                0x00004b66       0x4c ./drivers/fsl_sai_edma.o
 .text.SAI_TxGetDataRegisterAddress
                0x00004bb2       0x20 ./drivers/fsl_sai_edma.o
 .text.SAI_RxGetDataRegisterAddress
                0x00004bd2       0x20 ./drivers/fsl_sai_edma.o
 .text.SAI_TxEDMACallback
                0x00004bf2       0xa4 ./drivers/fsl_sai_edma.o
 .text.SAI_RxEDMACallback
                0x00004c96       0xa4 ./drivers/fsl_sai_edma.o
 *fill*         0x00004d3a        0x2 ff
 .text.SAI_TransferTxCreateHandleEDMA
                0x00004d3c       0xa0 ./drivers/fsl_sai_edma.o
                0x00004d3c                SAI_TransferTxCreateHandleEDMA
 .text.SAI_TransferRxCreateHandleEDMA
                0x00004ddc       0xa4 ./drivers/fsl_sai_edma.o
                0x00004ddc                SAI_TransferRxCreateHandleEDMA
 .text.SAI_TransferTxSetFormatEDMA
                0x00004e80       0x78 ./drivers/fsl_sai_edma.o
                0x00004e80                SAI_TransferTxSetFormatEDMA
 .text.SAI_TransferRxSetFormatEDMA
                0x00004ef8       0x74 ./drivers/fsl_sai_edma.o
                0x00004ef8                SAI_TransferRxSetFormatEDMA
 .text.SAI_TransferSendEDMA
                0x00004f6c      0x184 ./drivers/fsl_sai_edma.o
                0x00004f6c                SAI_TransferSendEDMA
 .text.SAI_TransferReceiveEDMA
                0x000050f0      0x188 ./drivers/fsl_sai_edma.o
                0x000050f0                SAI_TransferReceiveEDMA
 .text.SAI_TransferAbortSendEDMA
                0x00005278       0xa4 ./drivers/fsl_sai_edma.o
                0x00005278                SAI_TransferAbortSendEDMA
 .text.SAI_TransferAbortReceiveEDMA
                0x0000531c       0xb0 ./drivers/fsl_sai_edma.o
                0x0000531c                SAI_TransferAbortReceiveEDMA
 .text.SAI_TransferTerminateSendEDMA
                0x000053cc       0x64 ./drivers/fsl_sai_edma.o
                0x000053cc                SAI_TransferTerminateSendEDMA
 .text.SAI_TransferTerminateReceiveEDMA
                0x00005430       0x64 ./drivers/fsl_sai_edma.o
                0x00005430                SAI_TransferTerminateReceiveEDMA
 .text.SDHC_DriverIRQHandler
                0x00005494       0x38 ./drivers/fsl_sdhc.o
                0x00005494                SDHC_DriverIRQHandler
 .text.CLOCK_EnableClock
                0x000054cc       0x36 ./drivers/fsl_uart.o
 *fill*         0x00005502        0x2 ff
 .text.UART_GetInstance
                0x00005504       0x54 ./drivers/fsl_uart.o
                0x00005504                UART_GetInstance
 .text.UART_Init
                0x00005558      0x2d8 ./drivers/fsl_uart.o
                0x00005558                UART_Init
 .text.UART_GetDefaultConfig
                0x00005830       0x60 ./drivers/fsl_uart.o
                0x00005830                UART_GetDefaultConfig
 .text.UART0_DriverIRQHandler
                0x00005890       0x28 ./drivers/fsl_uart.o
                0x00005890                UART0_DriverIRQHandler
 .text.UART0_RX_TX_DriverIRQHandler
                0x000058b8       0x10 ./drivers/fsl_uart.o
                0x000058b8                UART0_RX_TX_DriverIRQHandler
 .text.UART1_DriverIRQHandler
                0x000058c8       0x28 ./drivers/fsl_uart.o
                0x000058c8                UART1_DriverIRQHandler
 .text.UART1_RX_TX_DriverIRQHandler
                0x000058f0       0x10 ./drivers/fsl_uart.o
                0x000058f0                UART1_RX_TX_DriverIRQHandler
 .text.UART2_DriverIRQHandler
                0x00005900       0x28 ./drivers/fsl_uart.o
                0x00005900                UART2_DriverIRQHandler
 .text.UART2_RX_TX_DriverIRQHandler
                0x00005928       0x10 ./drivers/fsl_uart.o
                0x00005928                UART2_RX_TX_DriverIRQHandler
 .text.UART3_DriverIRQHandler
                0x00005938       0x28 ./drivers/fsl_uart.o
                0x00005938                UART3_DriverIRQHandler
 .text.UART3_RX_TX_DriverIRQHandler
                0x00005960       0x10 ./drivers/fsl_uart.o
                0x00005960                UART3_RX_TX_DriverIRQHandler
 .text.UART4_DriverIRQHandler
                0x00005970       0x28 ./drivers/fsl_uart.o
                0x00005970                UART4_DriverIRQHandler
 .text.UART4_RX_TX_DriverIRQHandler
                0x00005998       0x10 ./drivers/fsl_uart.o
                0x00005998                UART4_RX_TX_DriverIRQHandler
 .text.DA7212_WriteRegister
                0x000059a8       0x54 ./codec/fsl_dialog7212.o
                0x000059a8                DA7212_WriteRegister
 .text.DA7212_ReadRegister
                0x000059fc       0x52 ./codec/fsl_dialog7212.o
                0x000059fc                DA7212_ReadRegister
 *fill*         0x00005a4e        0x2 ff
 .text.DA7212_Init
                0x00005a50       0x9c ./codec/fsl_dialog7212.o
                0x00005a50                DA7212_Init
 .text.DA7212_ConfigAudioFormat
                0x00005aec      0x2a4 ./codec/fsl_dialog7212.o
                0x00005aec                DA7212_ConfigAudioFormat
 .text.DA7212_ChangeInput
                0x00005d90       0x64 ./codec/fsl_dialog7212.o
                0x00005d90                DA7212_ChangeInput
 .text.DA7212_ChangeOutput
                0x00005df4       0x5c ./codec/fsl_dialog7212.o
                0x00005df4                DA7212_ChangeOutput
 .text.BOARD_InitDebugConsole
                0x00005e50       0x28 ./board/board.o
                0x00005e50                BOARD_InitDebugConsole
 .text.CLOCK_SetSimSafeDivs
                0x00005e78       0x24 ./board/clock_config.o
 .text.CLOCK_SetXtal0Freq
                0x00005e9c       0x20 ./board/clock_config.o
 .text.CLOCK_CONFIG_SetFllExtRefDiv
                0x00005ebc       0x3c ./board/clock_config.o
 .text.BOARD_InitBootClocks
                0x00005ef8        0xc ./board/clock_config.o
                0x00005ef8                BOARD_InitBootClocks
 .text.BOARD_BootClockRUN
                0x00005f04       0x60 ./board/clock_config.o
                0x00005f04                BOARD_BootClockRUN
 .text.BOARD_InitBootPeripherals
                0x00005f64        0xc ./board/peripherals.o
                0x00005f64                BOARD_InitBootPeripherals
 .text.CLOCK_EnableClock
                0x00005f70       0x36 ./board/pin_mux.o
 *fill*         0x00005fa6        0x2 ff
 .text.PORT_SetPinConfig
                0x00005fa8       0x38 ./board/pin_mux.o
 .text.PORT_SetPinMux
                0x00005fe0       0x3a ./board/pin_mux.o
 .text.BOARD_InitBootPins
                0x0000601a        0xc ./board/pin_mux.o
                0x0000601a                BOARD_InitBootPins
 *fill*         0x00006026        0x2 ff
 .text.BOARD_InitPins
                0x00006028      0x2e8 ./board/pin_mux.o
                0x00006028                BOARD_InitPins
 .text.SystemInit
                0x00006310       0x40 ./CMSIS/system_MK66F18.o
                0x00006310                SystemInit
 .text.__main   0x00006350        0xe c:/nxp/mcuxpressoide_10.1.0_589/ide/tools/bin/../lib/gcc/arm-none-eabi/6.3.1/../../../../arm-none-eabi/lib/thumb/v7e-m/fpv4-sp/hard\libcr_semihost_nf.a(_cr__main.o)
                0x00006350                __CR_SEMIHOST
                0x00006350                __main
 *fill*         0x0000635e        0x2 ff
 .text.__assertion_failed
                0x00006360       0x4c c:/nxp/mcuxpressoide_10.1.0_589/ide/tools/bin/../lib/gcc/arm-none-eabi/6.3.1/../../../../arm-none-eabi/lib/thumb/v7e-m/fpv4-sp/hard\libcr_semihost_nf.a(_cr_assert.o)
                0x00006360                __assertion_failed
 .text.__sys_appexit
                0x000063ac        0xc c:/nxp/mcuxpressoide_10.1.0_589/ide/tools/bin/../lib/gcc/arm-none-eabi/6.3.1/../../../../arm-none-eabi/lib/thumb/v7e-m/fpv4-sp/hard\libcr_semihost_nf.a(__sys_appexit.o)
                0x000063ac                __sys_appexit
                0x000063ac                __exit
 .text.memset   0x000063b8        0x4 c:/nxp/mcuxpressoide_10.1.0_589/ide/tools/bin/../lib/gcc/arm-none-eabi/6.3.1/../../../../arm-none-eabi/lib/thumb/v7e-m/fpv4-sp/hard\libcr_c.a(memset.o)
                0x000063b8                memset
 .text._deferredlazyseek
                0x000063bc       0x40 c:/nxp/mcuxpressoide_10.1.0_589/ide/tools/bin/../lib/gcc/arm-none-eabi/6.3.1/../../../../arm-none-eabi/lib/thumb/v7e-m/fpv4-sp/hard\libcr_c.a(_deferredlazyseek.o)
                0x000063bc                _deferredlazyseek
 .text.__flsbuf
                0x000063fc      0x148 c:/nxp/mcuxpressoide_10.1.0_589/ide/tools/bin/../lib/gcc/arm-none-eabi/6.3.1/../../../../arm-none-eabi/lib/thumb/v7e-m/fpv4-sp/hard\libcr_c.a(_deferredlazyseek.o)
                0x000063fc                __flsbuf
 .text._fflush  0x00006544       0x54 c:/nxp/mcuxpressoide_10.1.0_589/ide/tools/bin/../lib/gcc/arm-none-eabi/6.3.1/../../../../arm-none-eabi/lib/thumb/v7e-m/fpv4-sp/hard\libcr_c.a(_fflush.o)
                0x00006544                _fflush
 .text._Cwritebuf
                0x00006598       0x6c c:/nxp/mcuxpressoide_10.1.0_589/ide/tools/bin/../lib/gcc/arm-none-eabi/6.3.1/../../../../arm-none-eabi/lib/thumb/v7e-m/fpv4-sp/hard\libcr_c.a(_writebuf.o)
                0x00006598                _Cwritebuf
 .text.malloc   0x00006604       0xc4 c:/nxp/mcuxpressoide_10.1.0_589/ide/tools/bin/../lib/gcc/arm-none-eabi/6.3.1/../../../../arm-none-eabi/lib/thumb/v7e-m/fpv4-sp/hard\libcr_c.a(alloc.o)
                0x00006604                malloc
 .text.free     0x000066c8       0x30 c:/nxp/mcuxpressoide_10.1.0_589/ide/tools/bin/../lib/gcc/arm-none-eabi/6.3.1/../../../../arm-none-eabi/lib/thumb/v7e-m/fpv4-sp/hard\libcr_c.a(alloc.o)
                0x000066c8                free
 .text._Csys_alloc
                0x000066f8       0x20 c:/nxp/mcuxpressoide_10.1.0_589/ide/tools/bin/../lib/gcc/arm-none-eabi/6.3.1/../../../../arm-none-eabi/lib/thumb/v7e-m/fpv4-sp/hard\libcr_c.a(alloc.o)
                0x000066f8                _Csys_alloc
 .text.fputs    0x00006718       0x2c c:/nxp/mcuxpressoide_10.1.0_589/ide/tools/bin/../lib/gcc/arm-none-eabi/6.3.1/../../../../arm-none-eabi/lib/thumb/v7e-m/fpv4-sp/hard\libcr_c.a(fputs.o)
                0x00006718                fputs
 .text.fseek    0x00006744      0x100 c:/nxp/mcuxpressoide_10.1.0_589/ide/tools/bin/../lib/gcc/arm-none-eabi/6.3.1/../../../../arm-none-eabi/lib/thumb/v7e-m/fpv4-sp/hard\libcr_c.a(fseek.o)
                0x00006744                fseek
 .text.ftell    0x00006844       0x48 c:/nxp/mcuxpressoide_10.1.0_589/ide/tools/bin/../lib/gcc/arm-none-eabi/6.3.1/../../../../arm-none-eabi/lib/thumb/v7e-m/fpv4-sp/hard\libcr_c.a(ftell.o)
                0x00006844                ftell
 .text._initio  0x0000688c       0x78 c:/nxp/mcuxpressoide_10.1.0_589/ide/tools/bin/../lib/gcc/arm-none-eabi/6.3.1/../../../../arm-none-eabi/lib/thumb/v7e-m/fpv4-sp/hard\libcr_c.a(initio.o)
                0x0000688c                _initio
 .text.setvbuf  0x00006904       0x40 c:/nxp/mcuxpressoide_10.1.0_589/ide/tools/bin/../lib/gcc/arm-none-eabi/6.3.1/../../../../arm-none-eabi/lib/thumb/v7e-m/fpv4-sp/hard\libcr_c.a(setvbuf.o)
                0x00006904                setvbuf
 .text.strlen   0x00006944       0x4a c:/nxp/mcuxpressoide_10.1.0_589/ide/tools/bin/../lib/gcc/arm-none-eabi/6.3.1/../../../../arm-none-eabi/lib/thumb/v7e-m/fpv4-sp/hard\libcr_c.a(strlen.o)
                0x00006944                strlen
 *fill*         0x0000698e        0x2 ff
 .text._sbrk    0x00006990       0x3c c:/nxp/mcuxpressoide_10.1.0_589/ide/tools/bin/../lib/gcc/arm-none-eabi/6.3.1/../../../../arm-none-eabi/lib/thumb/v7e-m/fpv4-sp/hard\libcr_c.a(_cr_sbrk.o)
                0x00006990                _sbrk
 .text._fdopen  0x000069cc       0x68 c:/nxp/mcuxpressoide_10.1.0_589/ide/tools/bin/../lib/gcc/arm-none-eabi/6.3.1/../../../../arm-none-eabi/lib/thumb/v7e-m/fpv4-sp/hard\libcr_c.a(_fdopen.o)
                0x000069cc                _fdopen
 .text.fclose   0x00006a34       0x58 c:/nxp/mcuxpressoide_10.1.0_589/ide/tools/bin/../lib/gcc/arm-none-eabi/6.3.1/../../../../arm-none-eabi/lib/thumb/v7e-m/fpv4-sp/hard\libcr_c.a(fclose.o)
                0x00006a34                fclose
 .text.fflush   0x00006a8c       0x44 c:/nxp/mcuxpressoide_10.1.0_589/ide/tools/bin/../lib/gcc/arm-none-eabi/6.3.1/../../../../arm-none-eabi/lib/thumb/v7e-m/fpv4-sp/hard\libcr_c.a(fflush.o)
                0x00006a8c                fflush
 .text.remove   0x00006ad0       0x14 c:/nxp/mcuxpressoide_10.1.0_589/ide/tools/bin/../lib/gcc/arm-none-eabi/6.3.1/../../../../arm-none-eabi/lib/thumb/v7e-m/fpv4-sp/hard\libcr_c.a(remove.o)
                0x00006ad0                remove
 .text.__check_heap_overflow
                0x00006ae4       0x18 c:/nxp/mcuxpressoide_10.1.0_589/ide/tools/bin/../lib/gcc/arm-none-eabi/6.3.1/../../../../arm-none-eabi/lib/thumb/v7e-m/fpv4-sp/hard\libcr_c.a(_cr_check_heap.o)
                0x00006ae4                __check_heap_overflow
 .text._do_fflush
                0x00006afc       0x40 c:/nxp/mcuxpressoide_10.1.0_589/ide/tools/bin/../lib/gcc/arm-none-eabi/6.3.1/../../../../arm-none-eabi/lib/thumb/v7e-m/fpv4-sp/hard\libcr_c.a(_do_fflush.o)
                0x00006afc                _do_fflush
 .text.__aeabi_memset_lowlevel
                0x00006b3c       0x32 c:/nxp/mcuxpressoide_10.1.0_589/ide/tools/bin/../lib/gcc/arm-none-eabi/6.3.1/thumb/v7e-m/fpv4-sp/hard\libcr_eabihelpers.a(memcpy.o)
                0x00006b3c                __aeabi_lowlevel_memset
 .text.__sys_close
                0x00006b6e        0xc c:/nxp/mcuxpressoide_10.1.0_589/ide/tools/bin/../lib/gcc/arm-none-eabi/6.3.1/../../../../arm-none-eabi/lib/thumb/v7e-m/fpv4-sp/hard\libcr_semihost_nf.a(__sys_close.o)
                0x00006b6e                __sys_close
 .text.__sys_flen
                0x00006b7a        0xc c:/nxp/mcuxpressoide_10.1.0_589/ide/tools/bin/../lib/gcc/arm-none-eabi/6.3.1/../../../../arm-none-eabi/lib/thumb/v7e-m/fpv4-sp/hard\libcr_semihost_nf.a(__sys_flen.o)
                0x00006b7a                __sys_flen
 .text.__sys_istty
                0x00006b86        0xc c:/nxp/mcuxpressoide_10.1.0_589/ide/tools/bin/../lib/gcc/arm-none-eabi/6.3.1/../../../../arm-none-eabi/lib/thumb/v7e-m/fpv4-sp/hard\libcr_semihost_nf.a(__sys_istty.o)
                0x00006b86                __sys_istty
 .text.__sys_remove
                0x00006b92        0xc c:/nxp/mcuxpressoide_10.1.0_589/ide/tools/bin/../lib/gcc/arm-none-eabi/6.3.1/../../../../arm-none-eabi/lib/thumb/v7e-m/fpv4-sp/hard\libcr_semihost_nf.a(__sys_remove.o)
                0x00006b92                __sys_remove
 .text.__sys_seek
                0x00006b9e        0xc c:/nxp/mcuxpressoide_10.1.0_589/ide/tools/bin/../lib/gcc/arm-none-eabi/6.3.1/../../../../arm-none-eabi/lib/thumb/v7e-m/fpv4-sp/hard\libcr_semihost_nf.a(__sys_seek.o)
                0x00006b9e                __sys_seek
 .text.__sys_tmpnam
                0x00006baa        0xc c:/nxp/mcuxpressoide_10.1.0_589/ide/tools/bin/../lib/gcc/arm-none-eabi/6.3.1/../../../../arm-none-eabi/lib/thumb/v7e-m/fpv4-sp/hard\libcr_semihost_nf.a(__sys_tmpnam.o)
                0x00006baa                __sys_tmpnam
 .text.__sys_write
                0x00006bb6        0xc c:/nxp/mcuxpressoide_10.1.0_589/ide/tools/bin/../lib/gcc/arm-none-eabi/6.3.1/../../../../arm-none-eabi/lib/thumb/v7e-m/fpv4-sp/hard\libcr_semihost_nf.a(__sys_write.o)
                0x00006bb6                __sys_write
 *(.rodata .rodata.* .constdata .constdata.*)
 *fill*         0x00006bc2        0x2 ff
 .rodata        0x00006bc4       0x50 ./utilities/fsl_debug_console.o
 .rodata        0x00006c14       0x27 ./utilities/fsl_io.o
 *fill*         0x00006c3b        0x1 ff
 .rodata        0x00006c3c       0xe8 ./source/Audio/AudioStreamer.o
 .rodata        0x00006d24      0x2a1 ./drivers/fsl_clock.o
 *fill*         0x00006fc5        0x3 ff
 .rodata.fllFactorTable.7897
                0x00006fc8       0x10 ./drivers/fsl_clock.o
 .rodata        0x00006fd8       0x42 ./drivers/fsl_dmamux.o
 *fill*         0x0000701a        0x2 ff
 .rodata        0x0000701c      0x509 ./drivers/fsl_dspi.o
 *fill*         0x00007525        0x3 ff
 .rodata.s_edmaIRQNumber
                0x00007528       0x20 ./drivers/fsl_edma.o
 .rodata        0x00007548      0xbef ./drivers/fsl_edma.o
 *fill*         0x00008137        0x1 ff
 .rodata.s_i2cDividerTable
                0x00008138       0x80 ./drivers/fsl_i2c.o
 .rodata.s_i2cBases
                0x000081b8       0x10 ./drivers/fsl_i2c.o
 .rodata.s_i2cIrqs
                0x000081c8        0x4 ./drivers/fsl_i2c.o
 .rodata.s_i2cClocks
                0x000081cc       0x10 ./drivers/fsl_i2c.o
 .rodata        0x000081dc      0x2fa ./drivers/fsl_i2c.o
 *fill*         0x000084d6        0x2 ff
 .rodata        0x000084d8      0x4da ./drivers/fsl_lpuart.o
 *fill*         0x000089b2        0x2 ff
 .rodata        0x000089b4      0x296 ./drivers/fsl_sai.o
 *fill*         0x00008c4a        0x2 ff
 .rodata        0x00008c4c      0x21f ./drivers/fsl_sai_edma.o
 *fill*         0x00008e6b        0x1 ff
 .rodata        0x00008e6c      0x5cd ./drivers/fsl_sdhc.o
 *fill*         0x00009439        0x3 ff
 .rodata.s_uartBases
                0x0000943c       0x14 ./drivers/fsl_uart.o
 .rodata.s_uartClock
                0x00009450       0x14 ./drivers/fsl_uart.o
 .rodata        0x00009464      0x513 ./drivers/fsl_uart.o
 *fill*         0x00009977        0x1 ff
 .rodata.kInputRegisterSequence
                0x00009978       0x88 ./codec/fsl_dialog7212.o
 .rodata.kOutputRegisterSequence
                0x00009a00       0x10 ./codec/fsl_dialog7212.o
 .rodata.kInitRegisterSequence
                0x00009a10       0x46 ./codec/fsl_dialog7212.o
 *fill*         0x00009a56        0x2 ff
 .rodata.mcgConfig_BOARD_BootClockRUN
                0x00009a58        0xc ./board/clock_config.o
                0x00009a58                mcgConfig_BOARD_BootClockRUN
 .rodata.simConfig_BOARD_BootClockRUN
                0x00009a64        0x8 ./board/clock_config.o
                0x00009a64                simConfig_BOARD_BootClockRUN
 .rodata.oscConfig_BOARD_BootClockRUN
                0x00009a6c        0x8 ./board/clock_config.o
                0x00009a6c                oscConfig_BOARD_BootClockRUN
 .rodata        0x00009a74       0x4d ./board/pin_mux.o
 .rodata.__assertion_failed.str1.1
                0x00009ac1       0x15 c:/nxp/mcuxpressoide_10.1.0_589/ide/tools/bin/../lib/gcc/arm-none-eabi/6.3.1/../../../../arm-none-eabi/lib/thumb/v7e-m/fpv4-sp/hard\libcr_semihost_nf.a(_cr_assert.o)
 *fill*         0x00009ad6        0x2 ff
 .rodata.__num_Ciob_streams
                0x00009ad8        0x4 c:/nxp/mcuxpressoide_10.1.0_589/ide/tools/bin/../lib/gcc/arm-none-eabi/6.3.1/../../../../arm-none-eabi/lib/thumb/v7e-m/fpv4-sp/hard\libcr_semihost_nf.a(__ciob.o)
                0x00009ad8                __num_Ciob_streams
 .rodata._Csys_alloc.str1.1
                0x00009adc       0x18 c:/nxp/mcuxpressoide_10.1.0_589/ide/tools/bin/../lib/gcc/arm-none-eabi/6.3.1/../../../../arm-none-eabi/lib/thumb/v7e-m/fpv4-sp/hard\libcr_c.a(alloc.o)
 .rodata._initio.str1.1
                0x00009af4        0x4 c:/nxp/mcuxpressoide_10.1.0_589/ide/tools/bin/../lib/gcc/arm-none-eabi/6.3.1/../../../../arm-none-eabi/lib/thumb/v7e-m/fpv4-sp/hard\libcr_c.a(initio.o)
                0x00009af8                . = ALIGN (0x4)

.glue_7         0x00009af8        0x0
 .glue_7        0x00009af8        0x0 linker stubs

.glue_7t        0x00009af8        0x0
 .glue_7t       0x00009af8        0x0 linker stubs

.vfp11_veneer   0x00009af8        0x0
 .vfp11_veneer  0x00009af8        0x0 linker stubs

.v4_bx          0x00009af8        0x0
 .v4_bx         0x00009af8        0x0 linker stubs

.iplt           0x00009af8        0x0
 .iplt          0x00009af8        0x0 ./utilities/fsl_debug_console.o

.rel.dyn        0x00009af8        0x0
 .rel.iplt      0x00009af8        0x0 ./utilities/fsl_debug_console.o

.ARM.extab
 *(.ARM.extab* .gnu.linkonce.armextab.*)
                0x00009af8                __exidx_start = .

.ARM.exidx
 *(.ARM.exidx* .gnu.linkonce.armexidx.*)
                0x00009af8                __exidx_end = .
                0x00009af8                _etext = .

.m_usb_data
 *(m_usb_bdt)

.data_RAM2      0x1fff0000        0x0 load address 0x00009af8
 FILL mask 0xff
                [!provide]                PROVIDE (__start_data_RAM2, .)
 *(.ramfunc.$RAM2)
 *(.ramfunc.$SRAM_LOWER)
 *(.data.$RAM2*)
 *(.data.$SRAM_LOWER*)
                0x1fff0000                . = ALIGN (0x4)
                [!provide]                PROVIDE (__end_data_RAM2, .)

.data_RAM3      0x14000000        0x0 load address 0x00009af8
 FILL mask 0xff
                [!provide]                PROVIDE (__start_data_RAM3, .)
 *(.ramfunc.$RAM3)
 *(.ramfunc.$FLEX_RAM)
 *(.data.$RAM3*)
 *(.data.$FLEX_RAM*)
                0x14000000                . = ALIGN (0x4)
                [!provide]                PROVIDE (__end_data_RAM3, .)

.uninit_RESERVED
                0x20000000        0x0
 *(.bss.$RESERVED*)
                0x20000000                . = ALIGN (0x4)
                0x20000000                _end_uninit_RESERVED = .

.data           0x20000000        0xc load address 0x00009af8
 FILL mask 0xff
                0x20000000                _data = .
 *(vtable)
 *(.ramfunc*)
 *(.data*)
 .data.s_slowIrcFreq
                0x20000000        0x4 ./drivers/fsl_clock.o
 .data.s_fastIrcFreq
                0x20000004        0x4 ./drivers/fsl_clock.o
 .data.SystemCoreClock
                0x20000008        0x4 ./CMSIS/system_MK66F18.o
                0x20000008                SystemCoreClock
                0x2000000c                . = ALIGN (0x4)
                0x2000000c                _edata = .

.igot.plt       0x2000000c        0x0 load address 0x00009b04
 .igot.plt      0x2000000c        0x0 ./utilities/fsl_debug_console.o

.bss_RAM2       0x1fff0000        0x0
                [!provide]                PROVIDE (__start_bss_RAM2, .)
 *(.bss.$RAM2*)
 *(.bss.$SRAM_LOWER*)
                0x1fff0000                . = ALIGN ((. != 0x0)?0x4:0x1)
                [!provide]                PROVIDE (__end_bss_RAM2, .)

.bss_RAM3       0x14000000        0x0
                [!provide]                PROVIDE (__start_bss_RAM3, .)
 *(.bss.$RAM3*)
 *(.bss.$FLEX_RAM*)
                0x14000000                . = ALIGN ((. != 0x0)?0x4:0x1)
                [!provide]                PROVIDE (__end_bss_RAM3, .)

.bss            0x2000000c     0x1428
                0x2000000c                _bss = .
 *(.bss*)
 .bss.s_debugConsoleIO
                0x2000000c        0x8 ./utilities/fsl_io.o
 .bss.txHandle  0x20000014       0xe8 ./source/Audio/AudioStreamer.o
                0x20000014                txHandle
 .bss.dmaTxHandle
                0x200000fc       0x18 ./source/Audio/AudioStreamer.o
                0x200000fc                dmaTxHandle
 .bss.rxHandle  0x20000114       0xe8 ./source/Audio/AudioStreamer.o
                0x20000114                rxHandle
 .bss.dmaRxHandle
                0x200001fc       0x18 ./source/Audio/AudioStreamer.o
                0x200001fc                dmaRxHandle
 .bss.format    0x20000214       0x14 ./source/Audio/AudioStreamer.o
 .bss.codecHandle
                0x20000228       0x20 ./source/Audio/AudioStreamer.o
                0x20000228                codecHandle
 .bss.istxFinished
                0x20000248        0x1 ./source/Audio/AudioStreamer.o
                0x20000248                istxFinished
 .bss.isrxFinished
                0x20000249        0x1 ./source/Audio/AudioStreamer.o
                0x20000249                isrxFinished
 *fill*         0x2000024a        0x2 
 .bss.beginCount
                0x2000024c        0x4 ./source/Audio/AudioStreamer.o
                0x2000024c                beginCount
 .bss.sendCount
                0x20000250        0x4 ./source/Audio/AudioStreamer.o
                0x20000250                sendCount
 .bss.receiveCount
                0x20000254        0x4 ./source/Audio/AudioStreamer.o
                0x20000254                receiveCount
 .bss.i2cHandle
                0x20000258       0x28 ./source/Audio/AudioStreamer.o
                0x20000258                i2cHandle
 .bss.audioBuff
                0x20000280     0x1000 ./source/Audio/AudioStreamer.o
 .bss.s_extPllFreq
                0x20001280        0x4 ./drivers/fsl_clock.o
 .bss.g_xtal0Freq
                0x20001284        0x4 ./drivers/fsl_clock.o
                0x20001284                g_xtal0Freq
 .bss.g_xtal32Freq
                0x20001288        0x4 ./drivers/fsl_clock.o
                0x20001288                g_xtal32Freq
 .bss.g_dspiHandle
                0x2000128c        0xc ./drivers/fsl_dspi.o
 .bss.s_dspiMasterIsr
                0x20001298        0x4 ./drivers/fsl_dspi.o
 .bss.s_dspiSlaveIsr
                0x2000129c        0x4 ./drivers/fsl_dspi.o
 .bss.s_EDMAHandle
                0x200012a0       0x80 ./drivers/fsl_edma.o
 .bss.StartInstanceNum.8113
                0x20001320        0x1 ./drivers/fsl_edma.o
 *fill*         0x20001321        0x3 
 .bss.s_i2cHandle
                0x20001324       0x10 ./drivers/fsl_i2c.o
 .bss.s_i2cMasterIsr
                0x20001334        0x4 ./drivers/fsl_i2c.o
 .bss.s_i2cSlaveIsr
                0x20001338        0x4 ./drivers/fsl_i2c.o
 .bss.s_lpuartHandle
                0x2000133c        0x4 ./drivers/fsl_lpuart.o
 .bss.s_lpuartIsr
                0x20001340        0x4 ./drivers/fsl_lpuart.o
 .bss.s_edmaPrivateHandle
                0x20001344       0x10 ./drivers/fsl_sai_edma.o
 .bss.s_sdhcHandle
                0x20001354        0x4 ./drivers/fsl_sdhc.o
 .bss.s_sdhcIsr
                0x20001358        0x4 ./drivers/fsl_sdhc.o
 .bss.s_uartHandle
                0x2000135c       0x14 ./drivers/fsl_uart.o
 .bss.s_uartIsr
                0x20001370        0x4 ./drivers/fsl_uart.o
 .bss.__Ciob    0x20001374       0xb4 c:/nxp/mcuxpressoide_10.1.0_589/ide/tools/bin/../lib/gcc/arm-none-eabi/6.3.1/../../../../arm-none-eabi/lib/thumb/v7e-m/fpv4-sp/hard\libcr_semihost_nf.a(__ciob.o)
                0x20001374                __Ciob
 .bss.__end_of_heap
                0x20001428        0x4 c:/nxp/mcuxpressoide_10.1.0_589/ide/tools/bin/../lib/gcc/arm-none-eabi/6.3.1/../../../../arm-none-eabi/lib/thumb/v7e-m/fpv4-sp/hard\libcr_c.a(__init_alloc.o)
                0x20001428                __end_of_heap
 .bss.__heaps   0x2000142c        0x4 c:/nxp/mcuxpressoide_10.1.0_589/ide/tools/bin/../lib/gcc/arm-none-eabi/6.3.1/../../../../arm-none-eabi/lib/thumb/v7e-m/fpv4-sp/hard\libcr_c.a(__init_alloc.o)
                0x2000142c                __heaps
 .bss.errno     0x20001430        0x4 c:/nxp/mcuxpressoide_10.1.0_589/ide/tools/bin/../lib/gcc/arm-none-eabi/6.3.1/../../../../arm-none-eabi/lib/thumb/v7e-m/fpv4-sp/hard\libcr_c.a(errno.o)
                0x20001430                errno
 *(COMMON)
                0x20001434                . = ALIGN (0x4)
                0x20001434                _ebss = .
                [!provide]                PROVIDE (end, .)

.noinit_RAM2    0x1fff0000        0x0
 *(.noinit.$RAM2*)
 *(.noinit.$SRAM_LOWER*)
                0x1fff0000                . = ALIGN (0x4)

.noinit_RAM3    0x14000000        0x0
 *(.noinit.$RAM3*)
 *(.noinit.$FLEX_RAM*)
                0x14000000                . = ALIGN (0x4)

.noinit         0x20001434        0x0
                0x20001434                _noinit = .
 *(.noinit*)
                0x20001434                . = ALIGN (0x4)
                0x20001434                _end_noinit = .
                0x00001000                _HeapSize = 0x1000

.heap           0x20001434     0x1000
                0x20001434                _pvHeapStart = .
                0x20002434                . = (. + _HeapSize)
 *fill*         0x20001434     0x1000 
                0x20002434                . = ALIGN (0x4)
                0x20002434                _pvHeapLimit = .
                0x00001000                _StackSize = 0x1000

.heap2stackfill
                0x20002434     0x1000
                0x20003434                . = (. + _StackSize)
 *fill*         0x20002434     0x1000 

.stack          0x2002f000        0x0
                0x2002f000                _vStackBase = .
                0x2002f000                . = ALIGN (0x4)
                0x20030000                _vStackTop = (. + _StackSize)
                0x00000000                _image_start = LOADADDR (.text)
                0x00009b04                _image_end = (LOADADDR (.data) + SIZEOF (.data))
                0x00009b04                _image_size = (_image_end - _image_start)
OUTPUT(WaveBee.axf elf32-littlearm)

.debug_info     0x00000000    0x18ce8
 .debug_info    0x00000000      0x2c3 ./utilities/fsl_debug_console.o
 .debug_info    0x000002c3      0xc38 ./utilities/fsl_io.o
 .debug_info    0x00000efb      0x340 ./utilities/fsl_log.o
 .debug_info    0x0000123b      0x9b3 ./startup/startup_mk66f18.o
 .debug_info    0x00001bee     0x1d73 ./source/Audio/AudioStreamer.o
 .debug_info    0x00003961      0x5a7 ./source/main.o
 .debug_info    0x00003f08       0x3b ./source/semihost_hardfault.o
 .debug_info    0x00003f43     0x2584 ./drivers/fsl_clock.o
 .debug_info    0x000064c7      0x64d ./drivers/fsl_dmamux.o
 .debug_info    0x00006b14     0x2366 ./drivers/fsl_dspi.o
 .debug_info    0x00008e7a     0x27a6 ./drivers/fsl_edma.o
 .debug_info    0x0000b620     0x1ce4 ./drivers/fsl_i2c.o
 .debug_info    0x0000d304     0x18b6 ./drivers/fsl_lpuart.o
 .debug_info    0x0000ebba     0x1dd0 ./drivers/fsl_sai.o
 .debug_info    0x0001098a     0x1497 ./drivers/fsl_sai_edma.o
 .debug_info    0x00011e21     0x21fa ./drivers/fsl_sdhc.o
 .debug_info    0x0001401b     0x1adb ./drivers/fsl_uart.o
 .debug_info    0x00015af6      0xa01 ./codec/fsl_dialog7212.o
 .debug_info    0x000164f7      0x838 ./board/board.o
 .debug_info    0x00016d2f      0xbbb ./board/clock_config.o
 .debug_info    0x000178ea      0x10c ./board/peripherals.o
 .debug_info    0x000179f6      0x90d ./board/pin_mux.o
 .debug_info    0x00018303      0x9e5 ./CMSIS/system_MK66F18.o

.debug_abbrev   0x00000000     0x2f4f
 .debug_abbrev  0x00000000      0x105 ./utilities/fsl_debug_console.o
 .debug_abbrev  0x00000105      0x229 ./utilities/fsl_io.o
 .debug_abbrev  0x0000032e      0x17e ./utilities/fsl_log.o
 .debug_abbrev  0x000004ac      0x15c ./startup/startup_mk66f18.o
 .debug_abbrev  0x00000608      0x293 ./source/Audio/AudioStreamer.o
 .debug_abbrev  0x0000089b      0x11d ./source/main.o
 .debug_abbrev  0x000009b8       0x2f ./source/semihost_hardfault.o
 .debug_abbrev  0x000009e7      0x31f ./drivers/fsl_clock.o
 .debug_abbrev  0x00000d06      0x18c ./drivers/fsl_dmamux.o
 .debug_abbrev  0x00000e92      0x33e ./drivers/fsl_dspi.o
 .debug_abbrev  0x000011d0      0x394 ./drivers/fsl_edma.o
 .debug_abbrev  0x00001564      0x33e ./drivers/fsl_i2c.o
 .debug_abbrev  0x000018a2      0x2cd ./drivers/fsl_lpuart.o
 .debug_abbrev  0x00001b6f      0x2cd ./drivers/fsl_sai.o
 .debug_abbrev  0x00001e3c      0x273 ./drivers/fsl_sai_edma.o
 .debug_abbrev  0x000020af      0x2af ./drivers/fsl_sdhc.o
 .debug_abbrev  0x0000235e      0x2ff ./drivers/fsl_uart.o
 .debug_abbrev  0x0000265d      0x1c4 ./codec/fsl_dialog7212.o
 .debug_abbrev  0x00002821      0x15a ./board/board.o
 .debug_abbrev  0x0000297b      0x1f0 ./board/clock_config.o
 .debug_abbrev  0x00002b6b       0x99 ./board/peripherals.o
 .debug_abbrev  0x00002c04      0x20f ./board/pin_mux.o
 .debug_abbrev  0x00002e13      0x13c ./CMSIS/system_MK66F18.o

.debug_aranges  0x00000000     0x1628
 .debug_aranges
                0x00000000       0x30 ./utilities/fsl_debug_console.o
 .debug_aranges
                0x00000030       0x58 ./utilities/fsl_io.o
 .debug_aranges
                0x00000088       0x58 ./utilities/fsl_log.o
 .debug_aranges
                0x000000e0      0x3a0 ./startup/startup_mk66f18.o
 .debug_aranges
                0x00000480       0x88 ./source/Audio/AudioStreamer.o
 .debug_aranges
                0x00000508       0x20 ./source/main.o
 .debug_aranges
                0x00000528       0x20 ./source/semihost_hardfault.o
 .debug_aranges
                0x00000548      0x248 ./drivers/fsl_clock.o
 .debug_aranges
                0x00000790       0x40 ./drivers/fsl_dmamux.o
 .debug_aranges
                0x000007d0      0x1d0 ./drivers/fsl_dspi.o
 .debug_aranges
                0x000009a0      0x350 ./drivers/fsl_edma.o
 .debug_aranges
                0x00000cf0      0x188 ./drivers/fsl_i2c.o
 .debug_aranges
                0x00000e78      0x118 ./drivers/fsl_lpuart.o
 .debug_aranges
                0x00000f90      0x198 ./drivers/fsl_sai.o
 .debug_aranges
                0x00001128       0xa8 ./drivers/fsl_sai_edma.o
 .debug_aranges
                0x000011d0      0x198 ./drivers/fsl_sdhc.o
 .debug_aranges
                0x00001368      0x160 ./drivers/fsl_uart.o
 .debug_aranges
                0x000014c8       0x58 ./codec/fsl_dialog7212.o
 .debug_aranges
                0x00001520       0x20 ./board/board.o
 .debug_aranges
                0x00001540       0x60 ./board/clock_config.o
 .debug_aranges
                0x000015a0       0x20 ./board/peripherals.o
 .debug_aranges
                0x000015c0       0x40 ./board/pin_mux.o
 .debug_aranges
                0x00001600       0x28 ./CMSIS/system_MK66F18.o

.debug_ranges   0x00000000     0x14b8
 .debug_ranges  0x00000000       0x20 ./utilities/fsl_debug_console.o
 .debug_ranges  0x00000020       0x48 ./utilities/fsl_io.o
 .debug_ranges  0x00000068       0x48 ./utilities/fsl_log.o
 .debug_ranges  0x000000b0      0x390 ./startup/startup_mk66f18.o
 .debug_ranges  0x00000440       0x78 ./source/Audio/AudioStreamer.o
 .debug_ranges  0x000004b8       0x10 ./source/main.o
 .debug_ranges  0x000004c8       0x10 ./source/semihost_hardfault.o
 .debug_ranges  0x000004d8      0x238 ./drivers/fsl_clock.o
 .debug_ranges  0x00000710       0x30 ./drivers/fsl_dmamux.o
 .debug_ranges  0x00000740      0x1c0 ./drivers/fsl_dspi.o
 .debug_ranges  0x00000900      0x340 ./drivers/fsl_edma.o
 .debug_ranges  0x00000c40      0x178 ./drivers/fsl_i2c.o
 .debug_ranges  0x00000db8      0x108 ./drivers/fsl_lpuart.o
 .debug_ranges  0x00000ec0      0x188 ./drivers/fsl_sai.o
 .debug_ranges  0x00001048       0x98 ./drivers/fsl_sai_edma.o
 .debug_ranges  0x000010e0      0x188 ./drivers/fsl_sdhc.o
 .debug_ranges  0x00001268      0x150 ./drivers/fsl_uart.o
 .debug_ranges  0x000013b8       0x48 ./codec/fsl_dialog7212.o
 .debug_ranges  0x00001400       0x10 ./board/board.o
 .debug_ranges  0x00001410       0x50 ./board/clock_config.o
 .debug_ranges  0x00001460       0x10 ./board/peripherals.o
 .debug_ranges  0x00001470       0x30 ./board/pin_mux.o
 .debug_ranges  0x000014a0       0x18 ./CMSIS/system_MK66F18.o

.debug_macro    0x00000000    0x1bbe3
 .debug_macro   0x00000000      0x13a ./utilities/fsl_debug_console.o
 .debug_macro   0x0000013a      0x8e6 ./utilities/fsl_debug_console.o
 .debug_macro   0x00000a20       0x10 ./utilities/fsl_debug_console.o
 .debug_macro   0x00000a30       0x16 ./utilities/fsl_debug_console.o
 .debug_macro   0x00000a46       0x10 ./utilities/fsl_debug_console.o
 .debug_macro   0x00000a56      0x12d ./utilities/fsl_debug_console.o
 .debug_macro   0x00000b83       0x28 ./utilities/fsl_debug_console.o
 .debug_macro   0x00000bab       0x16 ./utilities/fsl_debug_console.o
 .debug_macro   0x00000bc1       0x22 ./utilities/fsl_debug_console.o
 .debug_macro   0x00000be3      0x5b2 ./utilities/fsl_debug_console.o
 .debug_macro   0x00001195       0x10 ./utilities/fsl_debug_console.o
 .debug_macro   0x000011a5       0x58 ./utilities/fsl_debug_console.o
 .debug_macro   0x000011fd       0x1c ./utilities/fsl_debug_console.o
 .debug_macro   0x00001219       0x22 ./utilities/fsl_debug_console.o
 .debug_macro   0x0000123b       0xd9 ./utilities/fsl_debug_console.o
 .debug_macro   0x00001314      0xec1 ./utilities/fsl_debug_console.o
 .debug_macro   0x000021d5       0x40 ./utilities/fsl_debug_console.o
 .debug_macro   0x00002215    0x14b99 ./utilities/fsl_debug_console.o
 .debug_macro   0x00016dae     0x15cb ./utilities/fsl_debug_console.o
 .debug_macro   0x00018379       0x46 ./utilities/fsl_debug_console.o
 .debug_macro   0x000183bf      0x18d ./utilities/fsl_debug_console.o
 .debug_macro   0x0001854c       0x66 ./utilities/fsl_debug_console.o
 .debug_macro   0x000185b2       0x9a ./utilities/fsl_debug_console.o
 .debug_macro   0x0001864c       0x1c ./utilities/fsl_debug_console.o
 .debug_macro   0x00018668       0x43 ./utilities/fsl_debug_console.o
 .debug_macro   0x000186ab      0x111 ./utilities/fsl_io.o
 .debug_macro   0x000187bc       0x1c ./utilities/fsl_io.o
 .debug_macro   0x000187d8       0x10 ./utilities/fsl_io.o
 .debug_macro   0x000187e8       0x10 ./utilities/fsl_io.o
 .debug_macro   0x000187f8      0x135 ./utilities/fsl_log.o
 .debug_macro   0x0001892d       0x29 ./startup/startup_mk66f18.o
 .debug_macro   0x00018956      0x12c ./source/Audio/AudioStreamer.o
 .debug_macro   0x00018a82       0x16 ./source/Audio/AudioStreamer.o
 .debug_macro   0x00018a98       0x17 ./source/Audio/AudioStreamer.o
 .debug_macro   0x00018aaf       0x1c ./source/Audio/AudioStreamer.o
 .debug_macro   0x00018acb     0x1303 ./source/Audio/AudioStreamer.o
 .debug_macro   0x00019dce       0x10 ./source/Audio/AudioStreamer.o
 .debug_macro   0x00019dde       0xac ./source/Audio/AudioStreamer.o
 .debug_macro   0x00019e8a      0x140 ./source/main.o
 .debug_macro   0x00019fca       0xa0 ./source/main.o
 .debug_macro   0x0001a06a       0x1c ./source/main.o
 .debug_macro   0x0001a086      0x21e ./source/main.o
 .debug_macro   0x0001a2a4      0x821 ./source/main.o
 .debug_macro   0x0001aac5       0x11 ./source/semihost_hardfault.o
 .debug_macro   0x0001aad6      0x1b2 ./drivers/fsl_clock.o
 .debug_macro   0x0001ac88       0xf0 ./drivers/fsl_dmamux.o
 .debug_macro   0x0001ad78       0xef ./drivers/fsl_dspi.o
 .debug_macro   0x0001ae67       0xf5 ./drivers/fsl_edma.o
 .debug_macro   0x0001af5c       0xef ./drivers/fsl_i2c.o
 .debug_macro   0x0001b04b       0x16 ./drivers/fsl_i2c.o
 .debug_macro   0x0001b061       0xf0 ./drivers/fsl_lpuart.o
 .debug_macro   0x0001b151       0xef ./drivers/fsl_sai.o
 .debug_macro   0x0001b240       0x11 ./drivers/fsl_sai.o
 .debug_macro   0x0001b251      0x108 ./drivers/fsl_sai_edma.o
 .debug_macro   0x0001b359      0x107 ./drivers/fsl_sdhc.o
 .debug_macro   0x0001b460       0x64 ./drivers/fsl_sdhc.o
 .debug_macro   0x0001b4c4       0xf6 ./drivers/fsl_uart.o
 .debug_macro   0x0001b5ba       0xf8 ./codec/fsl_dialog7212.o
 .debug_macro   0x0001b6b2      0x13a ./board/board.o
 .debug_macro   0x0001b7ec      0x127 ./board/clock_config.o
 .debug_macro   0x0001b913      0x136 ./board/peripherals.o
 .debug_macro   0x0001ba49       0xf2 ./board/pin_mux.o
 .debug_macro   0x0001bb3b       0x10 ./board/pin_mux.o
 .debug_macro   0x0001bb4b       0x98 ./CMSIS/system_MK66F18.o

.debug_line     0x00000000     0x89de
 .debug_line    0x00000000      0x2e9 ./utilities/fsl_debug_console.o
 .debug_line    0x000002e9      0x37f ./utilities/fsl_io.o
 .debug_line    0x00000668      0x349 ./utilities/fsl_log.o
 .debug_line    0x000009b1      0x76c ./startup/startup_mk66f18.o
 .debug_line    0x0000111d      0x49a ./source/Audio/AudioStreamer.o
 .debug_line    0x000015b7      0x2d9 ./source/main.o
 .debug_line    0x00001890       0x54 ./source/semihost_hardfault.o
 .debug_line    0x000018e4      0xbd8 ./drivers/fsl_clock.o
 .debug_line    0x000024bc      0x2ba ./drivers/fsl_dmamux.o
 .debug_line    0x00002776      0xb88 ./drivers/fsl_dspi.o
 .debug_line    0x000032fe     0x10d0 ./drivers/fsl_edma.o
 .debug_line    0x000043ce      0xa78 ./drivers/fsl_i2c.o
 .debug_line    0x00004e46      0x7a5 ./drivers/fsl_lpuart.o
 .debug_line    0x000055eb      0x962 ./drivers/fsl_sai.o
 .debug_line    0x00005f4d      0x4da ./drivers/fsl_sai_edma.o
 .debug_line    0x00006427      0x9b2 ./drivers/fsl_sdhc.o
 .debug_line    0x00006dd9      0x9f9 ./drivers/fsl_uart.o
 .debug_line    0x000077d2      0x3c1 ./codec/fsl_dialog7212.o
 .debug_line    0x00007b93      0x2d0 ./board/board.o
 .debug_line    0x00007e63      0x337 ./board/clock_config.o
 .debug_line    0x0000819a      0x330 ./board/peripherals.o
 .debug_line    0x000084ca      0x30a ./board/pin_mux.o
 .debug_line    0x000087d4      0x20a ./CMSIS/system_MK66F18.o

.debug_str      0x00000000    0xcdf84
 .debug_str     0x00000000    0xb4047 ./utilities/fsl_debug_console.o
                              0xb40f5 (size before relaxing)
 .debug_str     0x000b4047      0xfa9 ./utilities/fsl_io.o
                              0xb4cd3 (size before relaxing)
 .debug_str     0x000b4ff0      0x1d8 ./utilities/fsl_log.o
                              0xb3e94 (size before relaxing)
 .debug_str     0x000b51c8      0x962 ./startup/startup_mk66f18.o
                               0x302a (size before relaxing)
 .debug_str     0x000b5b2a     0xbb14 ./source/Audio/AudioStreamer.o
                              0xbfd66 (size before relaxing)
 .debug_str     0x000c163e     0x40c7 ./source/main.o
                              0xb7e3f (size before relaxing)
 .debug_str     0x000c5705       0x1f ./source/semihost_hardfault.o
                               0x2629 (size before relaxing)
 .debug_str     0x000c5724     0x1ec6 ./drivers/fsl_clock.o
                              0xb64ce (size before relaxing)
 .debug_str     0x000c75ea       0x6e ./drivers/fsl_dmamux.o
                              0xb43c5 (size before relaxing)
 .debug_str     0x000c7658     0x135c ./drivers/fsl_dspi.o
                              0xb5e9d (size before relaxing)
 .debug_str     0x000c89b4      0xff6 ./drivers/fsl_edma.o
                              0xb6020 (size before relaxing)
 .debug_str     0x000c99aa      0xa85 ./drivers/fsl_i2c.o
                              0xb576b (size before relaxing)
 .debug_str     0x000ca42f      0x836 ./drivers/fsl_lpuart.o
                              0xb58ed (size before relaxing)
 .debug_str     0x000cac65      0x575 ./drivers/fsl_sai.o
                              0xb56ab (size before relaxing)
 .debug_str     0x000cb1da      0x2eb ./drivers/fsl_sai_edma.o
                              0xb4c55 (size before relaxing)
 .debug_str     0x000cb4c5     0x18a7 ./drivers/fsl_sdhc.o
                              0xb6411 (size before relaxing)
 .debug_str     0x000ccd6c      0x58f ./drivers/fsl_uart.o
                              0xb58dc (size before relaxing)
 .debug_str     0x000cd2fb      0x429 ./codec/fsl_dialog7212.o
                              0xbe028 (size before relaxing)
 .debug_str     0x000cd724       0x37 ./board/board.o
                              0xb5135 (size before relaxing)
 .debug_str     0x000cd75b      0x334 ./board/clock_config.o
                              0xb498c (size before relaxing)
 .debug_str     0x000cda8f       0x31 ./board/peripherals.o
                              0xbd887 (size before relaxing)
 .debug_str     0x000cdac0      0x3cb ./board/pin_mux.o
                              0xb7122 (size before relaxing)
 .debug_str     0x000cde8b       0xf9 ./CMSIS/system_MK66F18.o
                              0xb2ef7 (size before relaxing)

.comment        0x00000000       0x7f
 .comment       0x00000000       0x7f ./utilities/fsl_debug_console.o
                                 0x80 (size before relaxing)
 .comment       0x0000007f       0x80 ./utilities/fsl_io.o
 .comment       0x0000007f       0x80 ./utilities/fsl_log.o
 .comment       0x0000007f       0x80 ./startup/startup_mk66f18.o
 .comment       0x0000007f       0x80 ./source/Audio/AudioStreamer.o
 .comment       0x0000007f       0x80 ./source/main.o
 .comment       0x0000007f       0x80 ./source/semihost_hardfault.o
 .comment       0x0000007f       0x80 ./drivers/fsl_clock.o
 .comment       0x0000007f       0x80 ./drivers/fsl_dmamux.o
 .comment       0x0000007f       0x80 ./drivers/fsl_dspi.o
 .comment       0x0000007f       0x80 ./drivers/fsl_edma.o
 .comment       0x0000007f       0x80 ./drivers/fsl_i2c.o
 .comment       0x0000007f       0x80 ./drivers/fsl_lpuart.o
 .comment       0x0000007f       0x80 ./drivers/fsl_sai.o
 .comment       0x0000007f       0x80 ./drivers/fsl_sai_edma.o
 .comment       0x0000007f       0x80 ./drivers/fsl_sdhc.o
 .comment       0x0000007f       0x80 ./drivers/fsl_uart.o
 .comment       0x0000007f       0x80 ./codec/fsl_dialog7212.o
 .comment       0x0000007f       0x80 ./board/board.o
 .comment       0x0000007f       0x80 ./board/clock_config.o
 .comment       0x0000007f       0x80 ./board/peripherals.o
 .comment       0x0000007f       0x80 ./board/pin_mux.o
 .comment       0x0000007f       0x80 ./CMSIS/system_MK66F18.o
 .comment       0x0000007f       0x80 c:/nxp/mcuxpressoide_10.1.0_589/ide/tools/bin/../lib/gcc/arm-none-eabi/6.3.1/../../../../arm-none-eabi/lib/thumb/v7e-m/fpv4-sp/hard\libcr_semihost_nf.a(_cr__main.o)
 .comment       0x0000007f       0x80 c:/nxp/mcuxpressoide_10.1.0_589/ide/tools/bin/../lib/gcc/arm-none-eabi/6.3.1/../../../../arm-none-eabi/lib/thumb/v7e-m/fpv4-sp/hard\libcr_semihost_nf.a(_cr_assert.o)
 .comment       0x0000007f       0x80 c:/nxp/mcuxpressoide_10.1.0_589/ide/tools/bin/../lib/gcc/arm-none-eabi/6.3.1/../../../../arm-none-eabi/lib/thumb/v7e-m/fpv4-sp/hard\libcr_semihost_nf.a(__ciob.o)
 .comment       0x0000007f       0x80 c:/nxp/mcuxpressoide_10.1.0_589/ide/tools/bin/../lib/gcc/arm-none-eabi/6.3.1/../../../../arm-none-eabi/lib/thumb/v7e-m/fpv4-sp/hard\libcr_c.a(memset.o)
 .comment       0x0000007f       0x80 c:/nxp/mcuxpressoide_10.1.0_589/ide/tools/bin/../lib/gcc/arm-none-eabi/6.3.1/../../../../arm-none-eabi/lib/thumb/v7e-m/fpv4-sp/hard\libcr_c.a(_deferredlazyseek.o)
 .comment       0x0000007f       0x80 c:/nxp/mcuxpressoide_10.1.0_589/ide/tools/bin/../lib/gcc/arm-none-eabi/6.3.1/../../../../arm-none-eabi/lib/thumb/v7e-m/fpv4-sp/hard\libcr_c.a(_fflush.o)
 .comment       0x0000007f       0x80 c:/nxp/mcuxpressoide_10.1.0_589/ide/tools/bin/../lib/gcc/arm-none-eabi/6.3.1/../../../../arm-none-eabi/lib/thumb/v7e-m/fpv4-sp/hard\libcr_c.a(_writebuf.o)
 .comment       0x0000007f       0x80 c:/nxp/mcuxpressoide_10.1.0_589/ide/tools/bin/../lib/gcc/arm-none-eabi/6.3.1/../../../../arm-none-eabi/lib/thumb/v7e-m/fpv4-sp/hard\libcr_c.a(alloc.o)
 .comment       0x0000007f       0x80 c:/nxp/mcuxpressoide_10.1.0_589/ide/tools/bin/../lib/gcc/arm-none-eabi/6.3.1/../../../../arm-none-eabi/lib/thumb/v7e-m/fpv4-sp/hard\libcr_c.a(fputs.o)
 .comment       0x0000007f       0x80 c:/nxp/mcuxpressoide_10.1.0_589/ide/tools/bin/../lib/gcc/arm-none-eabi/6.3.1/../../../../arm-none-eabi/lib/thumb/v7e-m/fpv4-sp/hard\libcr_c.a(fseek.o)
 .comment       0x0000007f       0x80 c:/nxp/mcuxpressoide_10.1.0_589/ide/tools/bin/../lib/gcc/arm-none-eabi/6.3.1/../../../../arm-none-eabi/lib/thumb/v7e-m/fpv4-sp/hard\libcr_c.a(ftell.o)
 .comment       0x0000007f       0x80 c:/nxp/mcuxpressoide_10.1.0_589/ide/tools/bin/../lib/gcc/arm-none-eabi/6.3.1/../../../../arm-none-eabi/lib/thumb/v7e-m/fpv4-sp/hard\libcr_c.a(initio.o)
 .comment       0x0000007f       0x80 c:/nxp/mcuxpressoide_10.1.0_589/ide/tools/bin/../lib/gcc/arm-none-eabi/6.3.1/../../../../arm-none-eabi/lib/thumb/v7e-m/fpv4-sp/hard\libcr_c.a(setvbuf.o)
 .comment       0x0000007f       0x80 c:/nxp/mcuxpressoide_10.1.0_589/ide/tools/bin/../lib/gcc/arm-none-eabi/6.3.1/../../../../arm-none-eabi/lib/thumb/v7e-m/fpv4-sp/hard\libcr_c.a(strlen.o)
 .comment       0x0000007f       0x80 c:/nxp/mcuxpressoide_10.1.0_589/ide/tools/bin/../lib/gcc/arm-none-eabi/6.3.1/../../../../arm-none-eabi/lib/thumb/v7e-m/fpv4-sp/hard\libcr_c.a(__init_alloc.o)
 .comment       0x0000007f       0x80 c:/nxp/mcuxpressoide_10.1.0_589/ide/tools/bin/../lib/gcc/arm-none-eabi/6.3.1/../../../../arm-none-eabi/lib/thumb/v7e-m/fpv4-sp/hard\libcr_c.a(_cr_sbrk.o)
 .comment       0x0000007f       0x80 c:/nxp/mcuxpressoide_10.1.0_589/ide/tools/bin/../lib/gcc/arm-none-eabi/6.3.1/../../../../arm-none-eabi/lib/thumb/v7e-m/fpv4-sp/hard\libcr_c.a(_fdopen.o)
 .comment       0x0000007f       0x80 c:/nxp/mcuxpressoide_10.1.0_589/ide/tools/bin/../lib/gcc/arm-none-eabi/6.3.1/../../../../arm-none-eabi/lib/thumb/v7e-m/fpv4-sp/hard\libcr_c.a(errno.o)
 .comment       0x0000007f       0x80 c:/nxp/mcuxpressoide_10.1.0_589/ide/tools/bin/../lib/gcc/arm-none-eabi/6.3.1/../../../../arm-none-eabi/lib/thumb/v7e-m/fpv4-sp/hard\libcr_c.a(fclose.o)
 .comment       0x0000007f       0x80 c:/nxp/mcuxpressoide_10.1.0_589/ide/tools/bin/../lib/gcc/arm-none-eabi/6.3.1/../../../../arm-none-eabi/lib/thumb/v7e-m/fpv4-sp/hard\libcr_c.a(fflush.o)
 .comment       0x0000007f       0x80 c:/nxp/mcuxpressoide_10.1.0_589/ide/tools/bin/../lib/gcc/arm-none-eabi/6.3.1/../../../../arm-none-eabi/lib/thumb/v7e-m/fpv4-sp/hard\libcr_c.a(remove.o)
 .comment       0x0000007f       0x80 c:/nxp/mcuxpressoide_10.1.0_589/ide/tools/bin/../lib/gcc/arm-none-eabi/6.3.1/../../../../arm-none-eabi/lib/thumb/v7e-m/fpv4-sp/hard\libcr_c.a(_cr_check_heap.o)
 .comment       0x0000007f       0x80 c:/nxp/mcuxpressoide_10.1.0_589/ide/tools/bin/../lib/gcc/arm-none-eabi/6.3.1/../../../../arm-none-eabi/lib/thumb/v7e-m/fpv4-sp/hard\libcr_c.a(_do_fflush.o)

.ARM.attributes
                0x00000000       0x37
 .ARM.attributes
                0x00000000       0x39 ./utilities/fsl_debug_console.o
 .ARM.attributes
                0x00000039       0x39 ./utilities/fsl_io.o
 .ARM.attributes
                0x00000072       0x39 ./utilities/fsl_log.o
 .ARM.attributes
                0x000000ab       0x39 ./startup/startup_mk66f18.o
 .ARM.attributes
                0x000000e4       0x39 ./source/Audio/AudioStreamer.o
 .ARM.attributes
                0x0000011d       0x39 ./source/main.o
 .ARM.attributes
                0x00000156       0x39 ./source/semihost_hardfault.o
 .ARM.attributes
                0x0000018f       0x39 ./drivers/fsl_clock.o
 .ARM.attributes
                0x000001c8       0x39 ./drivers/fsl_dmamux.o
 .ARM.attributes
                0x00000201       0x39 ./drivers/fsl_dspi.o
 .ARM.attributes
                0x0000023a       0x39 ./drivers/fsl_edma.o
 .ARM.attributes
                0x00000273       0x39 ./drivers/fsl_i2c.o
 .ARM.attributes