Archive member included to satisfy reference by file (symbol)

C:\Users\ericksong\Documents\Tsunami\frdmk66f_demo_apps_sai\libs\libarm_cortexM4lf_math.a(arm_max_f32.o)
                              ./source/sai.o (arm_max_f32)
C:\Users\ericksong\Documents\Tsunami\frdmk66f_demo_apps_sai\libs\libarm_cortexM4lf_math.a(arm_cfft_radix2_init_f32.o)
                              ./source/sai.o (arm_cfft_radix2_init_f32)
C:\Users\ericksong\Documents\Tsunami\frdmk66f_demo_apps_sai\libs\libarm_cortexM4lf_math.a(arm_cfft_radix2_f32.o)
                              ./source/sai.o (arm_cfft_radix2_f32)
C:\Users\ericksong\Documents\Tsunami\frdmk66f_demo_apps_sai\libs\libarm_cortexM4lf_math.a(arm_bitreversal.o)
                              C:\Users\ericksong\Documents\Tsunami\frdmk66f_demo_apps_sai\libs\libarm_cortexM4lf_math.a(arm_cfft_radix2_f32.o) (arm_bitreversal_f32)
C:\Users\ericksong\Documents\Tsunami\frdmk66f_demo_apps_sai\libs\libarm_cortexM4lf_math.a(arm_cmplx_mag_f32.o)
                              ./source/sai.o (arm_cmplx_mag_f32)
C:\Users\ericksong\Documents\Tsunami\frdmk66f_demo_apps_sai\libs\libarm_cortexM4lf_math.a(arm_sin_q15.o)
                              ./source/sai.o (arm_sin_q15)
C:\Users\ericksong\Documents\Tsunami\frdmk66f_demo_apps_sai\libs\libarm_cortexM4lf_math.a(arm_common_tables.o)
                              C:\Users\ericksong\Documents\Tsunami\frdmk66f_demo_apps_sai\libs\libarm_cortexM4lf_math.a(arm_sin_q15.o) (sinTable_q15)
c:/nxp/mcuxpressoide_10.1.0_589/ide/tools/bin/../lib/gcc/arm-none-eabi/6.3.1/../../../../arm-none-eabi/lib/thumb/v7e-m/fpv4-sp/hard\libcr_semihost_nf.a(__ciob.o)
                              ./source/sai.o (__Ciob)
c:/nxp/mcuxpressoide_10.1.0_589/ide/tools/bin/../lib/gcc/arm-none-eabi/6.3.1/../../../../arm-none-eabi/lib/thumb/v7e-m/fpv4-sp/hard\libcr_semihost_nf.a(_cr__main.o)
                              ./startup/startup_mk66f18.o (__main)
c:/nxp/mcuxpressoide_10.1.0_589/ide/tools/bin/../lib/gcc/arm-none-eabi/6.3.1/../../../../arm-none-eabi/lib/thumb/v7e-m/fpv4-sp/hard\libcr_semihost_nf.a(_cr_assert.o)
                              ./utilities/fsl_debug_console.o (__assertion_failed)
c:/nxp/mcuxpressoide_10.1.0_589/ide/tools/bin/../lib/gcc/arm-none-eabi/6.3.1/../../../../arm-none-eabi/lib/thumb/v7e-m/fpv4-sp/hard\libcr_semihost_nf.a(__sys_appexit.o)
                              c:/nxp/mcuxpressoide_10.1.0_589/ide/tools/bin/../lib/gcc/arm-none-eabi/6.3.1/../../../../arm-none-eabi/lib/thumb/v7e-m/fpv4-sp/hard\libcr_semihost_nf.a(_cr_assert.o) (__sys_appexit)
c:/nxp/mcuxpressoide_10.1.0_589/ide/tools/bin/../lib/gcc/arm-none-eabi/6.3.1/../../../../arm-none-eabi/lib/thumb/v7e-m/fpv4-sp/hard\libcr_c.a(sqrtf_m4_hardfp.o)
                              C:\Users\ericksong\Documents\Tsunami\frdmk66f_demo_apps_sai\libs\libarm_cortexM4lf_math.a(arm_cmplx_mag_f32.o) (sqrtf)
c:/nxp/mcuxpressoide_10.1.0_589/ide/tools/bin/../lib/gcc/arm-none-eabi/6.3.1/../../../../arm-none-eabi/lib/thumb/v7e-m/fpv4-sp/hard\libcr_c.a(memcpy.o)
                              ./source/sai.o (memcpy)
c:/nxp/mcuxpressoide_10.1.0_589/ide/tools/bin/../lib/gcc/arm-none-eabi/6.3.1/../../../../arm-none-eabi/lib/thumb/v7e-m/fpv4-sp/hard\libcr_c.a(memset.o)
                              ./source/sai.o (memset)
c:/nxp/mcuxpressoide_10.1.0_589/ide/tools/bin/../lib/gcc/arm-none-eabi/6.3.1/../../../../arm-none-eabi/lib/thumb/v7e-m/fpv4-sp/hard\libcr_c.a(__fillbuf.o)
                              ./source/sai.o (__filbuf)
c:/nxp/mcuxpressoide_10.1.0_589/ide/tools/bin/../lib/gcc/arm-none-eabi/6.3.1/../../../../arm-none-eabi/lib/thumb/v7e-m/fpv4-sp/hard\libcr_c.a(_deferredlazyseek.o)
                              c:/nxp/mcuxpressoide_10.1.0_589/ide/tools/bin/../lib/gcc/arm-none-eabi/6.3.1/../../../../arm-none-eabi/lib/thumb/v7e-m/fpv4-sp/hard\libcr_c.a(__fillbuf.o) (_deferredlazyseek)
c:/nxp/mcuxpressoide_10.1.0_589/ide/tools/bin/../lib/gcc/arm-none-eabi/6.3.1/../../../../arm-none-eabi/lib/thumb/v7e-m/fpv4-sp/hard\libcr_c.a(_fflush.o)
                              c:/nxp/mcuxpressoide_10.1.0_589/ide/tools/bin/../lib/gcc/arm-none-eabi/6.3.1/../../../../arm-none-eabi/lib/thumb/v7e-m/fpv4-sp/hard\libcr_c.a(__fillbuf.o) (_fflush)
c:/nxp/mcuxpressoide_10.1.0_589/ide/tools/bin/../lib/gcc/arm-none-eabi/6.3.1/../../../../arm-none-eabi/lib/thumb/v7e-m/fpv4-sp/hard\libcr_c.a(_writebuf.o)
                              c:/nxp/mcuxpressoide_10.1.0_589/ide/tools/bin/../lib/gcc/arm-none-eabi/6.3.1/../../../../arm-none-eabi/lib/thumb/v7e-m/fpv4-sp/hard\libcr_c.a(_deferredlazyseek.o) (_Cwritebuf)
c:/nxp/mcuxpressoide_10.1.0_589/ide/tools/bin/../lib/gcc/arm-none-eabi/6.3.1/../../../../arm-none-eabi/lib/thumb/v7e-m/fpv4-sp/hard\libcr_c.a(alloc.o)
                              c:/nxp/mcuxpressoide_10.1.0_589/ide/tools/bin/../lib/gcc/arm-none-eabi/6.3.1/../../../../arm-none-eabi/lib/thumb/v7e-m/fpv4-sp/hard\libcr_c.a(__fillbuf.o) (_Csys_alloc)
[...]
Memory Configuration

Name             Origin             Length             Attributes
PROGRAM_FLASH    0x00000000         0x00200000         xr
SRAM_UPPER       0x20000000         0x00030000         xrw
SRAM_LOWER       0x1fff0000         0x00010000         xrw
FLEX_RAM         0x14000000         0x00001000         xrw
*default*        0x00000000         0xffffffff

Linker script and memory map

LOAD ./utilities/fsl_assert.o
LOAD ./utilities/fsl_debug_console.o
LOAD ./utilities/fsl_io.o
LOAD ./utilities/fsl_log.o
LOAD ./utilities/fsl_str.o
LOAD ./startup/startup_mk66f18.o
LOAD ./source/sai.o
LOAD ./source/semihost_hardfault.o
LOAD ./sdmmc/src/fsl_sd.o
LOAD ./sdmmc/src/fsl_sdmmc_common.o
LOAD ./sdmmc/port/fsl_sdmmc_event.o
LOAD ./sdmmc/port/fsl_sdmmc_host.o
LOAD ./fatfs/fatfs_source/diskio.o
LOAD ./fatfs/fatfs_source/ff.o
LOAD ./fatfs/fatfs_source/fsl_sd_disk.o
LOAD ./drivers/fsl_clock.o
LOAD ./drivers/fsl_common.o
LOAD ./drivers/fsl_dac.o
LOAD ./drivers/fsl_dmamux.o
LOAD ./drivers/fsl_dspi.o
LOAD ./drivers/fsl_edma.o
LOAD ./drivers/fsl_flash.o
LOAD ./drivers/fsl_ftm.o
LOAD ./drivers/fsl_gpio.o
LOAD ./drivers/fsl_i2c.o
LOAD ./drivers/fsl_lpuart.o
LOAD ./drivers/fsl_sai.o
LOAD ./drivers/fsl_sai_edma.o
LOAD ./drivers/fsl_sdhc.o
LOAD ./drivers/fsl_smc.o
LOAD ./drivers/fsl_sysmpu.o
LOAD ./drivers/fsl_uart.o
LOAD ./codec/fsl_dialog7212.o
LOAD ./board/board.o
LOAD ./board/clock_config.o
LOAD ./board/pin_mux.o
LOAD ./CMSIS/system_MK66F18.o
LOAD C:\Users\ericksong\Documents\Tsunami\frdmk66f_demo_apps_sai\libs\libarm_cortexM4lf_math.a
                0x00000000                __base_PROGRAM_FLASH = 0x0
                0x00000000                __base_Flash = 0x0
                0x00200000                __top_PROGRAM_FLASH = 0x200000
                0x00200000                __top_Flash = 0x200000
                0x20000000                __base_SRAM_UPPER = 0x20000000
                0x20000000                __base_RAM = 0x20000000
                0x20030000                __top_SRAM_UPPER = 0x20030000
                0x20030000                __top_RAM = 0x20030000
                0x1fff0000                __base_SRAM_LOWER = 0x1fff0000
                0x1fff0000                __base_RAM2 = 0x1fff0000
                0x20000000                __top_SRAM_LOWER = 0x20000000
                0x20000000                __top_RAM2 = 0x20000000
                0x14000000                __base_FLEX_RAM = 0x14000000
                0x14000000                __base_RAM3 = 0x14000000
                0x14001000                __top_FLEX_RAM = 0x14001000
                0x14001000                __top_RAM3 = 0x14001000
START GROUP
LOAD c:/nxp/mcuxpressoide_10.1.0_589/ide/tools/bin/../lib/gcc/arm-none-eabi/6.3.1/../../../../arm-none-eabi/lib/thumb/v7e-m/fpv4-sp/hard\libcr_semihost_nf.a
LOAD c:/nxp/mcuxpressoide_10.1.0_589/ide/tools/bin/../lib/gcc/arm-none-eabi/6.3.1/../../../../arm-none-eabi/lib/thumb/v7e-m/fpv4-sp/hard\libcr_c.a
LOAD c:/nxp/mcuxpressoide_10.1.0_589/ide/tools/bin/../lib/gcc/arm-none-eabi/6.3.1/thumb/v7e-m/fpv4-sp/hard\libcr_eabihelpers.a
END GROUP

.text           0x00000000    0x15d08
 FILL mask 0xff
                0x00000000                __vectors_start__ = ABSOLUTE (.)
 *(.isr_vector)
 .isr_vector    0x00000000      0x1d0 ./startup/startup_mk66f18.o
                0x00000000                g_pfnVectors
                0x00000000                __Vectors
                0x000001d0                . = ALIGN (0x4)
                0x000001d0                __section_table_start = .
                0x000001d0                __data_section_table = .
                0x000001d0        0x4 LONG 0x15d08 LOADADDR (.data)
                0x000001d4        0x4 LONG 0x20000000 ADDR (.data)
                0x000001d8        0x4 LONG 0x14 SIZEOF (.data)
                0x000001dc        0x4 LONG 0x15d08 LOADADDR (.data_RAM2)
                0x000001e0        0x4 LONG 0x1fff0000 ADDR (.data_RAM2)
                0x000001e4        0x4 LONG 0x0 SIZEOF (.data_RAM2)
                0x000001e8        0x4 LONG 0x15d08 LOADADDR (.data_RAM3)
                0x000001ec        0x4 LONG 0x14000000 ADDR (.data_RAM3)
                0x000001f0        0x4 LONG 0x0 SIZEOF (.data_RAM3)
                0x000001f4                __data_section_table_end = .
                0x000001f4                __bss_section_table = .
                0x000001f4        0x4 LONG 0x20000014 ADDR (.bss)
                0x000001f8        0x4 LONG 0x2654 SIZEOF (.bss)
                0x000001fc        0x4 LONG 0x1fff0000 ADDR (.bss_RAM2)
                0x00000200        0x4 LONG 0x65c SIZEOF (.bss_RAM2)
                0x00000204        0x4 LONG 0x14000000 ADDR (.bss_RAM3)
                0x00000208        0x4 LONG 0x0 SIZEOF (.bss_RAM3)
                0x0000020c                __bss_section_table_end = .
                0x0000020c                __section_table_end = .
 *(.after_vectors*)
 .after_vectors
                0x0000020c       0x14 ./startup/startup_mk66f18.o
                0x0000020c                NMI_Handler
                0x00000210                MemManage_Handler
                0x00000212                BusFault_Handler
                0x00000214                UsageFault_Handler
                0x00000216                SVC_Handler
                0x00000218                DebugMon_Handler
                0x0000021a                PendSV_Handler
                0x0000021e                FTM2_DriverIRQHandler
                0x0000021e                PIT2_DriverIRQHandler
                0x0000021e                TPM2_DriverIRQHandler
                0x0000021e                TSI0_DriverIRQHandler
                0x0000021e                RTC_Seconds_DriverIRQHandler
                0x0000021e                CMP3_DriverIRQHandler
                0x0000021e                LLWU_DriverIRQHandler
                0x0000021e                MCM_DriverIRQHandler
                0x0000021e                MCG_DriverIRQHandler
                0x0000021e                ENET_1588_Timer_DriverIRQHandler
                0x0000021e                DAC1_DriverIRQHandler
                0x0000021e                FTM1_DriverIRQHandler
                0x0000021e                CMP1_DriverIRQHandler
                0x0000021e                USBHSDCD_DriverIRQHandler
                0x0000021e                FTM0_DriverIRQHandler
                0x0000021e                IntDefaultHandler
                0x0000021e                USB0_DriverIRQHandler
                0x0000021e                PORTC_DriverIRQHandler
                0x0000021e                DAC0_DriverIRQHandler
                0x0000021e                CMP2_DriverIRQHandler
                0x0000021e                UART2_ERR_DriverIRQHandler
                0x0000021e                LVD_LVW_DriverIRQHandler
                0x0000021e                DMA_Error_DriverIRQHandler
                0x0000021e                PIT0_DriverIRQHandler
                0x0000021e                RNG_DriverIRQHandler
                0x0000021e                USBDCD_DriverIRQHandler
                0x0000021e                UART3_ERR_DriverIRQHandler
                0x0000021e                UART0_ERR_DriverIRQHandler
                0x0000021e                CMT_DriverIRQHandler
                0x0000021e                Reserved71_DriverIRQHandler
                0x0000021e                ADC1_DriverIRQHandler
                0x0000021e                PORTA_DriverIRQHandler
                0x0000021e                PIT3_DriverIRQHandler
                0x0000021e                PIT1_DriverIRQHandler
                0x0000021e                TPM1_DriverIRQHandler
                0x0000021e                WDOG_EWM_DriverIRQHandler
                0x0000021e                PDB0_DriverIRQHandler
                0x0000021e                RTC_DriverIRQHandler
                0x0000021e                Read_Collision_DriverIRQHandler
                0x0000021e                SWI_DriverIRQHandler
                0x0000021e                UART4_ERR_DriverIRQHandler
                0x0000021e                LPTMR0_DriverIRQHandler
                0x0000021e                PORTB_DriverIRQHandler
                0x0000021e                ENET_Receive_DriverIRQHandler
                0x0000021e                ENET_Error_DriverIRQHandler
                0x0000021e                Reserved85_DriverIRQHandler
                0x0000021e                ADC0_DriverIRQHandler
                0x0000021e                USBHS_DriverIRQHandler
                0x0000021e                CMP0_DriverIRQHandler
                0x0000021e                CAN0_DriverIRQHandler
                0x0000021e                FTM3_DriverIRQHandler
                0x0000021e                Reserved84_DriverIRQHandler
                0x0000021e                UART1_ERR_DriverIRQHandler
                0x0000021e                ENET_Transmit_DriverIRQHandler
                0x0000021e                PORTD_DriverIRQHandler
                0x0000021e                Reserved46_DriverIRQHandler
                0x0000021e                PORTE_DriverIRQHandler
                0x0000021e                FTFE_DriverIRQHandler
                0x0000021e                CAN1_DriverIRQHandler
 .after_vectors.init_data
                0x00000220       0x1e ./startup/startup_mk66f18.o
                0x00000220                data_init
 .after_vectors.init_bss
                0x0000023e       0x12 ./startup/startup_mk66f18.o
                0x0000023e                bss_init
 .after_vectors.reset
                0x00000250       0x4c ./startup/startup_mk66f18.o
                0x00000250                ResetISR
                0x00000400                . = 0x400
 *fill*         0x0000029c      0x164 ff
                0x00000400                PROVIDE (__FLASH_CONFIG_START__, .)
 *(.FlashConfig)
 .FlashConfig   0x00000400       0x10 ./startup/startup_mk66f18.o
                0x00000400                Flash_Config
                0x00000410                PROVIDE (__FLASH_CONFIG_END__, .)
                0x00000001                ASSERT (! ((__FLASH_CONFIG_START__ == __FLASH_CONFIG_END__)), Linker Flash Config Support Enabled, but no .FlashConfig section provided within application)
 *(.text*)
 .text.DbgConsole_Init
                0x00000410       0x1c ./utilities/fsl_debug_console.o
                0x00000410                DbgConsole_Init
 .text.IO_Init  0x0000042c       0x84 ./utilities/fsl_io.o
                0x0000042c                IO_Init
 .text.LOG_Init
                0x000004b0       0x1e ./utilities/fsl_log.o
                0x000004b0                LOG_Init
 .text.DMA0_DMA16_IRQHandler
                0x000004ce        0x8 ./startup/startup_mk66f18.o
                0x000004ce                DMA0_DMA16_IRQHandler
 .text.DMA1_DMA17_IRQHandler
                0x000004d6        0x8 ./startup/startup_mk66f18.o
                0x000004d6                DMA1_DMA17_IRQHandler
 .text.DMA2_DMA18_IRQHandler
                0x000004de        0x8 ./startup/startup_mk66f18.o
                0x000004de                DMA2_DMA18_IRQHandler
 .text.DMA3_DMA19_IRQHandler
                0x000004e6        0x8 ./startup/startup_mk66f18.o
                0x000004e6                DMA3_DMA19_IRQHandler
 .text.DMA4_DMA20_IRQHandler
                0x000004ee        0x8 ./startup/startup_mk66f18.o
                0x000004ee                DMA4_DMA20_IRQHandler
 .text.DMA5_DMA21_IRQHandler
                0x000004f6        0x8 ./startup/startup_mk66f18.o
                0x000004f6                DMA5_DMA21_IRQHandler
 .text.DMA6_DMA22_IRQHandler
                0x000004fe        0x8 ./startup/startup_mk66f18.o
                0x000004fe                DMA6_DMA22_IRQHandler
 .text.DMA7_DMA23_IRQHandler
                0x00000506        0x8 ./startup/startup_mk66f18.o
                0x00000506                DMA7_DMA23_IRQHandler
 .text.DMA8_DMA24_IRQHandler
                0x0000050e        0x8 ./startup/startup_mk66f18.o
                0x0000050e                DMA8_DMA24_IRQHandler
 .text.DMA9_DMA25_IRQHandler
                0x00000516        0x8 ./startup/startup_mk66f18.o
                0x00000516                DMA9_DMA25_IRQHandler
 .text.DMA10_DMA26_IRQHandler
                0x0000051e        0x8 ./startup/startup_mk66f18.o
                0x0000051e                DMA10_DMA26_IRQHandler
 .text.DMA11_DMA27_IRQHandler
                0x00000526        0x8 ./startup/startup_mk66f18.o
                0x00000526                DMA11_DMA27_IRQHandler
 .text.DMA12_DMA28_IRQHandler
                0x0000052e        0x8 ./startup/startup_mk66f18.o
                0x0000052e                DMA12_DMA28_IRQHandler
 .text.DMA13_DMA29_IRQHandler
                0x00000536        0x8 ./startup/startup_mk66f18.o
                0x00000536                DMA13_DMA29_IRQHandler
 .text.DMA14_DMA30_IRQHandler
                0x0000053e        0x8 ./startup/startup_mk66f18.o
                0x0000053e                DMA14_DMA30_IRQHandler
 .text.DMA15_DMA31_IRQHandler
                0x00000546        0x8 ./startup/startup_mk66f18.o
                0x00000546                DMA15_DMA31_IRQHandler
 .text.DMA_Error_IRQHandler
                0x0000054e        0x8 ./startup/startup_mk66f18.o
                0x0000054e                DMA_Error_IRQHandler
 .text.MCM_IRQHandler
                0x00000556        0x8 ./startup/startup_mk66f18.o
                0x00000556                MCM_IRQHandler
 .text.FTFE_IRQHandler
                0x0000055e        0x8 ./startup/startup_mk66f18.o
                0x0000055e                FTFE_IRQHandler
 .text.Read_Collision_IRQHandler
                0x00000566        0x8 ./startup/startup_mk66f18.o
                0x00000566                Read_Collision_IRQHandler
 .text.LVD_LVW_IRQHandler
                0x0000056e        0x8 ./startup/startup_mk66f18.o
                0x0000056e                LVD_LVW_IRQHandler
 .text.LLWU_IRQHandler
                0x00000576        0x8 ./startup/startup_mk66f18.o
                0x00000576                LLWU_IRQHandler
 .text.WDOG_EWM_IRQHandler
                0x0000057e        0x8 ./startup/startup_mk66f18.o
                0x0000057e                WDOG_EWM_IRQHandler
 .text.RNG_IRQHandler
                0x00000586        0x8 ./startup/startup_mk66f18.o
                0x00000586                RNG_IRQHandler
 .text.I2C0_IRQHandler
                0x0000058e        0x8 ./startup/startup_mk66f18.o
                0x0000058e                I2C0_IRQHandler
 .text.I2C1_IRQHandler
                0x00000596        0x8 ./startup/startup_mk66f18.o
                0x00000596                I2C1_IRQHandler
 .text.SPI0_IRQHandler
                0x0000059e        0x8 ./startup/startup_mk66f18.o
                0x0000059e                SPI0_IRQHandler
 .text.SPI1_IRQHandler
                0x000005a6        0x8 ./startup/startup_mk66f18.o
                0x000005a6                SPI1_IRQHandler
 .text.Reserved46_IRQHandler
                0x000005ae        0x8 ./startup/startup_mk66f18.o
                0x000005ae                Reserved46_IRQHandler
 .text.UART0_RX_TX_IRQHandler
                0x000005b6        0x8 ./startup/startup_mk66f18.o
                0x000005b6                UART0_RX_TX_IRQHandler
 .text.UART0_ERR_IRQHandler
                0x000005be        0x8 ./startup/startup_mk66f18.o
                0x000005be                UART0_ERR_IRQHandler
 .text.UART1_RX_TX_IRQHandler
                0x000005c6        0x8 ./startup/startup_mk66f18.o
                0x000005c6                UART1_RX_TX_IRQHandler
 .text.UART1_ERR_IRQHandler
                0x000005ce        0x8 ./startup/startup_mk66f18.o
                0x000005ce                UART1_ERR_IRQHandler
 .text.UART2_RX_TX_IRQHandler
                0x000005d6        0x8 ./startup/startup_mk66f18.o
                0x000005d6                UART2_RX_TX_IRQHandler
 .text.UART2_ERR_IRQHandler
                0x000005de        0x8 ./startup/startup_mk66f18.o
                0x000005de                UART2_ERR_IRQHandler
 .text.UART3_RX_TX_IRQHandler
                0x000005e6        0x8 ./startup/startup_mk66f18.o
                0x000005e6                UART3_RX_TX_IRQHandler
 .text.UART3_ERR_IRQHandler
                0x000005ee        0x8 ./startup/startup_mk66f18.o
                0x000005ee                UART3_ERR_IRQHandler
 .text.ADC0_IRQHandler
                0x000005f6        0x8 ./startup/startup_mk66f18.o
                0x000005f6                ADC0_IRQHandler
 .text.CMP0_IRQHandler
                0x000005fe        0x8 ./startup/startup_mk66f18.o
                0x000005fe                CMP0_IRQHandler
 .text.CMP1_IRQHandler
                0x00000606        0x8 ./startup/startup_mk66f18.o
                0x00000606                CMP1_IRQHandler
 .text.FTM0_IRQHandler
                0x0000060e        0x8 ./startup/startup_mk66f18.o
                0x0000060e                FTM0_IRQHandler
 .text.FTM1_IRQHandler
                0x00000616        0x8 ./startup/startup_mk66f18.o
                0x00000616                FTM1_IRQHandler
 .text.FTM2_IRQHandler
                0x0000061e        0x8 ./startup/startup_mk66f18.o
                0x0000061e                FTM2_IRQHandler
 .text.CMT_IRQHandler
                0x00000626        0x8 ./startup/startup_mk66f18.o
                0x00000626                CMT_IRQHandler
 .text.RTC_IRQHandler
                0x0000062e        0x8 ./startup/startup_mk66f18.o
                0x0000062e                RTC_IRQHandler
 .text.RTC_Seconds_IRQHandler
                0x00000636        0x8 ./startup/startup_mk66f18.o
                0x00000636                RTC_Seconds_IRQHandler
 .text.PIT0_IRQHandler
                0x0000063e        0x8 ./startup/startup_mk66f18.o
                0x0000063e                PIT0_IRQHandler
 .text.PIT1_IRQHandler
                0x00000646        0x8 ./startup/startup_mk66f18.o
                0x00000646                PIT1_IRQHandler
 .text.PIT2_IRQHandler
                0x0000064e        0x8 ./startup/startup_mk66f18.o
                0x0000064e                PIT2_IRQHandler
 .text.PIT3_IRQHandler
                0x00000656        0x8 ./startup/startup_mk66f18.o
                0x00000656                PIT3_IRQHandler
 .text.PDB0_IRQHandler
                0x0000065e        0x8 ./startup/startup_mk66f18.o
                0x0000065e                PDB0_IRQHandler
 .text.USB0_IRQHandler
                0x00000666        0x8 ./startup/startup_mk66f18.o
                0x00000666                USB0_IRQHandler
 .text.USBDCD_IRQHandler
                0x0000066e        0x8 ./startup/startup_mk66f18.o
                0x0000066e                USBDCD_IRQHandler
 .text.Reserved71_IRQHandler
                0x00000676        0x8 ./startup/startup_mk66f18.o
                0x00000676                Reserved71_IRQHandler
 .text.DAC0_IRQHandler
                0x0000067e        0x8 ./startup/startup_mk66f18.o
                0x0000067e                DAC0_IRQHandler
 .text.MCG_IRQHandler
                0x00000686        0x8 ./startup/startup_mk66f18.o
                0x00000686                MCG_IRQHandler
 .text.LPTMR0_IRQHandler
                0x0000068e        0x8 ./startup/startup_mk66f18.o
                0x0000068e                LPTMR0_IRQHandler
 .text.PORTA_IRQHandler
                0x00000696        0x8 ./startup/startup_mk66f18.o
                0x00000696                PORTA_IRQHandler
 .text.PORTB_IRQHandler
                0x0000069e        0x8 ./startup/startup_mk66f18.o
                0x0000069e                PORTB_IRQHandler
 .text.PORTC_IRQHandler
                0x000006a6        0x8 ./startup/startup_mk66f18.o
                0x000006a6                PORTC_IRQHandler
 .text.PORTE_IRQHandler
                0x000006ae        0x8 ./startup/startup_mk66f18.o
                0x000006ae                PORTE_IRQHandler
 .text.SWI_IRQHandler
                0x000006b6        0x8 ./startup/startup_mk66f18.o
                0x000006b6                SWI_IRQHandler
 .text.SPI2_IRQHandler
                0x000006be        0x8 ./startup/startup_mk66f18.o
                0x000006be                SPI2_IRQHandler
 .text.UART4_RX_TX_IRQHandler
                0x000006c6        0x8 ./startup/startup_mk66f18.o
                0x000006c6                UART4_RX_TX_IRQHandler
 .text.UART4_ERR_IRQHandler
                0x000006ce        0x8 ./startup/startup_mk66f18.o
                0x000006ce                UART4_ERR_IRQHandler
 .text.Reserved84_IRQHandler
                0x000006d6        0x8 ./startup/startup_mk66f18.o
                0x000006d6                Reserved84_IRQHandler
 .text.Reserved85_IRQHandler
                0x000006de        0x8 ./startup/startup_mk66f18.o
                0x000006de                Reserved85_IRQHandler
 .text.CMP2_IRQHandler
                0x000006e6        0x8 ./startup/startup_mk66f18.o
                0x000006e6                CMP2_IRQHandler
 .text.FTM3_IRQHandler
                0x000006ee        0x8 ./startup/startup_mk66f18.o
                0x000006ee                FTM3_IRQHandler
 .text.DAC1_IRQHandler
                0x000006f6        0x8 ./startup/startup_mk66f18.o
                0x000006f6                DAC1_IRQHandler
 .text.ADC1_IRQHandler
                0x000006fe        0x8 ./startup/startup_mk66f18.o
                0x000006fe                ADC1_IRQHandler
 .text.I2C2_IRQHandler
                0x00000706        0x8 ./startup/startup_mk66f18.o
                0x00000706                I2C2_IRQHandler
 .text.CAN0_ORed_Message_buffer_IRQHandler
                0x0000070e        0x8 ./startup/startup_mk66f18.o
                0x0000070e                CAN0_ORed_Message_buffer_IRQHandler
 .text.CAN0_Bus_Off_IRQHandler
                0x00000716        0x8 ./startup/startup_mk66f18.o
                0x00000716                CAN0_Bus_Off_IRQHandler
 .text.CAN0_Error_IRQHandler
                0x0000071e        0x8 ./startup/startup_mk66f18.o
                0x0000071e                CAN0_Error_IRQHandler
 .text.CAN0_Tx_Warning_IRQHandler
                0x00000726        0x8 ./startup/startup_mk66f18.o
                0x00000726                CAN0_Tx_Warning_IRQHandler
 .text.CAN0_Rx_Warning_IRQHandler
                0x0000072e        0x8 ./startup/startup_mk66f18.o
                0x0000072e                CAN0_Rx_Warning_IRQHandler
 .text.CAN0_Wake_Up_IRQHandler
                0x00000736        0x8 ./startup/startup_mk66f18.o
                0x00000736                CAN0_Wake_Up_IRQHandler
 .text.SDHC_IRQHandler
                0x0000073e        0x8 ./startup/startup_mk66f18.o
                0x0000073e                SDHC_IRQHandler
 .text.ENET_1588_Timer_IRQHandler
                0x00000746        0x8 ./startup/startup_mk66f18.o
                0x00000746                ENET_1588_Timer_IRQHandler
 .text.ENET_Transmit_IRQHandler
                0x0000074e        0x8 ./startup/startup_mk66f18.o
                0x0000074e                ENET_Transmit_IRQHandler
 .text.ENET_Receive_IRQHandler
                0x00000756        0x8 ./startup/startup_mk66f18.o
                0x00000756                ENET_Receive_IRQHandler
 .text.ENET_Error_IRQHandler
                0x0000075e        0x8 ./startup/startup_mk66f18.o
                0x0000075e                ENET_Error_IRQHandler
 .text.LPUART0_IRQHandler
                0x00000766        0x8 ./startup/startup_mk66f18.o
                0x00000766                LPUART0_IRQHandler
 .text.TSI0_IRQHandler
                0x0000076e        0x8 ./startup/startup_mk66f18.o
                0x0000076e                TSI0_IRQHandler
 .text.TPM1_IRQHandler
                0x00000776        0x8 ./startup/startup_mk66f18.o
                0x00000776                TPM1_IRQHandler
 .text.TPM2_IRQHandler
                0x0000077e        0x8 ./startup/startup_mk66f18.o
                0x0000077e                TPM2_IRQHandler
 .text.USBHSDCD_IRQHandler
                0x00000786        0x8 ./startup/startup_mk66f18.o
                0x00000786                USBHSDCD_IRQHandler
 .text.I2C3_IRQHandler
                0x0000078e        0x8 ./startup/startup_mk66f18.o
                0x0000078e                I2C3_IRQHandler
 .text.CMP3_IRQHandler
                0x00000796        0x8 ./startup/startup_mk66f18.o
                0x00000796                CMP3_IRQHandler
 .text.USBHS_IRQHandler
                0x0000079e        0x8 ./startup/startup_mk66f18.o
                0x0000079e                USBHS_IRQHandler
 .text.CAN1_ORed_Message_buffer_IRQHandler
                0x000007a6        0x8 ./startup/startup_mk66f18.o
                0x000007a6                CAN1_ORed_Message_buffer_IRQHandler
 .text.CAN1_Bus_Off_IRQHandler
                0x000007ae        0x8 ./startup/startup_mk66f18.o
                0x000007ae                CAN1_Bus_Off_IRQHandler
 .text.CAN1_Error_IRQHandler
                0x000007b6        0x8 ./startup/startup_mk66f18.o
                0x000007b6                CAN1_Error_IRQHandler
 .text.CAN1_Tx_Warning_IRQHandler
                0x000007be        0x8 ./startup/startup_mk66f18.o
                0x000007be                CAN1_Tx_Warning_IRQHandler
 .text.CAN1_Rx_Warning_IRQHandler
                0x000007c6        0x8 ./startup/startup_mk66f18.o
                0x000007c6                CAN1_Rx_Warning_IRQHandler
 .text.CAN1_Wake_Up_IRQHandler
                0x000007ce        0x8 ./startup/startup_mk66f18.o
                0x000007ce                CAN1_Wake_Up_IRQHandler
 *fill*         0x000007d6        0x2 ff
 .text.rxCallback
                0x000007d8       0x84 ./source/sai.o
 .text.txCallback
                0x0000085c       0x84 ./source/sai.o
 .text.do_fft   0x000008e0      0x178 ./source/sai.o
                0x000008e0                do_fft
 .text.RecordPlayback
                0x00000a58       0xb8 ./source/sai.o
                0x00000a58                RecordPlayback
 .text.PlaybackSine
                0x00000b10      0x104 ./source/sai.o
                0x00000b10                PlaybackSine
 .text.RecordSDCard
                0x00000c14      0x368 ./source/sai.o
                0x00000c14                RecordSDCard
 .text.main     0x00000f7c      0x3ec ./source/sai.o
                0x00000f7c                main
 .text.I2S0_Tx_IRQHandler
                0x00001368       0x24 ./source/sai.o
                0x00001368                I2S0_Tx_IRQHandler
 .text.I2S0_Rx_IRQHandler
                0x0000138c       0x28 ./source/sai.o
                0x0000138c                I2S0_Rx_IRQHandler
 .text.HardFault_Handler
                0x000013b4       0x28 ./source/semihost_hardfault.o
                0x000013b4                HardFault_Handler
 .text.SD_SwitchFunction
                0x000013dc       0xac ./sdmmc/src/fsl_sd.o
 .text.SD_SelectFunction
                0x00001488      0x184 ./sdmmc/src/fsl_sd.o
 .text.SD_Transfer
                0x0000160c       0xa0 ./sdmmc/src/fsl_sd.o
 .text.SD_WaitWriteComplete
                0x000016ac       0x68 ./sdmmc/src/fsl_sd.o
 .text.SD_StopTransmission
                0x00001714       0x54 ./sdmmc/src/fsl_sd.o
 .text.SD_ReadBlocks
                0x00001768      0x130 ./sdmmc/src/fsl_sd.o
                0x00001768                SD_ReadBlocks
 .text.SD_WriteBlocks
                0x00001898      0x13c ./sdmmc/src/fsl_sd.o
                0x00001898                SD_WriteBlocks
 .text.SD_CardInit
                0x000019d4      0x6e8 ./sdmmc/src/fsl_sd.o
                0x000019d4                SD_CardInit
 .text.SD_CardDeinit
                0x000020bc       0x1c ./sdmmc/src/fsl_sd.o
                0x000020bc                SD_CardDeinit
 .text.SD_HostInit
                0x000020d8       0x30 ./sdmmc/src/fsl_sd.o
                0x000020d8                SD_HostInit
 .text.SD_HostReset
                0x00002108        0xa ./sdmmc/src/fsl_sd.o
                0x00002108                SD_HostReset
 .text.SD_PowerOnCard
                0x00002112        0x8 ./sdmmc/src/fsl_sd.o
                0x00002112                SD_PowerOnCard
 .text.SD_PowerOffCard
                0x0000211a        0x8 ./sdmmc/src/fsl_sd.o
                0x0000211a                SD_PowerOffCard
 .text.SD_WaitCardDetectStatus
                0x00002122        0x8 ./sdmmc/src/fsl_sd.o
                0x00002122                SD_WaitCardDetectStatus
 *fill*         0x0000212a        0x2 ff
 .text.SDMMC_SelectCard
                0x0000212c       0x64 ./sdmmc/src/fsl_sdmmc_common.o
                0x0000212c                SDMMC_SelectCard
 .text.SDMMC_SendApplicationCommand
                0x00002190       0x6c ./sdmmc/src/fsl_sdmmc_common.o
                0x00002190                SDMMC_SendApplicationCommand
 .text.SDMMC_GoIdle
                0x000021fc       0x3c ./sdmmc/src/fsl_sdmmc_common.o
                0x000021fc                SDMMC_GoIdle
 .text.SDMMC_SetBlockSize
                0x00002238       0x5c ./sdmmc/src/fsl_sdmmc_common.o
                0x00002238                SDMMC_SetBlockSize
 .text.SDMMC_SwitchVoltage
                0x00002294       0x7c ./sdmmc/src/fsl_sdmmc_common.o
                0x00002294                SDMMC_SwitchVoltage
 .text.SDMMC_ExecuteTuning
                0x00002310       0x68 ./sdmmc/src/fsl_sdmmc_common.o
                0x00002310                SDMMC_ExecuteTuning
 .text.SDMMCEVENT_GetInstance
                0x00002378       0x18 ./sdmmc/port/fsl_sdmmc_event.o
 .text.SDMMCEVENT_InitTimer
                0x00002390       0x3c ./sdmmc/port/fsl_sdmmc_event.o
                0x00002390                SDMMCEVENT_InitTimer
 .text.SysTick_Handler
                0x000023cc       0x10 ./sdmmc/port/fsl_sdmmc_event.o
                0x000023cc                SysTick_Handler
 .text.SDMMCEVENT_Create
                0x000023dc       0x14 ./sdmmc/port/fsl_sdmmc_event.o
                0x000023dc                SDMMCEVENT_Create
 .text.SDMMCEVENT_Wait
                0x000023f0       0x38 ./sdmmc/port/fsl_sdmmc_event.o
                0x000023f0                SDMMCEVENT_Wait
 .text.SDMMCEVENT_Notify
                0x00002428       0x14 ./sdmmc/port/fsl_sdmmc_event.o
                0x00002428                SDMMCEVENT_Notify
 .text.SDMMCEVENT_Delete
                0x0000243c        0xe ./sdmmc/port/fsl_sdmmc_event.o
                0x0000243c                SDMMCEVENT_Delete
 *fill*         0x0000244a        0x2 ff
 .text.SDMMCEVENT_Delay
                0x0000244c       0x18 ./sdmmc/port/fsl_sdmmc_event.o
                0x0000244c                SDMMCEVENT_Delay
 .text.SDMMCHOST_DetectCardByGpio
                0x00002464       0x3c ./sdmmc/port/fsl_sdmmc_host.o
 .text.SDMMCHOST_DetectCardRemoveByHost
                0x000024a0       0x1c ./sdmmc/port/fsl_sdmmc_host.o
 .text.SDMMCHOST_DetectCardInsertByHost
                0x000024bc       0x2c ./sdmmc/port/fsl_sdmmc_host.o
 .text.SDMMCHOST_TransferCompleteCallback
                0x000024e8       0x20 ./sdmmc/port/fsl_sdmmc_host.o
 .text.SDMMCHOST_TransferFunction
                0x00002508       0x88 ./sdmmc/port/fsl_sdmmc_host.o
 .text.SDMMCHOST_Delay
                0x00002590        0x8 ./sdmmc/port/fsl_sdmmc_host.o
                0x00002590                SDMMCHOST_Delay
 .text.PORTD_IRQHandler
                0x00002598       0x34 ./sdmmc/port/fsl_sdmmc_host.o
                0x00002598                PORTD_IRQHandler
 .text.SDMMCHOST_WaitCardDetectStatus
                0x000025cc       0x40 ./sdmmc/port/fsl_sdmmc_host.o
                0x000025cc                SDMMCHOST_WaitCardDetectStatus
 .text.SDMMCHOST_PowerOffCard
                0x0000260c       0x14 ./sdmmc/port/fsl_sdmmc_host.o
                0x0000260c                SDMMCHOST_PowerOffCard
 .text.SDMMCHOST_PowerOnCard
                0x00002620       0x1c ./sdmmc/port/fsl_sdmmc_host.o
                0x00002620                SDMMCHOST_PowerOnCard
 .text.SDMMCHOST_Init
                0x0000263c       0xe0 ./sdmmc/port/fsl_sdmmc_host.o
                0x0000263c                SDMMCHOST_Init
 .text.SDMMCHOST_Reset
                0x0000271c        0x2 ./sdmmc/port/fsl_sdmmc_host.o
                0x0000271c                SDMMCHOST_Reset
 .text.disk_status
                0x0000271e       0x10 ./fatfs/fatfs_source/diskio.o
                0x0000271e                disk_status
 .text.disk_initialize
                0x0000272e       0x10 ./fatfs/fatfs_source/diskio.o
                0x0000272e                disk_initialize
 .text.disk_read
                0x0000273e       0x12 ./fatfs/fatfs_source/diskio.o
                0x0000273e                disk_read
 .text.disk_write
                0x00002750       0x12 ./fatfs/fatfs_source/diskio.o
                0x00002750                disk_write
 .text.disk_ioctl
                0x00002762       0x10 ./fatfs/fatfs_source/diskio.o
                0x00002762                disk_ioctl
 .text.ld_dword
                0x00002772       0x16 ./fatfs/fatfs_source/ff.o
 .text.mem_cpy  0x00002788       0x14 ./fatfs/fatfs_source/ff.o
 .text.mem_set  0x0000279c        0xc ./fatfs/fatfs_source/ff.o
 .text.clust2sect
                0x000027a8       0x16 ./fatfs/fatfs_source/ff.o
 *fill*         0x000027be        0x2 ff
 .text.get_ldnumber
                0x000027c0       0x60 ./fatfs/fatfs_source/ff.o
 .text.validate
                0x00002820       0x34 ./fatfs/fatfs_source/ff.o
 .text.sync_window
                0x00002854       0x68 ./fatfs/fatfs_source/ff.o
 .text.move_window
                0x000028bc       0x38 ./fatfs/fatfs_source/ff.o
 .text.sync_fs  0x000028f4       0xb6 ./fatfs/fatfs_source/ff.o
 .text.put_fat  0x000029aa      0x13a ./fatfs/fatfs_source/ff.o
 .text.st_clust
                0x00002ae4       0x1a ./fatfs/fatfs_source/ff.o
 .text.get_fat  0x00002afe       0xd0 ./fatfs/fatfs_source/ff.o
 .text.dir_sdi  0x00002bce       0xbc ./fatfs/fatfs_source/ff.o
 .text.create_chain
                0x00002c8a       0xc4 ./fatfs/fatfs_source/ff.o
 .text.remove_chain
                0x00002d4e       0x8a ./fatfs/fatfs_source/ff.o
 .text.dir_next
                0x00002dd8      0x11e ./fatfs/fatfs_source/ff.o
 .text.dir_register
                0x00002ef6       0x72 ./fatfs/fatfs_source/ff.o
 .text.check_fs
                0x00002f68       0x84 ./fatfs/fatfs_source/ff.o
 .text.find_volume
                0x00002fec      0x330 ./fatfs/fatfs_source/ff.o
 .text.ld_clust
                0x0000331c       0x20 ./fatfs/fatfs_source/ff.o
 .text.follow_path
                0x0000333c      0x270 ./fatfs/fatfs_source/ff.o
 .text.f_mount  0x000035ac       0x64 ./fatfs/fatfs_source/ff.o
                0x000035ac                f_mount
 .text.f_open   0x00003610      0x21a ./fatfs/fatfs_source/ff.o
                0x00003610                f_open
 .text.f_read   0x0000382a      0x174 ./fatfs/fatfs_source/ff.o
                0x0000382a                f_read
 .text.f_write  0x0000399e      0x1b0 ./fatfs/fatfs_source/ff.o
                0x0000399e                f_write
 .text.f_sync   0x00003b4e       0x9e ./fatfs/fatfs_source/ff.o
                0x00003b4e                f_sync
 .text.f_close  0x00003bec       0x28 ./fatfs/fatfs_source/ff.o
                0x00003bec                f_close
 .text.f_chdrive
                0x00003c14       0x28 ./fatfs/fatfs_source/ff.o
                0x00003c14                f_chdrive
 .text.f_lseek  0x00003c3c      0x192 ./fatfs/fatfs_source/ff.o
                0x00003c3c                f_lseek
 .text.f_mkdir  0x00003dce      0x184 ./fatfs/fatfs_source/ff.o
                0x00003dce                f_mkdir
 *fill*         0x00003f52        0x2 ff
 .text.f_mkfs   0x00003f54      0x6a0 ./fatfs/fatfs_source/ff.o
                0x00003f54                f_mkfs
 .text.sd_disk_write
                0x000045f4       0x1c ./fatfs/fatfs_source/fsl_sd_disk.o
                0x000045f4                sd_disk_write
 .text.sd_disk_read
                0x00004610       0x1c ./fatfs/fatfs_source/fsl_sd_disk.o
                0x00004610                sd_disk_read
 .text.sd_disk_ioctl
                0x0000462c       0x58 ./fatfs/fatfs_source/fsl_sd_disk.o
                0x0000462c                sd_disk_ioctl
 .text.sd_disk_status
                0x00004684        0x8 ./fatfs/fatfs_source/fsl_sd_disk.o
                0x00004684                sd_disk_status
 .text.sd_disk_initialize
                0x0000468c       0x44 ./fatfs/fatfs_source/fsl_sd_disk.o
                0x0000468c                sd_disk_initialize
 .text.CLOCK_GetInternalRefClkSelectFreq
                0x000046d0       0x2c ./drivers/fsl_clock.o
 .text.CLOCK_GetMcgExtClkFreq
                0x000046fc       0x50 ./drivers/fsl_clock.o
 .text.CLOCK_GetFllExtRefClkFreq
                0x0000474c       0x64 ./drivers/fsl_clock.o
 .text.CLOCK_GetOsc0ErClkUndivFreq
                0x000047b0       0x2c ./drivers/fsl_clock.o
                0x000047b0                CLOCK_GetOsc0ErClkUndivFreq
 .text.CLOCK_GetOsc0ErClkDivFreq
                0x000047dc       0x34 ./drivers/fsl_clock.o
                0x000047dc                CLOCK_GetOsc0ErClkDivFreq
 .text.CLOCK_GetEr32kClkFreq
                0x00004810       0x4c ./drivers/fsl_clock.o
                0x00004810                CLOCK_GetEr32kClkFreq
 .text.CLOCK_SetSimConfig
                0x0000485c       0x54 ./drivers/fsl_clock.o
                0x0000485c                CLOCK_SetSimConfig
 .text.CLOCK_GetFllFreq
                0x000048b0       0x60 ./drivers/fsl_clock.o
                0x000048b0                CLOCK_GetFllFreq
 .text.CLOCK_GetInternalRefClkFreq
                0x00004910       0x1c ./drivers/fsl_clock.o
                0x00004910                CLOCK_GetInternalRefClkFreq
 .text.CLOCK_GetPll0Freq
                0x0000492c       0x44 ./drivers/fsl_clock.o
                0x0000492c                CLOCK_GetPll0Freq
 .text.CLOCK_GetPllFllSelClkFreq
                0x00004970       0x5c ./drivers/fsl_clock.o
                0x00004970                CLOCK_GetPllFllSelClkFreq
 .text.CLOCK_GetOutClkFreq
                0x000049cc       0x50 ./drivers/fsl_clock.o
                0x000049cc                CLOCK_GetOutClkFreq
 .text.CLOCK_GetCoreSysClkFreq
                0x00004a1c       0x1c ./drivers/fsl_clock.o
                0x00004a1c                CLOCK_GetCoreSysClkFreq
 .text.CLOCK_GetFixedFreqClkFreq
                0x00004a38       0x34 ./drivers/fsl_clock.o
                0x00004a38                CLOCK_GetFixedFreqClkFreq
 .text.CLOCK_GetFreq
                0x00004a6c       0xc4 ./drivers/fsl_clock.o
                0x00004a6c                CLOCK_GetFreq
 .text.CLOCK_SetExternalRefClkConfig
                0x00004b30       0x34 ./drivers/fsl_clock.o
                0x00004b30                CLOCK_SetExternalRefClkConfig
 .text.CLOCK_SetInternalRefClkConfig
                0x00004b64       0x8c ./drivers/fsl_clock.o
                0x00004b64                CLOCK_SetInternalRefClkConfig
 .text.CLOCK_EnablePll0
                0x00004bf0       0x44 ./drivers/fsl_clock.o
                0x00004bf0                CLOCK_EnablePll0
 .text.CLOCK_InitOsc0
                0x00004c34       0x78 ./drivers/fsl_clock.o
                0x00004c34                CLOCK_InitOsc0
 .text.CLOCK_SetPbeMode
                0x00004cac       0x88 ./drivers/fsl_clock.o
                0x00004cac                CLOCK_SetPbeMode
 .text.CLOCK_BootToPeeMode
                0x00004d34       0x40 ./drivers/fsl_clock.o
                0x00004d34                CLOCK_BootToPeeMode
 .text.DMAMUX_GetInstance
                0x00004d74       0x1c ./drivers/fsl_dmamux.o
 .text.DMAMUX_Init
                0x00004d90       0x18 ./drivers/fsl_dmamux.o
                0x00004d90                DMAMUX_Init
 .text.DSPI_CommonIRQHandler
                0x00004da8       0x20 ./drivers/fsl_dspi.o
 .text.SPI0_DriverIRQHandler
                0x00004dc8       0x24 ./drivers/fsl_dspi.o
                0x00004dc8                SPI0_DriverIRQHandler
 .text.SPI1_DriverIRQHandler
                0x00004dec       0x24 ./drivers/fsl_dspi.o
                0x00004dec                SPI1_DriverIRQHandler
 .text.SPI2_DriverIRQHandler
                0x00004e10       0x24 ./drivers/fsl_dspi.o
                0x00004e10                SPI2_DriverIRQHandler
 .text.EDMA_GetInstance
                0x00004e34       0x1c ./drivers/fsl_edma.o
 .text.EDMA_InstallTCD
                0x00004e50       0x9c ./drivers/fsl_edma.o
                0x00004e50                EDMA_InstallTCD
 .text.EDMA_Init
                0x00004eec       0x5c ./drivers/fsl_edma.o
                0x00004eec                EDMA_Init
 .text.EDMA_GetDefaultConfig
                0x00004f48       0x1c ./drivers/fsl_edma.o
                0x00004f48                EDMA_GetDefaultConfig
 .text.EDMA_TcdReset
                0x00004f64       0x3c ./drivers/fsl_edma.o
                0x00004f64                EDMA_TcdReset
 .text.EDMA_TcdSetTransferConfig
                0x00004fa0       0x84 ./drivers/fsl_edma.o
                0x00004fa0                EDMA_TcdSetTransferConfig
 .text.EDMA_SetTransferConfig
                0x00005024       0x40 ./drivers/fsl_edma.o
                0x00005024                EDMA_SetTransferConfig
 .text.EDMA_GetChannelStatusFlags
                0x00005064       0x38 ./drivers/fsl_edma.o
                0x00005064                EDMA_GetChannelStatusFlags
 .text.EDMA_CreateHandle
                0x0000509c       0xa0 ./drivers/fsl_edma.o
                0x0000509c                EDMA_CreateHandle
 .text.EDMA_InstallTCDMemory
                0x0000513c       0x34 ./drivers/fsl_edma.o
                0x0000513c                EDMA_InstallTCDMemory
 .text.EDMA_SetCallback
                0x00005170       0x14 ./drivers/fsl_edma.o
                0x00005170                EDMA_SetCallback
 .text.EDMA_PrepareTransfer
                0x00005184      0x154 ./drivers/fsl_edma.o
                0x00005184                EDMA_PrepareTransfer
 .text.EDMA_SubmitTransfer
                0x000052d8      0x19c ./drivers/fsl_edma.o
                0x000052d8                EDMA_SubmitTransfer
 .text.EDMA_StartTransfer
                0x00005474       0x68 ./drivers/fsl_edma.o
                0x00005474                EDMA_StartTransfer
 .text.EDMA_AbortTransfer
                0x000054dc       0x34 ./drivers/fsl_edma.o
                0x000054dc                EDMA_AbortTransfer
 .text.EDMA_HandleIRQ
                0x00005510       0xb4 ./drivers/fsl_edma.o
                0x00005510                EDMA_HandleIRQ
 .text.DMA0_DMA16_DriverIRQHandler
                0x000055c4       0x40 ./drivers/fsl_edma.o
                0x000055c4                DMA0_DMA16_DriverIRQHandler
 .text.DMA1_DMA17_DriverIRQHandler
                0x00005604       0x40 ./drivers/fsl_edma.o
                0x00005604                DMA1_DMA17_DriverIRQHandler
 .text.DMA2_DMA18_DriverIRQHandler
                0x00005644       0x40 ./drivers/fsl_edma.o
                0x00005644                DMA2_DMA18_DriverIRQHandler
 .text.DMA3_DMA19_DriverIRQHandler
                0x00005684       0x40 ./drivers/fsl_edma.o
                0x00005684                DMA3_DMA19_DriverIRQHandler
 .text.DMA4_DMA20_DriverIRQHandler
                0x000056c4       0x40 ./drivers/fsl_edma.o
                0x000056c4                DMA4_DMA20_DriverIRQHandler
 .text.DMA5_DMA21_DriverIRQHandler
                0x00005704       0x40 ./drivers/fsl_edma.o
                0x00005704                DMA5_DMA21_DriverIRQHandler
 .text.DMA6_DMA22_DriverIRQHandler
                0x00005744       0x40 ./drivers/fsl_edma.o
                0x00005744                DMA6_DMA22_DriverIRQHandler
 .text.DMA7_DMA23_DriverIRQHandler
                0x00005784       0x40 ./drivers/fsl_edma.o
                0x00005784                DMA7_DMA23_DriverIRQHandler
 .text.DMA8_DMA24_DriverIRQHandler
                0x000057c4       0x40 ./drivers/fsl_edma.o
                0x000057c4                DMA8_DMA24_DriverIRQHandler
 .text.DMA9_DMA25_DriverIRQHandler
                0x00005804       0x40 ./drivers/fsl_edma.o
                0x00005804                DMA9_DMA25_DriverIRQHandler
 .text.DMA10_DMA26_DriverIRQHandler
                0x00005844       0x40 ./drivers/fsl_edma.o
                0x00005844                DMA10_DMA26_DriverIRQHandler
 .text.DMA11_DMA27_DriverIRQHandler
                0x00005884       0x40 ./drivers/fsl_edma.o
                0x00005884                DMA11_DMA27_DriverIRQHandler
 .text.DMA12_DMA28_DriverIRQHandler
                0x000058c4       0x40 ./drivers/fsl_edma.o
                0x000058c4                DMA12_DMA28_DriverIRQHandler
 .text.DMA13_DMA29_DriverIRQHandler
                0x00005904       0x40 ./drivers/fsl_edma.o
                0x00005904                DMA13_DMA29_DriverIRQHandler
 .text.DMA14_DMA30_DriverIRQHandler
                0x00005944       0x40 ./drivers/fsl_edma.o
                0x00005944                DMA14_DMA30_DriverIRQHandler
 .text.DMA15_DMA31_DriverIRQHandler
                0x00005984       0x40 ./drivers/fsl_edma.o
                0x00005984                DMA15_DMA31_DriverIRQHandler
 .text.I2C_CheckAndClearError
                0x000059c4       0x20 ./drivers/fsl_i2c.o
 .text.I2C_TransferCommonIRQHandler
                0x000059e4       0x30 ./drivers/fsl_i2c.o
 .text.I2C_GetInstance
                0x00005a14       0x40 ./drivers/fsl_i2c.o
                0x00005a14                I2C_GetInstance
 .text.I2C_MasterDeinit
                0x00005a54       0x34 ./drivers/fsl_i2c.o
                0x00005a54                I2C_MasterDeinit
 .text.I2C_MasterGetDefaultConfig
                0x00005a88       0x24 ./drivers/fsl_i2c.o
                0x00005a88                I2C_MasterGetDefaultConfig
 .text.I2C_DisableInterrupts
                0x00005aac       0x1e ./drivers/fsl_i2c.o
                0x00005aac                I2C_DisableInterrupts
 *fill*         0x00005aca        0x2 ff
 .text.I2C_MasterSetBaudRate
                0x00005acc       0x64 ./drivers/fsl_i2c.o
                0x00005acc                I2C_MasterSetBaudRate
 .text.I2C_MasterInit
                0x00005b30       0x98 ./drivers/fsl_i2c.o
                0x00005b30                I2C_MasterInit
 .text.I2C_MasterStop
                0x00005bc8       0x14 ./drivers/fsl_i2c.o
                0x00005bc8                I2C_MasterStop
 .text.I2C_MasterGetStatusFlags
                0x00005bdc       0x20 ./drivers/fsl_i2c.o
                0x00005bdc                I2C_MasterGetStatusFlags
 .text.I2C_MasterStart
                0x00005bfc       0x34 ./drivers/fsl_i2c.o
                0x00005bfc                I2C_MasterStart
 .text.I2C_MasterRepeatedStart
                0x00005c30       0x54 ./drivers/fsl_i2c.o
                0x00005c30                I2C_MasterRepeatedStart
 .text.I2C_MasterTransferHandleIRQ
                0x00005c84      0x228 ./drivers/fsl_i2c.o
                0x00005c84                I2C_MasterTransferHandleIRQ
 .text.I2C_MasterWriteBlocking
                0x00005eac       0x94 ./drivers/fsl_i2c.o
                0x00005eac                I2C_MasterWriteBlocking
 .text.I2C_MasterReadBlocking
                0x00005f40       0xa8 ./drivers/fsl_i2c.o
                0x00005f40                I2C_MasterReadBlocking
 .text.I2C_MasterTransferBlocking
                0x00005fe8      0x178 ./drivers/fsl_i2c.o
                0x00005fe8                I2C_MasterTransferBlocking
 .text.I2C_MasterTransferCreateHandle
                0x00006160       0x64 ./drivers/fsl_i2c.o
                0x00006160                I2C_MasterTransferCreateHandle
 .text.I2C0_DriverIRQHandler
                0x000061c4       0x18 ./drivers/fsl_i2c.o
                0x000061c4                I2C0_DriverIRQHandler
 .text.I2C1_DriverIRQHandler
                0x000061dc       0x18 ./drivers/fsl_i2c.o
                0x000061dc                I2C1_DriverIRQHandler
 .text.I2C2_DriverIRQHandler
                0x000061f4       0x18 ./drivers/fsl_i2c.o
                0x000061f4                I2C2_DriverIRQHandler
 .text.I2C3_DriverIRQHandler
                0x0000620c       0x18 ./drivers/fsl_i2c.o
                0x0000620c                I2C3_DriverIRQHandler
 .text.LPUART_GetInstance
                0x00006224       0x1c ./drivers/fsl_lpuart.o
                0x00006224                LPUART_GetInstance
 .text.LPUART_Init
                0x00006240      0x178 ./drivers/fsl_lpuart.o
                0x00006240                LPUART_Init
 .text.LPUART_GetDefaultConfig
                0x000063b8       0x30 ./drivers/fsl_lpuart.o
                0x000063b8                LPUART_GetDefaultConfig
 .text.LPUART0_DriverIRQHandler
                0x000063e8       0x20 ./drivers/fsl_lpuart.o
                0x000063e8                LPUART0_DriverIRQHandler
 .text.SAI_SetMasterClockDivider
                0x00006408       0xb8 ./drivers/fsl_sai.o
 .text.SAI_GetInstance
                0x000064c0       0x1c ./drivers/fsl_sai.o
                0x000064c0                SAI_GetInstance
 .text.SAI_TxInit
                0x000064dc      0x154 ./drivers/fsl_sai.o
                0x000064dc                SAI_TxInit
 .text.SAI_RxInit
                0x00006630      0x1a8 ./drivers/fsl_sai.o
                0x00006630                SAI_RxInit
 .text.SAI_TxGetDefaultConfig
                0x000067d8       0x12 ./drivers/fsl_sai.o
                0x000067d8                SAI_TxGetDefaultConfig
 .text.SAI_RxGetDefaultConfig
                0x000067ea       0x12 ./drivers/fsl_sai.o
                0x000067ea                SAI_RxGetDefaultConfig
 .text.SAI_TxEnable
                0x000067fc       0x56 ./drivers/fsl_sai.o
                0x000067fc                SAI_TxEnable
 .text.SAI_RxEnable
                0x00006852       0x5e ./drivers/fsl_sai.o
                0x00006852                SAI_RxEnable
 .text.SAI_TxSoftwareReset
                0x000068b0       0x10 ./drivers/fsl_sai.o
                0x000068b0                SAI_TxSoftwareReset
 .text.SAI_RxSoftwareReset
                0x000068c0       0x18 ./drivers/fsl_sai.o
                0x000068c0                SAI_RxSoftwareReset
 .text.SAI_TxSetFormat
                0x000068d8       0xdc ./drivers/fsl_sai.o
                0x000068d8                SAI_TxSetFormat
 .text.SAI_RxSetFormat
                0x000069b4       0xfa ./drivers/fsl_sai.o
                0x000069b4                SAI_RxSetFormat
 .text.SAI_TxEDMACallback
                0x00006aae       0x6a ./drivers/fsl_sai_edma.o
 .text.SAI_RxEDMACallback
                0x00006b18       0x6e ./drivers/fsl_sai_edma.o
 *fill*         0x00006b86        0x2 ff
 .text.SAI_TransferTxCreateHandleEDMA
                0x00006b88       0x6c ./drivers/fsl_sai_edma.o
                0x00006b88                SAI_TransferTxCreateHandleEDMA
 .text.SAI_TransferRxCreateHandleEDMA
                0x00006bf4       0x74 ./drivers/fsl_sai_edma.o
                0x00006bf4                SAI_TransferRxCreateHandleEDMA
 .text.SAI_TransferTxSetFormatEDMA
                0x00006c68       0x44 ./drivers/fsl_sai_edma.o
                0x00006c68                SAI_TransferTxSetFormatEDMA
 .text.SAI_TransferRxSetFormatEDMA
                0x00006cac       0x44 ./drivers/fsl_sai_edma.o
                0x00006cac                SAI_TransferRxSetFormatEDMA
 .text.SAI_TransferSendEDMA
                0x00006cf0      0x100 ./drivers/fsl_sai_edma.o
                0x00006cf0                SAI_TransferSendEDMA
 .text.SAI_TransferReceiveEDMA
                0x00006df0      0x104 ./drivers/fsl_sai_edma.o
                0x00006df0                SAI_TransferReceiveEDMA
 .text.SAI_TransferAbortSendEDMA
                0x00006ef4       0x78 ./drivers/fsl_sai_edma.o
                0x00006ef4                SAI_TransferAbortSendEDMA
 .text.SAI_TransferAbortReceiveEDMA
                0x00006f6c       0x88 ./drivers/fsl_sai_edma.o
                0x00006f6c                SAI_TransferAbortReceiveEDMA
 .text.SAI_TransferTerminateSendEDMA
                0x00006ff4       0x44 ./drivers/fsl_sai_edma.o
                0x00006ff4                SAI_TransferTerminateSendEDMA
 .text.SAI_TransferTerminateReceiveEDMA
                0x00007038       0x44 ./drivers/fsl_sai_edma.o
                0x00007038                SAI_TransferTerminateReceiveEDMA
 .text.SDHC_ReceiveCommandResponse
                0x0000707c       0x8e ./drivers/fsl_sdhc.o
 .text.SDHC_ReadDataPort
                0x0000710a       0x4a ./drivers/fsl_sdhc.o
 .text.SDHC_WriteDataPort
                0x00007154       0x4c ./drivers/fsl_sdhc.o
 .text.SDHC_GetInstance
                0x000071a0       0x1c ./drivers/fsl_sdhc.o
 .text.SDHC_TransferHandleIRQ
                0x000071bc      0x138 ./drivers/fsl_sdhc.o
                0x000071bc                SDHC_TransferHandleIRQ
 .text.SDHC_Reset
                0x000072f4       0x2c ./drivers/fsl_sdhc.o
                0x000072f4                SDHC_Reset
 .text.SDHC_Init
                0x00007320       0xf8 ./drivers/fsl_sdhc.o
                0x00007320                SDHC_Init
 .text.SDHC_GetCapability
                0x00007418       0x40 ./drivers/fsl_sdhc.o
                0x00007418                SDHC_GetCapability
 .text.SDHC_SetSdClock
                0x00007458       0xdc ./drivers/fsl_sdhc.o
                0x00007458                SDHC_SetSdClock
 .text.SDHC_SetCardActive
                0x00007534       0x28 ./drivers/fsl_sdhc.o
                0x00007534                SDHC_SetCardActive
 .text.SDHC_SetTransferConfig
                0x0000755c       0x64 ./drivers/fsl_sdhc.o
                0x0000755c                SDHC_SetTransferConfig
 .text.SDHC_StartTransfer
                0x000075c0       0x98 ./drivers/fsl_sdhc.o
 .text.SDHC_SetAdmaTableConfig
                0x00007658       0xd0 ./drivers/fsl_sdhc.o
                0x00007658                SDHC_SetAdmaTableConfig
 .text.SDHC_TransferCreateHandle
                0x00007728       0xc8 ./drivers/fsl_sdhc.o
                0x00007728                SDHC_TransferCreateHandle
 .text.SDHC_TransferNonBlocking
                0x000077f0       0xc8 ./drivers/fsl_sdhc.o
                0x000077f0                SDHC_TransferNonBlocking
 .text.SDHC_DriverIRQHandler
                0x000078b8       0x2c ./drivers/fsl_sdhc.o
                0x000078b8                SDHC_DriverIRQHandler
 .text.UART_GetInstance
                0x000078e4       0x4c ./drivers/fsl_uart.o
                0x000078e4                UART_GetInstance
 .text.UART_Init
                0x00007930      0x184 ./drivers/fsl_uart.o
                0x00007930                UART_Init
 .text.UART_GetDefaultConfig
                0x00007ab4       0x2c ./drivers/fsl_uart.o
                0x00007ab4                UART_GetDefaultConfig
 .text.UART0_DriverIRQHandler
                0x00007ae0       0x20 ./drivers/fsl_uart.o
                0x00007ae0                UART0_DriverIRQHandler
 .text.UART0_RX_TX_DriverIRQHandler
                0x00007b00        0xc ./drivers/fsl_uart.o
                0x00007b00                UART0_RX_TX_DriverIRQHandler
 .text.UART1_DriverIRQHandler
                0x00007b0c       0x20 ./drivers/fsl_uart.o
                0x00007b0c                UART1_DriverIRQHandler
 .text.UART1_RX_TX_DriverIRQHandler
                0x00007b2c        0xc ./drivers/fsl_uart.o
                0x00007b2c                UART1_RX_TX_DriverIRQHandler
 .text.UART2_DriverIRQHandler
                0x00007b38       0x20 ./drivers/fsl_uart.o
                0x00007b38                UART2_DriverIRQHandler
 .text.UART2_RX_TX_DriverIRQHandler
                0x00007b58        0xc ./drivers/fsl_uart.o
                0x00007b58                UART2_RX_TX_DriverIRQHandler
 .text.UART3_DriverIRQHandler
                0x00007b64       0x20 ./drivers/fsl_uart.o
                0x00007b64                UART3_DriverIRQHandler
 .text.UART3_RX_TX_DriverIRQHandler
                0x00007b84        0xc ./drivers/fsl_uart.o
                0x00007b84                UART3_RX_TX_DriverIRQHandler
 .text.UART4_DriverIRQHandler
                0x00007b90       0x20 ./drivers/fsl_uart.o
                0x00007b90                UART4_DriverIRQHandler
 .text.UART4_RX_TX_DriverIRQHandler
                0x00007bb0        0xc ./drivers/fsl_uart.o
                0x00007bb0                UART4_RX_TX_DriverIRQHandler
 .text.DA7212_WriteRegister
                0x00007bbc       0x2c ./codec/fsl_dialog7212.o
                0x00007bbc                DA7212_WriteRegister
 .text.DA7212_ReadRegister
                0x00007be8       0x1e ./codec/fsl_dialog7212.o
                0x00007be8                DA7212_ReadRegister
 *fill*         0x00007c06        0x2 ff
 .text.DA7212_Init
                0x00007c08       0x60 ./codec/fsl_dialog7212.o
                0x00007c08                DA7212_Init
 .text.DA7212_ConfigAudioFormat
                0x00007c68      0x350 ./codec/fsl_dialog7212.o
                0x00007c68                DA7212_ConfigAudioFormat
 .text.DA7212_ChangeInput
                0x00007fb8       0x30 ./codec/fsl_dialog7212.o
                0x00007fb8                DA7212_ChangeInput
 .text.DA7212_ChangeOutput
                0x00007fe8       0x28 ./codec/fsl_dialog7212.o
                0x00007fe8                DA7212_ChangeOutput
 .text.BOARD_InitDebugConsole
                0x00008010       0x1c ./board/board.o
                0x00008010                BOARD_InitDebugConsole
 .text.BOARD_BootClockRUN
                0x0000802c       0x6c ./board/clock_config.o
                0x0000802c                BOARD_BootClockRUN
 .text.BOARD_InitPins
                0x00008098      0x108 ./board/pin_mux.o
                0x00008098                BOARD_InitPins
 .text.SystemInit
                0x000081a0       0x2c ./CMSIS/system_MK66F18.o
                0x000081a0                SystemInit
 .text.arm_max_f32
                0x000081cc       0xd0 C:\Users\ericksong\Documents\Tsunami\frdmk66f_demo_apps_sai\libs\libarm_cortexM4lf_math.a(arm_max_f32.o)
                0x000081cc                arm_max_f32
 .text.arm_cfft_radix2_init_f32
                0x0000829c      0x14c C:\Users\ericksong\Documents\Tsunami\frdmk66f_demo_apps_sai\libs\libarm_cortexM4lf_math.a(arm_cfft_radix2_init_f32.o)
                0x0000829c                arm_cfft_radix2_init_f32
 .text.arm_radix2_butterfly_f32
                0x000083e8      0x188 C:\Users\ericksong\Documents\Tsunami\frdmk66f_demo_apps_sai\libs\libarm_cortexM4lf_math.a(arm_cfft_radix2_f32.o)
                0x000083e8                arm_radix2_butterfly_f32
 .text.arm_radix2_butterfly_inverse_f32
                0x00008570      0x198 C:\Users\ericksong\Documents\Tsunami\frdmk66f_demo_apps_sai\libs\libarm_cortexM4lf_math.a(arm_cfft_radix2_f32.o)
                0x00008570                arm_radix2_butterfly_inverse_f32
 .text.arm_cfft_radix2_f32
                0x00008708       0x48 C:\Users\ericksong\Documents\Tsunami\frdmk66f_demo_apps_sai\libs\libarm_cortexM4lf_math.a(arm_cfft_radix2_f32.o)
                0x00008708                arm_cfft_radix2_f32
 .text.arm_bitreversal_f32
                0x00008750       0xe0 C:\Users\ericksong\Documents\Tsunami\frdmk66f_demo_apps_sai\libs\libarm_cortexM4lf_math.a(arm_bitreversal.o)
                0x00008750                arm_bitreversal_f32
 .text.arm_cmplx_mag_f32
                0x00008830      0x1d0 C:\Users\ericksong\Documents\Tsunami\frdmk66f_demo_apps_sai\libs\libarm_cortexM4lf_math.a(arm_cmplx_mag_f32.o)
                0x00008830                arm_cmplx_mag_f32
 .text.arm_sin_q15
                0x00008a00       0x38 C:\Users\ericksong\Documents\Tsunami\frdmk66f_demo_apps_sai\libs\libarm_cortexM4lf_math.a(arm_sin_q15.o)
                0x00008a00                arm_sin_q15
 .text.__main   0x00008a38        0xe c:/nxp/mcuxpressoide_10.1.0_589/ide/tools/bin/../lib/gcc/arm-none-eabi/6.3.1/../../../../arm-none-eabi/lib/thumb/v7e-m/fpv4-sp/hard\libcr_semihost_nf.a(_cr__main.o)
                0x00008a38                __CR_SEMIHOST
                0x00008a38                __main
 *fill*         0x00008a46        0x2 ff
 .text.__assertion_failed
                0x00008a48       0x4c c:/nxp/mcuxpressoide_10.1.0_589/ide/tools/bin/../lib/gcc/arm-none-eabi/6.3.1/../../../../arm-none-eabi/lib/thumb/v7e-m/fpv4-sp/hard\libcr_semihost_nf.a(_cr_assert.o)
                0x00008a48                __assertion_failed
 .text.__sys_appexit
                0x00008a94        0xc c:/nxp/mcuxpressoide_10.1.0_589/ide/tools/bin/../lib/gcc/arm-none-eabi/6.3.1/../../../../arm-none-eabi/lib/thumb/v7e-m/fpv4-sp/hard\libcr_semihost_nf.a(__sys_appexit.o)
                0x00008a94                __sys_appexit
                0x00008a94                __exit
 .text.sqrtf    0x00008aa0        0x6 c:/nxp/mcuxpressoide_10.1.0_589/ide/tools/bin/../lib/gcc/arm-none-eabi/6.3.1/../../../../arm-none-eabi/lib/thumb/v7e-m/fpv4-sp/hard\libcr_c.a(sqrtf_m4_hardfp.o)
                0x00008aa0                sqrtf
 .text.memcpy   0x00008aa6        0x4 c:/nxp/mcuxpressoide_10.1.0_589/ide/tools/bin/../lib/gcc/arm-none-eabi/6.3.1/../../../../arm-none-eabi/lib/thumb/v7e-m/fpv4-sp/hard\libcr_c.a(memcpy.o)
                0x00008aa6                memcpy
 .text.memset   0x00008aaa        0x4 c:/nxp/mcuxpressoide_10.1.0_589/ide/tools/bin/../lib/gcc/arm-none-eabi/6.3.1/../../../../arm-none-eabi/lib/thumb/v7e-m/fpv4-sp/hard\libcr_c.a(memset.o)
                0x00008aaa                memset
 .text._Csys_read_
                0x00008aae       0x22 c:/nxp/mcuxpressoide_10.1.0_589/ide/tools/bin/../lib/gcc/arm-none-eabi/6.3.1/../../../../arm-none-eabi/lib/thumb/v7e-m/fpv4-sp/hard\libcr_c.a(__fillbuf.o)
                0x00008aae                _Csys_read_
 .text.__filbuf
                0x00008ad0      0x178 c:/nxp/mcuxpressoide_10.1.0_589/ide/tools/bin/../lib/gcc/arm-none-eabi/6.3.1/../../../../arm-none-eabi/lib/thumb/v7e-m/fpv4-sp/hard\libcr_c.a(__fillbuf.o)
                0x00008ad0                __filbuf
 .text._deferredlazyseek
                0x00008c48       0x40 c:/nxp/mcuxpressoide_10.1.0_589/ide/tools/bin/../lib/gcc/arm-none-eabi/6.3.1/../../../../arm-none-eabi/lib/thumb/v7e-m/fpv4-sp/hard\libcr_c.a(_deferredlazyseek.o)
                0x00008c48                _deferredlazyseek
 .text.__flsbuf
                0x00008c88      0x148 c:/nxp/mcuxpressoide_10.1.0_589/ide/tools/bin/../lib/gcc/arm-none-eabi/6.3.1/../../../../arm-none-eabi/lib/thumb/v7e-m/fpv4-sp/hard\libcr_c.a(_deferredlazyseek.o)
                0x00008c88                __flsbuf
 .text._fflush  0x00008dd0       0x54 c:/nxp/mcuxpressoide_10.1.0_589/ide/tools/bin/../lib/gcc/arm-none-eabi/6.3.1/../../../../arm-none-eabi/lib/thumb/v7e-m/fpv4-sp/hard\libcr_c.a(_fflush.o)
                0x00008dd0                _fflush
 .text._Cwritebuf
                0x00008e24       0x6c c:/nxp/mcuxpressoide_10.1.0_589/ide/tools/bin/../lib/gcc/arm-none-eabi/6.3.1/../../../../arm-none-eabi/lib/thumb/v7e-m/fpv4-sp/hard\libcr_c.a(_writebuf.o)
                0x00008e24                _Cwritebuf
 .text.malloc   0x00008e90       0xc4 c:/nxp/mcuxpressoide_10.1.0_589/ide/tools/bin/../lib/gcc/arm-none-eabi/6.3.1/../../../../arm-none-eabi/lib/thumb/v7e-m/fpv4-sp/hard\libcr_c.a(alloc.o)
                0x00008e90                malloc
 .text.free     0x00008f54       0x30 c:/nxp/mcuxpressoide_10.1.0_589/ide/tools/bin/../lib/gcc/arm-none-eabi/6.3.1/../../../../arm-none-eabi/lib/thumb/v7e-m/fpv4-sp/hard\libcr_c.a(alloc.o)
                0x00008f54                free
 .text._Csys_alloc
                0x00008f84       0x20 c:/nxp/mcuxpressoide_10.1.0_589/ide/tools/bin/../lib/gcc/arm-none-eabi/6.3.1/../../../../arm-none-eabi/lib/thumb/v7e-m/fpv4-sp/hard\libcr_c.a(alloc.o)
                0x00008f84                _Csys_alloc
 .text.fp_round
                0x00008fa4       0x4e c:/nxp/mcuxpressoide_10.1.0_589/ide/tools/bin/../lib/gcc/arm-none-eabi/6.3.1/../../../../arm-none-eabi/lib/thumb/v7e-m/fpv4-sp/hard\libcr_c.a(fpprintf.o)
 .text.pr_dec.constprop.1
                0x00008ff2       0x26 c:/nxp/mcuxpressoide_10.1.0_589/ide/tools/bin/../lib/gcc/arm-none-eabi/6.3.1/../../../../arm-none-eabi/lib/thumb/v7e-m/fpv4-sp/hard\libcr_c.a(fpprintf.o)
 .text.sprintf  0x00009018       0x6c c:/nxp/mcuxpressoide_10.1.0_589/ide/tools/bin/../lib/gcc/arm-none-eabi/6.3.1/../../../../arm-none-eabi/lib/thumb/v7e-m/fpv4-sp/hard\libcr_c.a(fpprintf.o)
                0x00009018                sprintf
 *fill*         0x00009084        0x4 ff
 .text.fp_display
                0x00009088      0x96c c:/nxp/mcuxpressoide_10.1.0_589/ide/tools/bin/../lib/gcc/arm-none-eabi/6.3.1/../../../../arm-none-eabi/lib/thumb/v7e-m/fpv4-sp/hard\libcr_c.a(fpprintf.o)
 .text.vsnprintf
                0x000099f4       0x5c c:/nxp/mcuxpressoide_10.1.0_589/ide/tools/bin/../lib/gcc/arm-none-eabi/6.3.1/../../../../arm-none-eabi/lib/thumb/v7e-m/fpv4-sp/hard\libcr_c.a(fpprintf.o)
                0x000099f4                vsnprintf
 .text.printf   0x00009a50       0x54 c:/nxp/mcuxpressoide_10.1.0_589/ide/tools/bin/../lib/gcc/arm-none-eabi/6.3.1/../../../../arm-none-eabi/lib/thumb/v7e-m/fpv4-sp/hard\libcr_c.a(fpprintf.o)
                0x00009a50                printf
 .text.fputs    0x00009aa4       0x2c c:/nxp/mcuxpressoide_10.1.0_589/ide/tools/bin/../lib/gcc/arm-none-eabi/6.3.1/../../../../arm-none-eabi/lib/thumb/v7e-m/fpv4-sp/hard\libcr_c.a(fputs.o)
                0x00009aa4                fputs
 .text.fseek    0x00009ad0      0x100 c:/nxp/mcuxpressoide_10.1.0_589/ide/tools/bin/../lib/gcc/arm-none-eabi/6.3.1/../../../../arm-none-eabi/lib/thumb/v7e-m/fpv4-sp/hard\libcr_c.a(fseek.o)
                0x00009ad0                fseek
 .text.ftell    0x00009bd0       0x48 c:/nxp/mcuxpressoide_10.1.0_589/ide/tools/bin/../lib/gcc/arm-none-eabi/6.3.1/../../../../arm-none-eabi/lib/thumb/v7e-m/fpv4-sp/hard\libcr_c.a(ftell.o)
                0x00009bd0                ftell
 .text._initio  0x00009c18       0x78 c:/nxp/mcuxpressoide_10.1.0_589/ide/tools/bin/../lib/gcc/arm-none-eabi/6.3.1/../../../../arm-none-eabi/lib/thumb/v7e-m/fpv4-sp/hard\libcr_c.a(initio.o)
                0x00009c18                _initio
 .text.__vfprintf
                0x00009c90      0xb7c c:/nxp/mcuxpressoide_10.1.0_589/ide/tools/bin/../lib/gcc/arm-none-eabi/6.3.1/../../../../arm-none-eabi/lib/thumb/v7e-m/fpv4-sp/hard\libcr_c.a(printf.o)
                0x00009c90                __vfprintf
 .text.setvbuf  0x0000a80c       0x40 c:/nxp/mcuxpressoide_10.1.0_589/ide/tools/bin/../lib/gcc/arm-none-eabi/6.3.1/../../../../arm-none-eabi/lib/thumb/v7e-m/fpv4-sp/hard\libcr_c.a(setvbuf.o)
                0x0000a80c                setvbuf
 .text.strlen   0x0000a84c       0x4a c:/nxp/mcuxpressoide_10.1.0_589/ide/tools/bin/../lib/gcc/arm-none-eabi/6.3.1/../../../../arm-none-eabi/lib/thumb/v7e-m/fpv4-sp/hard\libcr_c.a(strlen.o)
                0x0000a84c                strlen
 *fill*         0x0000a896        0x2 ff
 .text._sbrk    0x0000a898       0x3c c:/nxp/mcuxpressoide_10.1.0_589/ide/tools/bin/../lib/gcc/arm-none-eabi/6.3.1/../../../../arm-none-eabi/lib/thumb/v7e-m/fpv4-sp/hard\libcr_c.a(_cr_sbrk.o)
                0x0000a898                _sbrk
 .text._fdopen  0x0000a8d4       0x68 c:/nxp/mcuxpressoide_10.1.0_589/ide/tools/bin/../lib/gcc/arm-none-eabi/6.3.1/../../../../arm-none-eabi/lib/thumb/v7e-m/fpv4-sp/hard\libcr_c.a(_fdopen.o)
                0x0000a8d4                _fdopen
 *fill*         0x0000a93c        0x4 ff
 .text._frexpl  0x0000a940       0x70 c:/nxp/mcuxpressoide_10.1.0_589/ide/tools/bin/../lib/gcc/arm-none-eabi/6.3.1/../../../../arm-none-eabi/lib/thumb/v7e-m/fpv4-sp/hard\libcr_c.a(_frexpl.o)
                0x0000a940                _frexpl
 .text._ldexpl  0x0000a9b0       0x58 c:/nxp/mcuxpressoide_10.1.0_589/ide/tools/bin/../lib/gcc/arm-none-eabi/6.3.1/../../../../arm-none-eabi/lib/thumb/v7e-m/fpv4-sp/hard\libcr_c.a(_ldexpl.o)
                0x0000a9b0                _ldexpl
 .text.fclose   0x0000aa08       0x58 c:/nxp/mcuxpressoide_10.1.0_589/ide/tools/bin/../lib/gcc/arm-none-eabi/6.3.1/../../../../arm-none-eabi/lib/thumb/v7e-m/fpv4-sp/hard\libcr_c.a(fclose.o)
                0x0000aa08                fclose
 .text.fflush   0x0000aa60       0x44 c:/nxp/mcuxpressoide_10.1.0_589/ide/tools/bin/../lib/gcc/arm-none-eabi/6.3.1/../../../../arm-none-eabi/lib/thumb/v7e-m/fpv4-sp/hard\libcr_c.a(fflush.o)
                0x0000aa60                fflush
 .text.remove   0x0000aaa4       0x14 c:/nxp/mcuxpressoide_10.1.0_589/ide/tools/bin/../lib/gcc/arm-none-eabi/6.3.1/../../../../arm-none-eabi/lib/thumb/v7e-m/fpv4-sp/hard\libcr_c.a(remove.o)
                0x0000aaa4                remove
 .text.__check_heap_overflow
                0x0000aab8       0x18 c:/nxp/mcuxpressoide_10.1.0_589/ide/tools/bin/../lib/gcc/arm-none-eabi/6.3.1/../../../../arm-none-eabi/lib/thumb/v7e-m/fpv4-sp/hard\libcr_c.a(_cr_check_heap.o)
                0x0000aab8                __check_heap_overflow
 .text._do_fflush
                0x0000aad0       0x40 c:/nxp/mcuxpressoide_10.1.0_589/ide/tools/bin/../lib/gcc/arm-none-eabi/6.3.1/../../../../arm-none-eabi/lib/thumb/v7e-m/fpv4-sp/hard\libcr_c.a(_do_fflush.o)
                0x0000aad0                _do_fflush
 .text.__aeabi_dmul
                0x0000ab10      0x118 c:/nxp/mcuxpressoide_10.1.0_589/ide/tools/bin/../lib/gcc/arm-none-eabi/6.3.1/thumb/v7e-m/fpv4-sp/hard\libcr_eabihelpers.a(double.o)
                0x0000ab10                __aeabi_dmul
 .text.__aeabi_ddiv
                0x0000ac28      0x13c c:/nxp/mcuxpressoide_10.1.0_589/ide/tools/bin/../lib/gcc/arm-none-eabi/6.3.1/thumb/v7e-m/fpv4-sp/hard\libcr_eabihelpers.a(double.o)
                0x0000ac28                __aeabi_ddiv
 .text.__aeabi_dsub
                0x0000ad64      0x1cc c:/nxp/mcuxpressoide_10.1.0_589/ide/tools/bin/../lib/gcc/arm-none-eabi/6.3.1/thumb/v7e-m/fpv4-sp/hard\libcr_eabihelpers.a(double.o)
                0x0000ad64                __aeabi_dsub
 .text.__aeabi_dadd
                0x0000af30      0x114 c:/nxp/mcuxpressoide_10.1.0_589/ide/tools/bin/../lib/gcc/arm-none-eabi/6.3.1/thumb/v7e-m/fpv4-sp/hard\libcr_eabihelpers.a(double.o)
                0x0000af30                __aeabi_dadd
 .text.__aeabi_d2iz
                0x0000b044       0x40 c:/nxp/mcuxpressoide_10.1.0_589/ide/tools/bin/../lib/gcc/arm-none-eabi/6.3.1/thumb/v7e-m/fpv4-sp/hard\libcr_eabihelpers.a(double.o)
                0x0000b044                __aeabi_d2iz
 .text.__bhs_ui2d
                0x0000b084       0x46 c:/nxp/mcuxpressoide_10.1.0_589/ide/tools/bin/../lib/gcc/arm-none-eabi/6.3.1/thumb/v7e-m/fpv4-sp/hard\libcr_eabihelpers.a(double.o)
                0x0000b084                __bhs_ui2d
 .text.__aeabi_i2d
                0x0000b0ca       0x12 c:/nxp/mcuxpressoide_10.1.0_589/ide/tools/bin/../lib/gcc/arm-none-eabi/6.3.1/thumb/v7e-m/fpv4-sp/hard\libcr_eabihelpers.a(double.o)
                0x0000b0ca                __aeabi_i2d
 .text.__aeabi_dcmpeq
                0x0000b0dc       0x30 c:/nxp/mcuxpressoide_10.1.0_589/ide/tools/bin/../lib/gcc/arm-none-eabi/6.3.1/thumb/v7e-m/fpv4-sp/hard\libcr_eabihelpers.a(double.o)
                0x0000b0dc                __aeabi_dcmpeq
 .text.__aeabi_dcmplt
                0x0000b10c       0x58 c:/nxp/mcuxpressoide_10.1.0_589/ide/tools/bin/../lib/gcc/arm-none-eabi/6.3.1/thumb/v7e-m/fpv4-sp/hard\libcr_eabihelpers.a(double.o)
                0x0000b10c                __aeabi_dcmplt
 .text.__aeabi_dcmple
                0x0000b164       0x54 c:/nxp/mcuxpressoide_10.1.0_589/ide/tools/bin/../lib/gcc/arm-none-eabi/6.3.1/thumb/v7e-m/fpv4-sp/hard\libcr_eabihelpers.a(double.o)
                0x0000b164                __aeabi_dcmple
 .text.__aeabi_dcmpge
                0x0000b1b8       0x54 c:/nxp/mcuxpressoide_10.1.0_589/ide/tools/bin/../lib/gcc/arm-none-eabi/6.3.1/thumb/v7e-m/fpv4-sp/hard\libcr_eabihelpers.a(double.o)
                0x0000b1b8                __aeabi_dcmpge
 .text.__aeabi_f2d
                0x0000b20c       0x38 c:/nxp/mcuxpressoide_10.1.0_589/ide/tools/bin/../lib/gcc/arm-none-eabi/6.3.1/thumb/v7e-m/fpv4-sp/hard\libcr_eabihelpers.a(float.o)
                0x0000b20c                __aeabi_f2d
 .text.__aeabi_memcpy
                0x0000b244       0x34 c:/nxp/mcuxpressoide_10.1.0_589/ide/tools/bin/../lib/gcc/arm-none-eabi/6.3.1/thumb/v7e-m/fpv4-sp/hard\libcr_eabihelpers.a(memcpy.o)
                0x0000b244                __aeabi_memcpy
                0x0000b24e                __aeabi_memcpy8
                0x0000b24e                __aeabi_memcpy4
 .text.__aeabi_memset_lowlevel
                0x0000b278       0x32 c:/nxp/mcuxpressoide_10.1.0_589/ide/tools/bin/../lib/gcc/arm-none-eabi/6.3.1/thumb/v7e-m/fpv4-sp/hard\libcr_eabihelpers.a(memcpy.o)
                0x0000b278                __aeabi_lowlevel_memset
 .text.__sys_close
                0x0000b2aa        0xc c:/nxp/mcuxpressoide_10.1.0_589/ide/tools/bin/../lib/gcc/arm-none-eabi/6.3.1/../../../../arm-none-eabi/lib/thumb/v7e-m/fpv4-sp/hard\libcr_semihost_nf.a(__sys_close.o)
                0x0000b2aa                __sys_close
 .text.__sys_flen
                0x0000b2b6        0xc c:/nxp/mcuxpressoide_10.1.0_589/ide/tools/bin/../lib/gcc/arm-none-eabi/6.3.1/../../../../arm-none-eabi/lib/thumb/v7e-m/fpv4-sp/hard\libcr_semihost_nf.a(__sys_flen.o)
                0x0000b2b6                __sys_flen
 .text.__sys_istty
                0x0000b2c2        0xc c:/nxp/mcuxpressoide_10.1.0_589/ide/tools/bin/../lib/gcc/arm-none-eabi/6.3.1/../../../../arm-none-eabi/lib/thumb/v7e-m/fpv4-sp/hard\libcr_semihost_nf.a(__sys_istty.o)
                0x0000b2c2                __sys_istty
 .text.__sys_read
                0x0000b2ce        0xc c:/nxp/mcuxpressoide_10.1.0_589/ide/tools/bin/../lib/gcc/arm-none-eabi/6.3.1/../../../../arm-none-eabi/lib/thumb/v7e-m/fpv4-sp/hard\libcr_semihost_nf.a(__sys_read.o)
                0x0000b2ce                __sys_read
 .text.__sys_readc
                0x0000b2da        0x8 c:/nxp/mcuxpressoide_10.1.0_589/ide/tools/bin/../lib/gcc/arm-none-eabi/6.3.1/../../../../arm-none-eabi/lib/thumb/v7e-m/fpv4-sp/hard\libcr_semihost_nf.a(__sys_readc.o)
                0x0000b2da                __sys_readc
                0x0000b2da                __readc
 .text.__sys_remove
                0x0000b2e2        0xc c:/nxp/mcuxpressoide_10.1.0_589/ide/tools/bin/../lib/gcc/arm-none-eabi/6.3.1/../../../../arm-none-eabi/lib/thumb/v7e-m/fpv4-sp/hard\libcr_semihost_nf.a(__sys_remove.o)
                0x0000b2e2                __sys_remove
 .text.__sys_seek
                0x0000b2ee        0xc c:/nxp/mcuxpressoide_10.1.0_589/ide/tools/bin/../lib/gcc/arm-none-eabi/6.3.1/../../../../arm-none-eabi/lib/thumb/v7e-m/fpv4-sp/hard\libcr_semihost_nf.a(__sys_seek.o)
                0x0000b2ee                __sys_seek
 .text.__sys_tmpnam
                0x0000b2fa        0xc c:/nxp/mcuxpressoide_10.1.0_589/ide/tools/bin/../lib/gcc/arm-none-eabi/6.3.1/../../../../arm-none-eabi/lib/thumb/v7e-m/fpv4-sp/hard\libcr_semihost_nf.a(__sys_tmpnam.o)
                0x0000b2fa                __sys_tmpnam
 .text.__sys_write
                0x0000b306        0xc c:/nxp/mcuxpressoide_10.1.0_589/ide/tools/bin/../lib/gcc/arm-none-eabi/6.3.1/../../../../arm-none-eabi/lib/thumb/v7e-m/fpv4-sp/hard\libcr_semihost_nf.a(__sys_write.o)
                0x0000b306                __sys_write
 *(.rodata .rodata.* .constdata .constdata.*)
 *fill*         0x0000b312        0x2 ff
 .rodata.DbgConsole_Init.str1.4
                0x0000b314       0x50 ./utilities/fsl_debug_console.o
 .rodata.IO_Init.str1.4
                0x0000b364       0x27 ./utilities/fsl_io.o
 *fill*         0x0000b38b        0x1 ff
 .rodata        0x0000b38c        0x3 ./source/sai.o
 *fill*         0x0000b38f        0x1 ff
 .rodata.PlaybackSine.str1.4
                0x0000b390       0x1a ./source/sai.o
 *fill*         0x0000b3aa        0x2 ff
 .rodata.RecordSDCard.str1.4
                0x0000b3ac      0x10a ./source/sai.o
 *fill*         0x0000b4b6        0x2 ff
 .rodata.do_fft.str1.4
                0x0000b4b8       0x1a ./source/sai.o
 *fill*         0x0000b4d2        0x2 ff
 .rodata.main.str1.4
                0x0000b4d4      0x259 ./source/sai.o
                                0x25d (size before relaxing)
 *fill*         0x0000b72d        0x3 ff
 .rodata.s_sdCardDetect
                0x0000b730       0x14 ./source/sai.o
 .rodata.SD_CardDeinit.str1.4
                0x0000b744       0x22 ./sdmmc/src/fsl_sd.o
 *fill*         0x0000b766        0x2 ff
 .rodata.SD_CardInit.str1.4
                0x0000b768       0x22 ./sdmmc/src/fsl_sd.o
 *fill*         0x0000b78a        0x2 ff
 .rodata.SD_HostInit.str1.4
                0x0000b78c       0x22 ./sdmmc/src/fsl_sd.o
 *fill*         0x0000b7ae        0x2 ff
 .rodata.SD_ReadBlocks.str1.4
                0x0000b7b0       0xbc ./sdmmc/src/fsl_sd.o
 .rodata.SD_SelectFunction.str1.4
                0x0000b86c       0x21 ./sdmmc/src/fsl_sd.o
 *fill*         0x0000b88d        0x3 ff
 .rodata.SD_StopTransmission.str1.4
                0x0000b890       0x21 ./sdmmc/src/fsl_sd.o
 *fill*         0x0000b8b1        0x3 ff
 .rodata.SD_SwitchFunction.str1.4
                0x0000b8b4       0x47 ./sdmmc/src/fsl_sd.o
 *fill*         0x0000b8fb        0x1 ff
 .rodata.SD_Transfer.str1.4
                0x0000b8fc       0x75 ./sdmmc/src/fsl_sd.o
 *fill*         0x0000b971        0x3 ff
 .rodata.SD_WaitWriteComplete.str1.4
                0x0000b974       0x21 ./sdmmc/src/fsl_sd.o
 *fill*         0x0000b995        0x3 ff
 .rodata.SD_WriteBlocks.str1.4
                0x0000b998       0xbc ./sdmmc/src/fsl_sd.o
 .rodata.SDMMC_GoIdle.str1.4
                0x0000ba54       0x2f ./sdmmc/src/fsl_sdmmc_common.o
 *fill*         0x0000ba83        0x1 ff
 .rodata.SDMMC_SelectCard.str1.4
                0x0000ba84       0x2e ./sdmmc/src/fsl_sdmmc_common.o
 *fill*         0x0000bab2        0x2 ff
 .rodata.SDMMC_SendApplicationCommand.str1.4
                0x0000bab4       0x2e ./sdmmc/src/fsl_sdmmc_common.o
 *fill*         0x0000bae2        0x2 ff
 .rodata.SDMMC_SetBlockSize.str1.4
                0x0000bae4       0x2f ./sdmmc/src/fsl_sdmmc_common.o
 *fill*         0x0000bb13        0x1 ff
 .rodata.SDMMC_SwitchVoltage.str1.4
                0x0000bb14       0x2f ./sdmmc/src/fsl_sdmmc_common.o
 *fill*         0x0000bb43        0x1 ff
 .rodata.cst.5471
                0x0000bb44        0xe ./fatfs/fatfs_source/ff.o
 *fill*         0x0000bb52        0x2 ff
 .rodata.cst32.5472
                0x0000bb54        0xe ./fatfs/fatfs_source/ff.o
 *fill*         0x0000bb62        0x2 ff
 .rodata.f_mkfs.str1.4
                0x0000bb64       0x34 ./fatfs/fatfs_source/ff.o
 .rodata.follow_path.str1.4
                0x0000bb98        0xf ./fatfs/fatfs_source/ff.o
 *fill*         0x0000bba7        0x1 ff
 .rodata.CLOCK_BootToPeeMode.str1.4
                0x0000bba8       0x25 ./drivers/fsl_clock.o
 *fill*         0x0000bbcd        0x3 ff
 .rodata.CLOCK_EnablePll0.str1.4
                0x0000bbd0       0x25 ./drivers/fsl_clock.o
 *fill*         0x0000bbf5        0x3 ff
 .rodata.CLOCK_GetEr32kClkFreq.str1.4
                0x0000bbf8       0x2a ./drivers/fsl_clock.o
 *fill*         0x0000bc22        0x2 ff
 .rodata.CLOCK_GetMcgExtClkFreq.str1.4
                0x0000bc24       0x56 ./drivers/fsl_clock.o
 *fill*         0x0000bc7a        0x2 ff
 .rodata.CLOCK_GetOsc0ErClkDivFreq.str1.4
                0x0000bc7c       0x29 ./drivers/fsl_clock.o
 *fill*         0x0000bca5        0x3 ff
 .rodata.CLOCK_GetOsc0ErClkUndivFreq.str1.4
                0x0000bca8       0x29 ./drivers/fsl_clock.o
 *fill*         0x0000bcd1        0x3 ff
 .rodata.CLOCK_GetPll0Freq.str1.4
                0x0000bcd4       0x28 ./drivers/fsl_clock.o
 .rodata.CLOCK_SetPbeMode.str1.4
                0x0000bcfc       0x25 ./drivers/fsl_clock.o
 *fill*         0x0000bd21        0x3 ff
 .rodata.fllFactorTable.7897
                0x0000bd24       0x10 ./drivers/fsl_clock.o
 .rodata.DMAMUX_GetInstance.str1.4
                0x0000bd34       0x42 ./drivers/fsl_dmamux.o
 *fill*         0x0000bd76        0x2 ff
 .rodata.SPI0_DriverIRQHandler.str1.4
                0x0000bd78       0x2d ./drivers/fsl_dspi.o
 *fill*         0x0000bda5        0x3 ff
 .rodata.SPI1_DriverIRQHandler.str1.4
                0x0000bda8       0x2d ./drivers/fsl_dspi.o
 *fill*         0x0000bdd5        0x3 ff
 .rodata.SPI2_DriverIRQHandler.str1.4
                0x0000bdd8       0x2d ./drivers/fsl_dspi.o
 *fill*         0x0000be05        0x3 ff
 .rodata.EDMA_CreateHandle.str1.4
                0x0000be08       0x72 ./drivers/fsl_edma.o
 *fill*         0x0000be7a        0x2 ff
 .rodata.EDMA_GetChannelStatusFlags.str1.4
                0x0000be7c       0x46 ./drivers/fsl_edma.o
 *fill*         0x0000bec2        0x2 ff
 .rodata.EDMA_GetDefaultConfig.str1.4
                0x0000bec4       0x2b ./drivers/fsl_edma.o
 *fill*         0x0000beef        0x1 ff
 .rodata.EDMA_GetInstance.str1.4
                0x0000bef0       0x3e ./drivers/fsl_edma.o
 *fill*         0x0000bf2e        0x2 ff
 .rodata.EDMA_HandleIRQ.str1.4
                0x0000bf30       0x2b ./drivers/fsl_edma.o
 *fill*         0x0000bf5b        0x1 ff
 .rodata.EDMA_Init.str1.4
                0x0000bf5c       0x2b ./drivers/fsl_edma.o
 *fill*         0x0000bf87        0x1 ff
 .rodata.EDMA_InstallTCD.str1.4
                0x0000bf88       0xa8 ./drivers/fsl_edma.o
 .rodata.EDMA_InstallTCDMemory.str1.4
                0x0000c030       0x69 ./drivers/fsl_edma.o
 *fill*         0x0000c099        0x3 ff
 .rodata.EDMA_PrepareTransfer.str1.4
                0x0000c09c      0x1ce ./drivers/fsl_edma.o
 *fill*         0x0000c26a        0x2 ff
 .rodata.EDMA_SetCallback.str1.4
                0x0000c26c       0x2b ./drivers/fsl_edma.o
 *fill*         0x0000c297        0x1 ff
 .rodata.EDMA_SetTransferConfig.str1.4
                0x0000c298       0xb1 ./drivers/fsl_edma.o
 *fill*         0x0000c349        0x3 ff
 .rodata.EDMA_StartTransfer.str1.4
                0x0000c34c       0x2b ./drivers/fsl_edma.o
 *fill*         0x0000c377        0x1 ff
 .rodata.EDMA_SubmitTransfer.str1.4
                0x0000c378       0x57 ./drivers/fsl_edma.o
 *fill*         0x0000c3cf        0x1 ff
 .rodata.EDMA_TcdReset.str1.4
                0x0000c3d0       0x61 ./drivers/fsl_edma.o
 *fill*         0x0000c431        0x3 ff
 .rodata.EDMA_TcdSetTransferConfig.str1.4
                0x0000c434       0xcd ./drivers/fsl_edma.o
 *fill*         0x0000c501        0x3 ff
 .rodata.s_edmaIRQNumber
                0x0000c504       0x20 ./drivers/fsl_edma.o
 .rodata.I2C_GetInstance.str1.4
                0x0000c524       0x3d ./drivers/fsl_i2c.o
 *fill*         0x0000c561        0x3 ff
 .rodata.I2C_MasterGetDefaultConfig.str1.4
                0x0000c564       0x28 ./drivers/fsl_i2c.o
 .rodata.I2C_MasterInit.str1.4
                0x0000c58c       0x37 ./drivers/fsl_i2c.o
 *fill*         0x0000c5c3        0x1 ff
 .rodata.I2C_MasterTransferBlocking.str1.4
                0x0000c5c4       0x21 ./drivers/fsl_i2c.o
 *fill*         0x0000c5e5        0x3 ff
 .rodata.I2C_MasterTransferCreateHandle.str1.4
                0x0000c5e8       0x23 ./drivers/fsl_i2c.o
 *fill*         0x0000c60b        0x1 ff
 .rodata.I2C_MasterTransferHandleIRQ.str1.4
                0x0000c60c       0x26 ./drivers/fsl_i2c.o
 *fill*         0x0000c632        0x2 ff
 .rodata.s_i2cClocks
                0x0000c634       0x10 ./drivers/fsl_i2c.o
 .rodata.s_i2cDividerTable
                0x0000c644       0x80 ./drivers/fsl_i2c.o
 .rodata.s_i2cIrqs
                0x0000c6c4        0x4 ./drivers/fsl_i2c.o
 .rodata.LPUART_GetDefaultConfig.str1.4
                0x0000c6c8       0x25 ./drivers/fsl_lpuart.o
 *fill*         0x0000c6ed        0x3 ff
 .rodata.LPUART_GetInstance.str1.4
                0x0000c6f0       0x43 ./drivers/fsl_lpuart.o
 *fill*         0x0000c733        0x1 ff
 .rodata.LPUART_Init.str1.4
                0x0000c734       0x5b ./drivers/fsl_lpuart.o
 *fill*         0x0000c78f        0x1 ff
 .rodata.SAI_GetInstance.str1.4
                0x0000c790       0x3d ./drivers/fsl_sai.o
 *fill*         0x0000c7cd        0x3 ff
 .rodata.SAI_TransferAbortReceiveEDMA.str1.4
                0x0000c7d0       0x27 ./drivers/fsl_sai_edma.o
 *fill*         0x0000c7f7        0x1 ff
 .rodata.SAI_TransferAbortSendEDMA.str1.4
                0x0000c7f8       0x27 ./drivers/fsl_sai_edma.o
 *fill*         0x0000c81f        0x1 ff
 .rodata.SAI_TransferReceiveEDMA.str1.4
                0x0000c820       0x2f ./drivers/fsl_sai_edma.o
 *fill*         0x0000c84f        0x1 ff
 .rodata.SAI_TransferRxCreateHandleEDMA.str1.4
                0x0000c850       0x34 ./drivers/fsl_sai_edma.o
 .rodata.SAI_TransferRxSetFormatEDMA.str1.4
                0x0000c884       0x31 ./drivers/fsl_sai_edma.o
 *fill*         0x0000c8b5        0x3 ff
 .rodata.SAI_TransferSendEDMA.str1.4
                0x0000c8b8       0x2f ./drivers/fsl_sai_edma.o
 *fill*         0x0000c8e7        0x1 ff
 .rodata.SAI_TransferTerminateReceiveEDMA.str1.4
                0x0000c8e8       0x27 ./drivers/fsl_sai_edma.o
 *fill*         0x0000c90f        0x1 ff
 .rodata.SAI_TransferTerminateSendEDMA.str1.4
                0x0000c910       0x27 ./drivers/fsl_sai_edma.o
 *fill*         0x0000c937        0x1 ff
 .rodata.SAI_TransferTxCreateHandleEDMA.str1.4
                0x0000c938       0x34 ./drivers/fsl_sai_edma.o
 .rodata.SAI_TransferTxSetFormatEDMA.str1.4
                0x0000c96c       0x31 ./drivers/fsl_sai_edma.o
 *fill*         0x0000c99d        0x3 ff
 .rodata.SDHC_DriverIRQHandler.str1.4
                0x0000c9a0       0x2d ./drivers/fsl_sdhc.o
 *fill*         0x0000c9cd        0x3 ff
 .rodata.SDHC_GetCapability.str1.4
                0x0000c9d0       0x27 ./drivers/fsl_sdhc.o
 *fill*         0x0000c9f7        0x1 ff
 .rodata.SDHC_GetInstance.str1.4
                0x0000c9f8       0x3e ./drivers/fsl_sdhc.o
 *fill*         0x0000ca36        0x2 ff
 .rodata.SDHC_Init.str1.4
                0x0000ca38      0x13b ./drivers/fsl_sdhc.o
 *fill*         0x0000cb73        0x1 ff
 .rodata.SDHC_SetSdClock.str1.4
                0x0000cb74       0x80 ./drivers/fsl_sdhc.o
 .rodata.SDHC_SetTransferConfig.str1.4
                0x0000cbf4      0x102 ./drivers/fsl_sdhc.o
 *fill*         0x0000ccf6        0x2 ff
 .rodata.SDHC_TransferCreateHandle.str1.4
                0x0000ccf8       0x4a ./drivers/fsl_sdhc.o
 *fill*         0x0000cd42        0x2 ff
 .rodata.SDHC_TransferHandleIRQ.str1.4
                0x0000cd44       0x79 ./drivers/fsl_sdhc.o
 *fill*         0x0000cdbd        0x3 ff
 .rodata.SDHC_TransferNonBlocking.str1.4
                0x0000cdc0       0x26 ./drivers/fsl_sdhc.o
 *fill*         0x0000cde6        0x2 ff
 .rodata.UART_GetDefaultConfig.str1.4
                0x0000cde8       0x23 ./drivers/fsl_uart.o
 *fill*         0x0000ce0b        0x1 ff
 .rodata.UART_GetInstance.str1.4
                0x0000ce0c       0x36 ./drivers/fsl_uart.o
 *fill*         0x0000ce42        0x2 ff
 .rodata.UART_Init.str1.4
                0x0000ce44      0x110 ./drivers/fsl_uart.o
                                0x10d (size before relaxing)
 .rodata.s_uartClock
                0x0000cf54       0x14 ./drivers/fsl_uart.o
 .rodata.kInitRegisterSequence
                0x0000cf68       0x46 ./codec/fsl_dialog7212.o
 *fill*         0x0000cfae        0x2 ff
 .rodata.kInputRegisterSequence
                0x0000cfb0       0x88 ./codec/fsl_dialog7212.o
 .rodata.kOutputRegisterSequence
                0x0000d038       0x10 ./codec/fsl_dialog7212.o
 .rodata.mcgConfig_BOARD_BootClockRUN
                0x0000d048        0xc ./board/clock_config.o
                0x0000d048                mcgConfig_BOARD_BootClockRUN
 .rodata.oscConfig_BOARD_BootClockRUN
                0x0000d054        0x8 ./board/clock_config.o
                0x0000d054                oscConfig_BOARD_BootClockRUN
 .rodata.simConfig_BOARD_BootClockRUN
                0x0000d05c        0x8 ./board/clock_config.o
                0x0000d05c                simConfig_BOARD_BootClockRUN
 .rodata.sinTable_q15
                0x0000d064      0x402 C:\Users\ericksong\Documents\Tsunami\frdmk66f_demo_apps_sai\libs\libarm_cortexM4lf_math.a(arm_common_tables.o)
                0x0000d064                sinTable_q15
 *fill*         0x0000d466        0x2 ff
 .rodata.armBitRevTable
                0x0000d468      0x800 C:\Users\ericksong\Documents\Tsunami\frdmk66f_demo_apps_sai\libs\libarm_cortexM4lf_math.a(arm_common_tables.o)
                0x0000d468                armBitRevTable
 .rodata.twiddleCoef_4096
                0x0000dc68     0x8000 C:\Users\ericksong\Documents\Tsunami\frdmk66f_demo_apps_sai\libs\libarm_cortexM4lf_math.a(arm_common_tables.o)
                0x0000dc68                twiddleCoef_4096
 .rodata.__num_Ciob_streams
                0x00015c68        0x4 c:/nxp/mcuxpressoide_10.1.0_589/ide/tools/bin/../lib/gcc/arm-none-eabi/6.3.1/../../../../arm-none-eabi/lib/thumb/v7e-m/fpv4-sp/hard\libcr_semihost_nf.a(__ciob.o)
                0x00015c68                __num_Ciob_streams
 .rodata.__assertion_failed.str1.1
                0x00015c6c       0x15 c:/nxp/mcuxpressoide_10.1.0_589/ide/tools/bin/../lib/gcc/arm-none-eabi/6.3.1/../../../../arm-none-eabi/lib/thumb/v7e-m/fpv4-sp/hard\libcr_semihost_nf.a(_cr_assert.o)
 .rodata._Csys_alloc.str1.1
                0x00015c81       0x18 c:/nxp/mcuxpressoide_10.1.0_589/ide/tools/bin/../lib/gcc/arm-none-eabi/6.3.1/../../../../arm-none-eabi/lib/thumb/v7e-m/fpv4-sp/hard\libcr_c.a(alloc.o)
 .rodata.fp_display.str1.1
                0x00015c99       0x32 c:/nxp/mcuxpressoide_10.1.0_589/ide/tools/bin/../lib/gcc/arm-none-eabi/6.3.1/../../../../arm-none-eabi/lib/thumb/v7e-m/fpv4-sp/hard\libcr_c.a(fpprintf.o)
                                 0x35 (size before relaxing)
 .rodata._initio.str1.1
                0x00015ccb        0x4 c:/nxp/mcuxpressoide_10.1.0_589/ide/tools/bin/../lib/gcc/arm-none-eabi/6.3.1/../../../../arm-none-eabi/lib/thumb/v7e-m/fpv4-sp/hard\libcr_c.a(initio.o)
 .rodata.__vfprintf.str1.1
                0x00015ccf       0x31 c:/nxp/mcuxpressoide_10.1.0_589/ide/tools/bin/../lib/gcc/arm-none-eabi/6.3.1/../../../../arm-none-eabi/lib/thumb/v7e-m/fpv4-sp/hard\libcr_c.a(printf.o)
                                 0x38 (size before relaxing)
 .rodata.__huge_vall
                0x00015d00        0x8 c:/nxp/mcuxpressoide_10.1.0_589/ide/tools/bin/../lib/gcc/arm-none-eabi/6.3.1/../../../../arm-none-eabi/lib/thumb/v7e-m/fpv4-sp/hard\libcr_c.a(_hugeval.o)
                0x00015d00                __huge_vall
                0x00015d08                . = ALIGN (0x4)

.glue_7         0x00015d08        0x0
 .glue_7        0x00015d08        0x0 linker stubs

.glue_7t        0x00015d08        0x0
 .glue_7t       0x00015d08        0x0 linker stubs

.vfp11_veneer   0x00015d08        0x0
 .vfp11_veneer  0x00015d08        0x0 linker stubs

.v4_bx          0x00015d08        0x0
 .v4_bx         0x00015d08        0x0 linker stubs

.iplt           0x00015d08        0x0
 .iplt          0x00015d08        0x0 ./utilities/fsl_assert.o

.rel.dyn        0x00015d08        0x0
 .rel.iplt      0x00015d08        0x0 ./utilities/fsl_assert.o

.ARM.extab
 *(.ARM.extab* .gnu.linkonce.armextab.*)
                0x00015d08                __exidx_start = .

.ARM.exidx
 *(.ARM.exidx* .gnu.linkonce.armexidx.*)
                0x00015d08                __exidx_end = .
                0x00015d08                _etext = .

.m_usb_data
 *(m_usb_bdt)

.data_RAM2      0x1fff0000        0x0 load address 0x00015d08
 FILL mask 0xff
                [!provide]                PROVIDE (__start_data_RAM2, .)
 *(.ramfunc.$RAM2)
 *(.ramfunc.$SRAM_LOWER)
 *(.data.$RAM2*)
 *(.data.$SRAM_LOWER*)
 *(NonCacheable.init)
                0x1fff0000                . = ALIGN (0x4)
                [!provide]                PROVIDE (__end_data_RAM2, .)

.data_RAM3      0x14000000        0x0 load address 0x00015d08
 FILL mask 0xff
                [!provide]                PROVIDE (__start_data_RAM3, .)
 *(.ramfunc.$RAM3)
 *(.ramfunc.$FLEX_RAM)
 *(.data.$RAM3*)
 *(.data.$FLEX_RAM*)
                0x14000000                . = ALIGN (0x4)
                [!provide]                PROVIDE (__end_data_RAM3, .)

.uninit_RESERVED
                0x20000000        0x0
 *(.bss.$RESERVED*)
                0x20000000                . = ALIGN (0x4)
                0x20000000                _end_uninit_RESERVED = .

.data           0x20000000       0x14 load address 0x00015d08
 FILL mask 0xff
                0x20000000                _data = .
 *(vtable)
 *(.ramfunc*)
 *(.data*)
 .data.emptyBlock
                0x20000000        0x4 ./source/sai.o
                0x20000000                emptyBlock
 .data.s_sdhcTransferSuccessFlag
                0x20000004        0x1 ./sdmmc/port/fsl_sdmmc_host.o
 *fill*         0x20000005        0x3 ff
 .data.s_fastIrcFreq
                0x20000008        0x4 ./drivers/fsl_clock.o
 .data.s_slowIrcFreq
                0x2000000c        0x4 ./drivers/fsl_clock.o
 .data.SystemCoreClock
                0x20000010        0x4 ./CMSIS/system_MK66F18.o
                0x20000010                SystemCoreClock
                0x20000014                . = ALIGN (0x4)
                0x20000014                _edata = .

.igot.plt       0x20000014        0x0 load address 0x00015d1c
 .igot.plt      0x20000014        0x0 ./utilities/fsl_assert.o

.bss_RAM2       0x1fff0000      0x65c
                [!provide]                PROVIDE (__start_bss_RAM2, .)
 *(.bss.$RAM2*)
 *(.bss.$SRAM_LOWER*)
 *(NonCacheable)
 NonCacheable   0x1fff0000      0x65c ./source/sai.o
                0x1fff065c                . = ALIGN ((. != 0x0)?0x4:0x1)
                [!provide]                PROVIDE (__end_bss_RAM2, .)

.bss_RAM3       0x14000000        0x0
                [!provide]                PROVIDE (__start_bss_RAM3, .)
 *(.bss.$RAM3*)
 *(.bss.$FLEX_RAM*)
                0x14000000                . = ALIGN ((. != 0x0)?0x4:0x1)
                [!provide]                PROVIDE (__end_bss_RAM3, .)

.bss            0x20000014     0x2654
                0x20000014                _bss = .
 *(.bss*)
 .bss.s_debugConsoleIO
                0x20000014        0x8 ./utilities/fsl_io.o
 .bss.audioBuff
                0x2000001c      0x800 ./source/sai.o
 .bss.beginCount
                0x2000081c        0x4 ./source/sai.o
                0x2000081c                beginCount
 .bss.codecHandle
                0x20000820       0x20 ./source/sai.o