16:30:58 **** Build of configuration Debug for project frdmk66f_demo_apps_sai ****
make -r -j8 all 
Building file: ../utilities/fsl_assert.c
Building file: ../utilities/fsl_debug_console.c
Building file: ../utilities/fsl_io.c
Building file: ../utilities/fsl_log.c
Building file: ../utilities/fsl_str.c
Building file: ../startup/startup_mk66f18.c
Invoking: MCU C Compiler
Invoking: MCU C Compiler
Invoking: MCU C Compiler
arm-none-eabi-gcc -D__REDLIB__ -DFRDM_K66F -DARM_MATH_CM4 -DFREEDOM -DPRINTF_FLOAT_ENABLE=1 -DSDK_DEBUGCONSOLE=0 -D__MCUXPRESSO -D__USE_CMSIS -DDEBUG -DCPU_MK66FN2M0VMD18 -DCPU_MK66FN2M0VMD18_cm4 -I"C:\Users\ericksong\Documents\Tsunami\frdmk66f_demo_apps_sai\board" -I"C:\Users\ericksong\Documents\Tsunami\frdmk66f_demo_apps_sai\source" -I"C:\Users\ericksong\Documents\Tsunami\frdmk66f_demo_apps_sai" -I"C:\Users\ericksong\Documents\Tsunami\frdmk66f_demo_apps_sai\drivers" -I"C:\Users\ericksong\Documents\Tsunami\frdmk66f_demo_apps_sai\CMSIS" -I"C:\Users\ericksong\Documents\Tsunami\frdmk66f_demo_apps_sai\sdmmc\inc" -I"C:\Users\ericksong\Documents\Tsunami\frdmk66f_demo_apps_sai\fatfs\fatfs_include" -I"C:\Users\ericksong\Documents\Tsunami\frdmk66f_demo_apps_sai\startup" -I"C:\Users\ericksong\Documents\Tsunami\frdmk66f_demo_apps_sai\utilities" -I"C:\Users\ericksong\Documents\Tsunami\frdmk66f_demo_apps_sai\codec" -I"C:\Users\ericksong\Documents\Tsunami\frdmk66f_demo_apps_sai\sdmmc\port" -O1 -fno-common -g -Wall -c -fmessage-length=0 -fno-builtin -ffunction-sections -fdata-sections -mcpu=cortex-m4 -mfpu=fpv4-sp-d16 -mfloat-abi=hard -mthumb -D__REDLIB__ -specs=redlib.specs -MMD -MP -MF"utilities/fsl_assert.d" -MT"utilities/fsl_assert.o" -MT"utilities/fsl_assert.d" -o "utilities/fsl_assert.o" "../utilities/fsl_assert.c"
arm-none-eabi-gcc -D__REDLIB__ -DFRDM_K66F -DARM_MATH_CM4 -DFREEDOM -DPRINTF_FLOAT_ENABLE=1 -DSDK_DEBUGCONSOLE=0 -D__MCUXPRESSO -D__USE_CMSIS -DDEBUG -DCPU_MK66FN2M0VMD18 -DCPU_MK66FN2M0VMD18_cm4 -I"C:\Users\ericksong\Documents\Tsunami\frdmk66f_demo_apps_sai\board" -I"C:\Users\ericksong\Documents\Tsunami\frdmk66f_demo_apps_sai\source" -I"C:\Users\ericksong\Documents\Tsunami\frdmk66f_demo_apps_sai" -I"C:\Users\ericksong\Documents\Tsunami\frdmk66f_demo_apps_sai\drivers" -I"C:\Users\ericksong\Documents\Tsunami\frdmk66f_demo_apps_sai\CMSIS" -I"C:\Users\ericksong\Documents\Tsunami\frdmk66f_demo_apps_sai\sdmmc\inc" -I"C:\Users\ericksong\Documents\Tsunami\frdmk66f_demo_apps_sai\fatfs\fatfs_include" -I"C:\Users\ericksong\Documents\Tsunami\frdmk66f_demo_apps_sai\startup" -I"C:\Users\ericksong\Documents\Tsunami\frdmk66f_demo_apps_sai\utilities" -I"C:\Users\ericksong\Documents\Tsunami\frdmk66f_demo_apps_sai\codec" -I"C:\Users\ericksong\Documents\Tsunami\frdmk66f_demo_apps_sai\sdmmc\port" -O1 -fno-common -g -Wall -c -fmeInvoking: MCU C Compiler
ssage-length=0 -fno-builtin -ffunction-sections -fdata-sections -mcpu=cortex-m4 -mfpu=fpv4-sp-d16 -mfloat-abi=hard -mthumb -D__REDLIB__ -specs=redlib.specs -MMD -MP -MF"utilities/fsl_debug_console.d" -MT"utilities/fsl_debug_console.o" -MT"utilities/fsl_debug_console.d" -o "utilities/fsl_debug_console.o" "../utilities/fsl_debug_console.c"
Building file: ../source/sai.c
Invoking: MCU C Compiler
arm-none-eabi-gcc -D__REDLIB__ -DFRDM_K66F -DARM_MATH_CM4 -DFREEDOM -DPRINTF_FLOAT_ENABLE=1 -DSDK_DEBUGCONSOLE=0 -D__MCUXPRESSO -D__USE_CMSIS -DDEBUG -DCPU_MK66FN2M0VMD18 -DCPU_MK66FN2M0VMD18_cm4 -I"C:\Users\ericksong\Documents\Tsunami\frdmk66f_demo_apps_sai\board" -I"C:\Users\ericksong\Documents\Tsunami\frdmk66f_demo_apps_sai\source" -I"C:\Users\ericksong\Documents\Tsunami\frdmk66f_demo_apps_sai" -I"C:\Users\ericksong\Documents\Tsunami\frdmk66f_demo_apps_sai\drivers" -I"C:\Users\ericksong\Documents\Tsunami\frdmk66f_demo_apps_sai\CMSIS" -I"C:\Users\ericksong\Documents\Tsunami\frdmk66f_demo_apps_sai\sdmmc\inc" -I"C:\Users\ericksong\Documents\Tsunami\frdmk66f_demo_apps_sai\fatfs\fatfs_include" -I"C:\Users\ericksong\Documents\Tsunami\frdmk66f_demo_apps_sai\startup" -I"C:\Users\ericksong\Documents\Tsunami\frdmk66f_demo_apps_sai\utilities" -I"C:\Users\ericksong\Documents\Tsunami\frdmk66f_demo_apps_sai\codec" -I"C:\Users\ericksong\Documents\Tsunami\frdmk66f_demo_apps_sai\sdmmc\port" -O1 -fno-common -g -Wall -c -fmessage-length=0 -fno-builtin -ffunction-sections -fdata-sections -mcpu=cortex-m4 -mfpu=fpv4-sp-d16 -mfloat-abi=hard -mthumb -D__REDLIB__ -specs=redlib.specs -MMD -MP -MF"utilities/fsl_io.d" -MT"utilities/fsl_io.o" -MT"utilities/fsl_io.d" -o "utilities/fsl_io.o" "../utilities/fsl_io.c"
Invoking: MCU C Compiler
arm-none-eabi-gcc -D__REDLIB__ -DFRDM_K66F -DARM_MATH_CM4 -DFREEDOM -DPRINTF_FLOAT_ENABLE=1 -DSDK_DEBUGCONSOLE=0 -D__MCUXPRESSO -D__USE_CMSIS -DDEBUG -DCPU_MK66FN2M0VMD18 -DCPU_MK66FN2M0VMD18_cm4 -I"C:\Users\ericksong\Documents\Tsunami\frdmk66f_demo_apps_sai\board" -I"C:\Users\ericksong\Documents\Tsunami\frdmk66f_demo_apps_sai\source" -I"C:\Users\ericksong\Documents\Tsunami\frdmk66f_demo_apps_sai" -I"C:\Users\ericksong\Documents\Tsunami\frdmk66f_demo_apps_sai\drivers" -I"C:\Users\ericksong\Documents\Tsunami\frdmk66f_demo_apps_sai\CMSIS" -I"C:\Users\ericksong\Documents\Tsunami\frdmk66f_demo_apps_sai\sdmmc\inc" -I"C:\Users\ericksong\Documents\Tsunami\frdmk66f_demo_apps_sai\fatfs\fatfs_include" -I"C:\Users\ericksong\Documents\Tsunami\frdmk66f_demo_apps_sai\startup" -I"C:\Users\ericksong\Documents\Tsunami\frdmk66f_demo_apps_sai\utilities" -I"C:\Users\ericksong\Documents\Tsunami\frdmk66f_demo_apps_sai\codec" -I"C:\Users\ericksong\Documents\Tsunami\frdmk66f_demo_apps_sai\sdmmc\port" -O1 -fno-common -g -Wall -c -fmessage-length=0 -fno-builtin -ffunction-sections -fdata-sections -mcpu=cortex-m4 -mfpu=fpv4-sp-d16 -mfloat-abi=hard -mthumb -D__REDLIB__ -specs=redlib.specs -MMD -MP -MF"utilities/fsl_log.d" -MT"utilities/fsl_log.o" -MT"utilities/fsl_log.d" -o "utilities/fsl_log.o" "../utilities/fsl_log.c"
arm-none-eabi-gcc -D__REDLIB__ -DFRDM_K66F -DARM_MATH_CM4 -DFREEDOM -DPRINTF_FLOAT_ENABLE=1 -DSDK_DEBUGCONSOLE=0 -D__MCUXPRESSO -D__USE_CMSIS -DDEBUG -DCPU_MK66FN2M0VMD18 -DCPU_MK66FN2M0VMD18_cm4 -I"C:\Users\ericksong\Documents\Tsunami\frdmk66f_demo_apps_sai\board" -I"C:\Users\ericksong\Documents\Tsunami\frdmk66f_demo_apps_sai\source" -I"C:\Users\ericksong\Documents\Tsunami\frdmk66f_demo_apps_sai" -I"C:\Users\ericksong\Documents\Tsunami\frdmk66f_demo_apps_sai\drivers" -I"C:\Users\ericksong\Documents\Tsunami\frdmk66f_demo_apps_sai\CMSIS" -I"C:\Users\ericksong\Documents\Tsunami\frdmk66f_demo_apps_sai\sdmmc\inc" -I"C:\Users\ericksong\Documents\Tsunami\frdmk66f_demo_apps_sai\fatfs\fatfs_include" -I"C:\Users\ericksong\Documents\Tsunami\frdmk66f_demo_apps_sai\startup" -I"C:\Users\ericksong\Documents\Tsunami\frdmk66f_demo_apps_sai\utilities" -I"C:\Users\ericksong\Documents\Tsunami\frdmk66f_demo_apps_sai\codec" -I"C:\Users\ericksong\Documents\Tsunami\frdmk66f_demo_apps_sai\sdmmc\port" -O1 -fno-common -g -Wall -c -fmessage-length=0 -fno-builtin -ffunction-sections -fdata-sections -mcpu=cortex-m4 -mfpu=fpv4-sp-d16 -mfloat-abi=hard -mthumb -D__REDLIB__ -specs=redlib.specs -MMD -MP -MF"utilities/fsl_str.d" -MT"utilities/fsl_str.o" -MT"utilities/fsl_str.d" -o "utilities/fsl_str.o" "../utilities/fsl_str.c"
arm-none-eabi-gcc -D__REDLIB__ -DFRDM_K66F -DARM_MATH_CM4 -DFREEDOM -DPRINTF_FLOAT_ENABLE=1 -DSDK_DEBUGCONSOLE=0 -D__MCUXPRESSO -D__USE_CMSIS -DDEBUG -DCPU_MK66FN2M0VMD18 -DCPU_MK66FN2M0VMD18_cm4 -I"C:\Users\ericksong\Documents\Tsunami\frdmk66f_demo_apps_sai\board" -I"C:\Users\ericksong\Documents\Tsunami\frdmk66f_demo_apps_sai\source" -I"C:\Users\ericksong\Documents\Tsunami\frdmk66f_demo_apps_sai" -I"C:\Users\ericksong\Documents\Tsunami\frdmk66f_demo_apps_sai\drivers" -I"C:\Users\ericksong\Documents\Tsunami\frdmk66f_demo_apps_sai\CMSIS" -I"C:\Users\ericksong\Documents\Tsunami\frdmk66f_demo_apps_sai\sdmmc\inc" -I"C:\Users\ericksong\Documents\Tsunami\frdmk66f_demo_apps_sai\fatfs\fatfs_include" -I"C:\Users\ericksong\Documents\Tsunami\frdmk66f_demo_apps_sai\startup" -I"C:\Users\ericksong\Documents\Tsunami\frdmk66f_demo_apps_sai\utilities" -I"C:\Users\ericksong\Documents\Tsunami\frdmk66f_demo_apps_sai\codec" -I"C:\Users\ericksong\Documents\Tsunami\frdmk66f_demo_apps_sai\sdmmc\port" -O1 -fno-common -g -Wall -c -fmessage-length=0 -fno-builtin -ffunction-sections -fdata-sections -mcpu=cortex-m4 -mfpu=fpv4-sp-d16 -mfloat-abi=hard -mthumb -D__REDLIB__ -specs=redlib.specs -MMD -MP -MF"startup/startup_mk66f18.d" -MT"startup/startup_mk66f18.o" -MT"startup/startup_mk66f18.d" -o "startup/startup_mk66f18.o" "../startup/startup_mk66f18.c"
Building file: ../source/semihost_hardfault.c
Invoking: MCU C Compiler
arm-none-eabi-gcc -D__REDLIB__ -DFRDM_K66F -DARM_MATH_CM4 -DFREEDOM -DPRINTF_FLOAT_ENABLE=1 -DSDK_DEBUGCONSOLE=0 -D__MCUXPRESSO -D__USE_CMSIS -DDEBUG -DCPU_MK66FN2M0VMD18 -DCPU_MK66FN2M0VMD18_cm4 -I"C:\Users\ericksong\Documents\Tsunami\frdmk66f_demo_apps_sai\board" -I"C:\Users\ericksong\Documents\Tsunami\frdmk66f_demo_apps_sai\source" -I"C:\Users\ericksong\Documents\Tsunami\frdmk66f_demo_apps_sai" -I"C:\Users\ericksong\Documents\Tsunami\frdmk66f_demo_apps_sai\drivers" -I"C:\Users\ericksong\Documents\Tsunami\frdmk66f_demo_apps_sai\CMSIS" -I"C:\Users\ericksong\Documents\Tsunami\frdmk66f_demo_apps_sai\sdmmc\inc" -I"C:\Users\ericksong\Documents\Tsunami\frdmk66f_demo_apps_sai\fatfs\fatfs_include" -I"C:\Users\ericksong\Documents\Tsunami\frdmk66f_demo_apps_sai\startup" -I"C:\Users\ericksong\Documents\Tsunami\frdmk66f_demo_apps_sai\utilities" -I"C:\Users\ericksong\Documents\Tsunami\frdmk66f_demo_apps_sai\codec" -I"C:\Users\ericksong\Documents\Tsunami\frdmk66f_demo_apps_sai\sdmmc\port" -O1 -fno-common -g -Wall -c -fmessage-length=0 -fno-builtin -ffunction-sections -fdata-sections -mcpu=cortex-m4 -mfpu=fpv4-sp-d16 -mfloat-abi=hard -mthumb -D__REDLIB__ -specs=redlib.specs -MMD -MP -MF"source/sai.d" -MT"source/sai.o" -MT"source/sai.d" -o "source/sai.o" "../source/sai.c"
Invoking: MCU C Compiler
arm-none-eabi-gcc -D__REDLIB__ -DFRDM_K66F -DARM_MATH_CM4 -DFREEDOM -DPRINTF_FLOAT_ENABLE=1 -DSDK_DEBUGCONSOLE=0 -D__MCUXPRESSO -D__USE_CMSIS -DDEBUG -DCPU_MK66FN2M0VMD18 -DCPU_MK66FN2M0VMD18_cm4 -I"C:\Users\ericksong\Documents\Tsunami\frdmk66f_demo_apps_sai\board" -I"C:\Users\ericksong\Documents\Tsunami\frdmk66f_demo_apps_sai\source" -I"C:\Users\ericksong\Documents\Tsunami\frdmk66f_demo_apps_sai" -I"C:\Users\ericksong\Documents\Tsunami\frdmk66f_demo_apps_sai\drivers" -I"C:\Users\ericksong\Documents\Tsunami\frdmk66f_demo_apps_sai\CMSIS" -I"C:\Users\ericksong\Documents\Tsunami\frdmk66f_demo_apps_sai\sdmmc\inc" -I"C:\Users\ericksong\Documents\Tsunami\frdmk66f_demo_apps_sai\fatfs\fatfs_include" -I"C:\Users\ericksong\Documents\Tsunami\frdmk66f_demo_apps_sai\startup" -I"C:\Users\ericksong\Documents\Tsunami\frdmk66f_demo_apps_sai\utilities" -I"C:\Users\ericksong\Documents\Tsunami\frdmk66f_demo_apps_sai\codec" -I"C:\Users\ericksong\Documents\Tsunami\frdmk66f_demo_apps_sai\sdmmc\port" -O1 -fno-common -g -Wall -c -fmessage-length=0 -fno-builtin -ffunction-sections -fdata-sections -mcpu=cortex-m4 -mfpu=fpv4-sp-d16 -mfloat-abi=hard -mthumb -D__REDLIB__ -specs=redlib.specs -MMD -MP -MF"source/semihost_hardfault.d" -MT"source/semihost_hardfault.o" -MT"source/semihost_hardfault.d" -o "source/semihost_hardfault.o" "../source/semihost_hardfault.c"
Finished building: ../utilities/fsl_debug_console.c
Finished building: ../utilities/fsl_assert.c
 
 
Finished building: ../source/semihost_hardfault.c
Finished building: ../utilities/fsl_io.c
Finished building: ../utilities/fsl_log.c
Building file: ../sdmmc/src/fsl_sd.c
 
 
 
Building file: ../sdmmc/src/fsl_sdmmc_common.c
Invoking: MCU C Compiler
Building file: ../sdmmc/port/fsl_sdmmc_event.c
arm-none-eabi-gcc -D__REDLIB__ -DFRDM_K66F -DARM_MATH_CM4 -DFREEDOM -DPRINTF_FLOAT_ENABLE=1 -DSDK_DEBUGCONSOLE=0 -D__MCUXPRESSO -D__USE_CMSIS -DDEBUG -DCPU_MK66FN2M0VMD18 -DCPU_MK66FN2M0VMD18_cm4 -I"C:\Users\ericksong\Documents\Tsunami\frdmk66f_demo_apps_sai\board" -I"C:\Users\ericksong\Documents\Tsunami\frdmk66f_demo_apps_sai\source" -I"C:\Users\ericksong\Documents\Tsunami\frdmk66f_demo_apps_sai" -I"C:\Users\ericksong\Documents\Tsunami\frdmk66f_demo_apps_sai\drivers" -I"C:\Users\ericksong\Documents\Tsunami\frdmk66f_demo_apps_sai\CMSIS" -I"C:\Users\ericksong\Documents\Tsunami\frdmk66f_demo_apps_sai\sdmmc\inc" -I"C:\Users\ericksong\Documents\Tsunami\frdmk66f_demo_apps_sai\fatfs\fatfs_include" -I"C:\Users\ericksong\Documents\Tsunami\frdmk66f_demo_apps_sai\startup" -I"C:\Users\ericksong\Documents\Tsunami\frdmk66f_demo_apps_sai\utilities" -I"C:\Users\ericksong\Documents\Tsunami\frdmk66f_demo_apps_sai\codec" -I"C:\Users\ericksong\Documents\Tsunami\frdmk66f_demo_apps_sai\sdmmc\port" -O1 -fno-common -g -Wall -c -fmessage-length=0 -fno-builtin -ffunction-sections -fdata-sections -mcpu=cortex-m4 -mfpu=fpv4-sp-d16 -mfloat-abi=hard -mthumb -D__REDLIB__ -specs=redlib.specs -MMD -MP -MF"sdmmc/src/fsl_sd.d" -MT"sdmmc/src/fsl_sd.o" -MT"sdmmc/src/fsl_sd.d" -o "sdmmc/src/fsl_sd.o" "../sdmmc/src/fsl_sd.c"
Building file: ../sdmmc/port/fsl_sdmmc_host.c
Building file: ../fatfs/fatfs_source/diskio.c
Invoking: MCU C Compiler
Finished building: ../startup/startup_mk66f18.c
arm-none-eabi-gcc -D__REDLIB__ -DFRDM_K66F -DARM_MATH_CM4 -DFREEDOM -DPRINTF_FLOAT_ENABLE=1 -DSDK_DEBUGCONSOLE=0 -D__MCUXPRESSO -D__USE_CMSIS -DDEBUG -DCPU_MK66FN2M0VMD18 -DCPU_MK66FN2M0VMD18_cm4 -I"C:\Users\ericksong\Documents\Tsunami\frdmk66f_demo_apps_sai\board" -I"C:\Users\ericksong\Documents\Tsunami\frdmk66f_demo_apps_sai\source" -I"C:\Users\ericksong\Documents\Tsunami\frdmk66f_demo_apps_sai" -I"C:\Users\ericksong\Documents\Tsunami\frdmk66f_demo_apps_sai\drivers" -I"C:\Users\ericksong\Documents\Tsunami\frdmk66f_demo_apps_sai\CMSIS" -I"C:\Users\ericksong\Documents\Tsunami\frdmk66f_demo_apps_sai\sdmmc\inc" -I"C:\Users\ericksong\Documents\Tsunami\frdmk66f_demo_apps_sai\fatfs\fatfs_include" -I"C:\Users\ericksong\Documents\Tsunami\frdmk66f_demo_apps_sai\startup" -I"C:\Users\ericksong\Documents\Tsunami\frdmk66f_demo_apps_sai\utilities" -I"C:\Users\ericksong\Documents\Tsunami\frdmk66f_demo_apps_sai\codec" -I"C:\Users\ericksong\Documents\Tsunami\frdmk66f_demo_apps_sai\sdmmc\port" -O1 -fno-common -g -Wall -c -fmessage-length=0 -fno-builtin -ffunction-sections -fdata-sections -mcpu=cortex-m4 -mfpu=fpv4-sp-d16 -mfloat-abi=hard -mthumb -D__REDLIB__ -specs=redlib.specs -MMD -MP -MF"sdmmc/src/fsl_sdmmc_common.d" -MT"sdmmc/src/fsl_sdmmc_common.o" -MT"sdmmc/src/fsl_sdmmc_common.d" -o "sdmmc/src/fsl_sdmmc_common.o" "../sdmmc/src/fsl_sdmmc_common.c"
Invoking: MCU C Compiler
arm-none-eabi-gcc -D__REDLIB__ -DFRDM_K66F -DARM_MATH_CM4 -DFREEDOM -DPRINTF_FLOAT_ENABLE=1 -DSDK_DEBUGCONSOLE=0 -D__MCUXPRESSO -D__USE_CMSIS -DDEBUG -DCPU_MK66FN2M0VMD18 -DCPU_MK66FN2M0VMD18_cm4 -I"C:\Users\ericksong\Documents\Tsunami\frdmk66f_demo_apps_sai\board" -I"C:\Users\ericksong\Documents\Tsunami\frdmk66f_demo_apps_sai\source" -I"C:\Users\ericksong\Documents\Tsunami\frdmk66f_demo_apps_sai" -I"C:\Users\ericksong\Documents\Tsunami\frdmk66f_demo_apps_sai\drivers" -I"C:\Users\ericksong\Documents\Tsunami\frdmk66f_demo_apps_sai\CMSIS" -I"C:\Users\ericksong\Documents\Tsunami\frdmk66f_demo_apps_sai\sdmmc\inc" -I"C:\Users\ericksong\Documents\Tsunami\frdmk66f_demo_apps_sai\fatfs\fatfs_include" -I"C:\Users\ericksong\Documents\Tsunami\frdmk66f_demo_apps_sai\startup" -I"C:\Users\ericksong\Documents\Tsunami\frdmk66f_demo_apps_sai\utilities" -I"C:\Users\ericksong\Documents\Tsunami\frdmk66f_demo_apps_sai\codec" -I"C:\Users\ericksong\Documents\Tsunami\frdmk66f_demo_apps_sai\sdmmc\port" -O1 -fno-common -g -Wall -c -fmessage-length=0 -fno-builtin -ffunction-sections -fdata-sections -mcpu=cortex-m4 -mfpu=fpv4-sp-d16 -mfloat-abi=hard -mthumb -D__REDLIB__ -specs=redlib.specs -MMD -MP -MF"sdmmc/port/fsl_sdmmc_event.d" -MT"sdmmc/port/fsl_sdmmc_event.o" -MT"sdmmc/port/fsl_sdmmc_event.d" -o "sdmmc/port/fsl_sdmmc_event.o" "../sdmmc/port/fsl_sdmmc_event.c"
Invoking: MCU C Compiler
Invoking: MCU C Compiler
arm-none-eabi-gcc -D__REDLIB__ -DFRDM_K66F -DARM_MATH_CM4 -DFREEDOM -DPRINTF_FLOAT_ENABLE=1 -DSDK_DEBUGCONSOLE=0 -D__MCUXPRESSO -D__USE_CMSIS -DDEBUG -DCPU_MK66FN2M0VMD18 -DCPU_MK66FN2M0VMD18_cm4 -I"C:\Users\ericksong\Documents\Tsunami\frdmk66f_demo_apps_sai\board" -I"C:\Users\ericksong\Documents\Tsunami\frdmk66f_demo_apps_sai\source" -I"C:\Users\ericksong\Documents\Tsunami\frdmk66f_demo_apps_sai" -I"C:\Users\ericksong\Documents\Tsunami\frdmk66f_demo_apps_sai\drivers" -I"C:\Users\ericksong\Documents\Tsunami\frdmk66f_demo_apps_sai\CMSIS" -I"C:\Users\ericksong\Documents\Tsunami\frdmk66f_demo_apps_sai\sdmmc\inc" -I"C:\Users\ericksong\Documents\Tsunami\frdmk66f_demo_apps_sai\fatfs\fatfs_include" -I"C:\Users\ericksong\Documents\Tsunami\frdmk66f_demo_apps_sai\startup" -I"C:\Users\ericksong\Documents\Tsunami\frdmk66f_demo_apps_sai\utilities" -I"C:\Users\ericksong\Documents\Tsunami\frdmk66f_demo_apps_sai\codec" -I"C:\Users\ericksong\Documents\Tsunami\frdmk66f_demo_apps_sai\sdmmc\port" -O1 -fno-common -g -Wall -c -fmessage-length=0 -fno-builtin -ffunction-sections -fdata-sections -mcpu=cortex-m4 -mfpu=fpv4-sp-d16 -mfloat-abi=hard -mthumb -D__REDLIB__ -specs=redlib.specs -MMD -MP -MF"sdmmc/port/fsl_sdmmc_host.d" -MT"sdmmc/port/fsl_sdmmc_host.o" -MT"sdmmc/port/fsl_sdmmc_host.d" -o "sdmmc/port/fsl_sdmmc_host.o" "../sdmmc/port/fsl_sdmmc_host.c"
 
arm-none-eabi-gcc -D__REDLIB__ -DFRDM_K66F -DARM_MATH_CM4 -DFREEDOM -DPRINTF_FLOAT_ENABLE=1 -DSDK_DEBUGCONSOLE=0 -D__MCUXPRESSO -D__USE_CMSIS -DDEBUG -DCPU_MK66FN2M0VMD18 -DCPU_MK66FN2M0VMD18_cm4 -I"C:\Users\ericksong\Documents\Tsunami\frdmk66f_demo_apps_sai\board" -I"C:\Users\ericksong\Documents\Tsunami\frdmk66f_demo_apps_sai\source" -I"C:\Users\ericksong\Documents\Tsunami\frdmk66f_demo_apps_sai" -I"C:\Users\ericksong\Documents\Tsunami\frdmk66f_demo_apps_sai\drivers" -I"C:\Users\ericksong\Documents\Tsunami\frdmk66f_demo_apps_sai\CMSIS" -I"C:\Users\ericksong\Documents\Tsunami\frdmk66f_demo_apps_sai\sdmmc\inc" -I"C:\Users\ericksong\Documents\Tsunami\frdmk66f_demo_apps_sai\fatfs\fatfs_include" -I"C:\Users\ericksong\Documents\Tsunami\frdmk66f_demo_apps_sai\startup" -I"C:\Users\ericksong\Documents\Tsunami\frdmk66f_demo_apps_sai\utilities" -I"C:\Users\ericksong\Documents\Tsunami\frdmk66f_demo_apps_sai\codec" -I"C:\Users\ericksong\Documents\Tsunami\frdmk66f_demo_apps_sai\sdmmc\port" -O1 -fno-common -g -Wall -c -fmessage-length=0 -fno-builtin -ffunction-sections -fdata-sections -mcpu=cortex-m4 -mfpu=fpv4-sp-d16 -mfloat-abi=hard -mthumb -D__REDLIB__ -specs=redlib.specs -MMD -MP -MF"fatfs/fatfs_source/diskio.d" -MT"fatfs/fatfs_source/diskio.o" -MT"fatfs/fatfs_source/diskio.d" -o "fatfs/fatfs_source/diskio.o" "../fatfs/fatfs_source/diskio.c"
Building file: ../fatfs/fatfs_source/ff.c
Finished building: ../utilities/fsl_str.c
Invoking: MCU C Compiler
arm-none-eabi-gcc -D__REDLIB__ -DFRDM_K66F -DARM_MATH_CM4 -DFREEDOM -DPRINTF_FLOAT_ENABLE=1 -DSDK_DEBUGCONSOLE=0 -D__MCUXPRESSO -D__USE_CMSIS -DDEBUG -DCPU_MK66FN2M0VMD18 -DCPU_MK66FN2M0VMD18_cm4 -I"C:\Users\ericksong\Documents\Tsunami\frdmk66f_demo_apps_sai\board" -I"C:\Users\ericksong\Documents\Tsunami\frdmk66f_demo_apps_sai\source" -I"C:\Users\ericksong\Documents\Tsunami\frdmk66f_demo_apps_sai" -I"C:\Users\ericksong\Documents\Tsunami\frdmk66f_demo_apps_sai\drivers" -I"C:\Users\ericksong\Documents\Tsunami\frdmk66f_demo_apps_sai\CMSIS" -I"C:\Users\ericksong\Documents\Tsunami\frdmk66f_demo_apps_sai\sdmmc\inc" -I"C:\Users\ericksong\Documents\Tsunami\frdmk66f_demo_apps_sai\fatfs\fatfs_include" -I"C:\Users\ericksong\Documents\Tsunami\frdmk66f_demo_apps_sai\startup" -I"C:\Users\ericksong\Documents\Tsunami\frdmk66f_demo_apps_sai\utilities" -I"C:\Users\ericksong\Documents\Tsunami\frdmk66f_demo_apps_sai\codec" -I"C:\Users\ericksong\Documents\Tsunami\frdmk66f_demo_apps_sai\sdmmc\port" -O1 -fno-common -g -Wall -c -fmessage-length=0 -fno-builtin -ffunction-sections -fdata-sections -mcpu=cortex-m4 -mfpu=fpv4-sp-d16 -mfloat-abi=hard -mthumb -D__REDLIB__ -specs=redlib.specs -MMD -MP -MF"fatfs/fatfs_source/ff.d" -MT"fatfs/fatfs_source/ff.o" -MT"fatfs/fatfs_source/ff.d" -o "fatfs/fatfs_source/ff.o" "../fatfs/fatfs_source/ff.c"
 
Building file: ../fatfs/fatfs_source/fsl_sd_disk.c
Invoking: MCU C Compiler
Finished building: ../source/sai.c
arm-none-eabi-gcc -D__REDLIB__ -DFRDM_K66F -DARM_MATH_CM4 -DFREEDOM -DPRINTF_FLOAT_ENABLE=1 -DSDK_DEBUGCONSOLE=0 -D__MCUXPRESSO -D__USE_CMSIS -DDEBUG -DCPU_MK66FN2M0VMD18 -DCPU_MK66FN2M0VMD18_cm4 -I"C:\Users\ericksong\Documents\Tsunami\frdmk66f_demo_apps_sai\board" -I"C:\Users\ericksong\Documents\Tsunami\frdmk66f_demo_apps_sai\source" -I"C:\Users\ericksong\Documents\Tsunami\frdmk66f_demo_apps_sai" -I"C:\Users\ericksong\Documents\Tsunami\frdmk66f_demo_apps_sai\drivers" -I"C:\Users\ericksong\Documents\Tsunami\frdmk66f_demo_apps_sai\CMSIS" -I"C:\Users\ericksong\Documents\Tsunami\frdmk66f_demo_apps_sai\sdmmc\inc" -I"C:\Users\ericksong\Documents\Tsunami\frdmk66f_demo_apps_sai\fatfs\fatfs_include" -I"C:\Users\ericksong\Documents\Tsunami\frdmk66f_demo_apps_sai\startup" -I"C:\Users\ericksong\Documents\Tsunami\frdmk66f_demo_apps_sai\utilities" -I"C:\Users\ericksong\Documents\Tsunami\frdmk66f_demo_apps_sai\codec" -I"C:\Users\ericksong\Documents\Tsunami\frdmk66f_demo_apps_sai\sdmmc\port" -O1 -fno-common -g -Wall -c -fmessage-length=0 -fno-builtin -ffunction-sections -fdata-sections -mcpu=cortex-m4 -mfpu=fpv4-sp-d16 -mfloat-abi=hard -mthumb -D__REDLIB__ -specs=redlib.specs -MMD -MP -MF"fatfs/fatfs_source/fsl_sd_disk.d" -MT"fatfs/fatfs_source/fsl_sd_disk.o" -MT"fatfs/fatfs_source/fsl_sd_disk.d" -o "fatfs/fatfs_source/fsl_sd_disk.o" "../fatfs/fatfs_source/fsl_sd_disk.c"
 
Building file: ../drivers/fsl_clock.c
Invoking: MCU C Compiler
arm-none-eabi-gcc -D__REDLIB__ -DFRDM_K66F -DARM_MATH_CM4 -DFREEDOM -DPRINTF_FLOAT_ENABLE=1 -DSDK_DEBUGCONSOLE=0 -D__MCUXPRESSO -D__USE_CMSIS -DDEBUG -DCPU_MK66FN2M0VMD18 -DCPU_MK66FN2M0VMD18_cm4 -I"C:\Users\ericksong\Documents\Tsunami\frdmk66f_demo_apps_sai\board" -I"C:\Users\ericksong\Documents\Tsunami\frdmk66f_demo_apps_sai\source" -I"C:\Users\ericksong\Documents\Tsunami\frdmk66f_demo_apps_sai" -I"C:\Users\ericksong\Documents\Tsunami\frdmk66f_demo_apps_sai\drivers" -I"C:\Users\ericksong\Documents\Tsunami\frdmk66f_demo_apps_sai\CMSIS" -I"C:\Users\ericksong\Documents\Tsunami\frdmk66f_demo_apps_sai\sdmmc\inc" -I"C:\Users\ericksong\Documents\Tsunami\frdmk66f_demo_apps_sai\fatfs\fatfs_include" -I"C:\Users\ericksong\Documents\Tsunami\frdmk66f_demo_apps_sai\startup" -I"C:\Users\ericksong\Documents\Tsunami\frdmk66f_demo_apps_sai\utilities" -I"C:\Users\ericksong\Documents\Tsunami\frdmk66f_demo_apps_sai\codec" -I"C:\Users\ericksong\Documents\Tsunami\frdmk66f_demo_apps_sai\sdmmc\port" -O1 -fno-common -g -Wall -c -fmessage-length=0 -fno-builtin -ffunction-sections -fdata-sections -mcpu=cortex-m4 -mfpu=fpv4-sp-d16 -mfloat-abi=hard -mthumb -D__REDLIB__ -specs=redlib.specs -MMD -MP -MF"drivers/fsl_clock.d" -MT"drivers/fsl_clock.o" -MT"drivers/fsl_clock.d" -o "drivers/fsl_clock.o" "../drivers/fsl_clock.c"
Finished building: ../sdmmc/port/fsl_sdmmc_event.c
Finished building: ../sdmmc/src/fsl_sdmmc_common.c
Finished building: ../fatfs/fatfs_source/diskio.c
 
 
 
make: stat: drivers/fsl_dmamux.o: Bad file number
Finished building: ../sdmmc/port/fsl_sdmmc_host.c
Building file: ../drivers/fsl_common.c
Building file: C:/Users/ericksong/Downloads/SDK_2.3.0_FRDM-K66F/devices/MK66F18/drivers/fsl_dac.c
Building file: ../drivers/fsl_dmamux.c
 
Invoking: MCU C Compiler
Invoking: MCU C Compiler
Invoking: MCU C Compiler
arm-none-eabi-gcc -D__REDLIB__ -DFRDM_K66F -DARM_MATH_CM4 -DFREEDOM -DPRINTF_FLOAT_ENABLE=1 -DSDK_DEBUGCONSOLE=0 -D__MCUXPRESSO -D__USE_CMSIS -DDEBUG -DCPU_MK66FN2M0VMD18 -DCPU_MK66FN2M0VMD18_cm4 -I"C:\Users\ericksong\Documents\Tsunami\frdmk66f_demo_apps_sai\board" -I"C:\Users\ericksong\Documents\Tsunami\frdmk66f_demo_apps_sai\source" -I"C:\Users\ericksong\Documents\Tsunami\frdmk66f_demo_apps_sai" -I"C:\Users\ericksong\Documents\Tsunami\frdmk66f_demo_apps_sai\drivers" -I"C:\Users\ericksong\Documents\Tsunami\frdmk66f_demo_apps_sai\CMSIS" -I"C:\Users\ericksong\Documents\Tsunami\frdmk66f_demo_apps_sai\sdmmc\inc" -I"C:\Users\ericksong\Documents\Tsunami\frdmk66f_demo_apps_sai\fatfs\fatfs_include" -I"C:\Users\ericksong\Documents\Tsunami\frdmk66f_demo_apps_sai\startup" -I"C:\Users\ericksong\Documents\Tsunami\frdmk66f_demo_apps_sai\utilities" -I"C:\Users\ericksong\Documents\Tsunami\frdmk66f_demo_apps_sai\codec" -I"C:\Users\ericksong\Documents\Tsunami\frdmk66f_demo_apps_sai\sdmmc\port" -O1 -fno-common -g -Wall -c -fmessage-length=0 -fno-builtin -ffunction-sections -fdata-sections -mcpu=cortex-m4 -mfpu=fpv4-sp-d16 -mfloat-abi=hard -mthumb -D__REDLIB__ -specs=redlib.specs -MMD -MP -MF"drivers/fsl_common.d" -MT"drivers/fsl_common.o" -MT"drivers/fsl_common.d" -o "drivers/fsl_common.o" "../drivers/fsl_common.c"
arm-none-eabi-gcc -D__REDLIB__ -DFRDM_K66F -DARM_MATH_CM4 -DFREEDOM -DPRINTF_FLOAT_ENABLE=1 -DSDK_DEBUGCONSOLE=0 -D__MCUXPRESSO -D__USE_CMSIS -DDEBUG -DCPU_MK66FN2M0VMD18 -DCPU_MK66FN2M0VMD18_cm4 -I"C:\Users\ericksong\Documents\Tsunami\frdmk66f_demo_apps_sai\board" -I"C:\Users\ericksong\Documents\Tsunami\frdmk66f_demo_apps_sai\source" -I"C:\Users\ericksong\Documents\Tsunami\frdmk66f_demo_apps_sai" -I"C:\Users\ericksong\Documents\Tsunami\frdmk66f_demo_apps_sai\drivers" -I"C:\Users\ericksong\Documents\Tsunami\frdmk66f_demo_apps_sai\CMSIS" -I"C:\Users\ericksong\Documents\Tsunami\frdmk66f_demo_apps_sai\sdmmc\inc" -I"C:\Users\ericksong\Documents\Tsunami\frdmk66f_demo_apps_sai\fatfs\fatfs_include" -I"C:\Users\ericksong\Documents\Tsunami\frdmk66f_demo_apps_sai\startup" -I"C:\Users\ericksong\Documents\Tsunami\frdmk66f_demo_apps_sai\utilities" -I"C:\Users\ericksong\Documents\Tsunami\frdmk66f_demo_apps_sai\codec" -I"C:\Users\ericksong\Documents\Tsunami\frdmk66f_demo_apps_sai\sdmmc\port" -O1 -fno-common -g -Wall -c -fmessage-length=0 -fno-builtin -ffunction-sections -fdata-sections -mcpu=cortex-m4 -mfpu=fpv4-sp-d16 -mfloat-abi=hard -mthumb -D__REDLIB__ -specs=redlib.specs -MMD -MP -MF"drivers/fsl_dac.d" -MT"drivers/fsl_dac.o" -MT"drivers/fsl_dac.d" -o "drivers/fsl_dac.o" "C:/Users/ericksong/Downloads/SDK_2.3.0_FRDM-K66F/devices/MK66F18/drivers/fsl_dac.c"
arm-none-eabi-gcc -D__REDLIB__ -DFRDM_K66F -DARM_MATH_CM4 -DFREEDOM -DPRINTF_FLOAT_ENABLE=1 -DSDK_DEBUGCONSOLE=0 -D__MCUXPRESSO -D__USE_CMSIS -DDEBUG -DCPU_MK66FN2M0VMD18 -DCPU_MK66FN2M0VMD18_cm4 -I"C:\Users\ericksong\Documents\Tsunami\frdmk66f_demo_apps_sai\board" -I"C:\Users\ericksong\Documents\Tsunami\frdmk66f_demo_apps_sai\source" -I"C:\Users\ericksong\Documents\Tsunami\frdmk66f_demo_apps_sai" -I"C:\Users\ericksong\Documents\Tsunami\frdmk66f_demo_apps_sai\drivers" -I"C:\Users\ericksong\Documents\Tsunami\frdmk66f_demo_apps_sai\CMSIS" -I"C:\Users\ericksong\Documents\Tsunami\frdmk66f_demo_apps_sai\sdmmc\inc" -I"C:\Users\ericksong\Documents\Tsunami\frdmk66f_demo_apps_sai\fatfs\fatfs_include" -I"C:\Users\ericksong\Documents\Tsunami\frdmk66f_demo_apps_sai\startup" -I"C:\Users\ericksong\Documents\Tsunami\frdmk66f_demo_apps_sai\utilities" -I"C:\Users\ericksong\Documents\Tsunami\frdmk66f_demo_apps_sai\codec" -I"C:\Users\ericksong\Documents\Tsunami\frdmk66f_demo_apps_sai\sdmmc\port" -O1 -fno-common -g -Wall -c -fmessage-length=0 -fno-builtin -ffunction-sections -fdata-sections -mcpu=cortex-m4 -mfpu=fpv4-sp-d16 -mfloat-abi=hard -mthumb -D__REDLIB__ -specs=redlib.specs -MMD -MP -MF"drivers/fsl_dmamux.d" -MT"drivers/fsl_dmamux.o" -MT"drivers/fsl_dmamux.d" -o "drivers/fsl_dmamux.o" "../drivers/fsl_dmamux.c"
Building file: ../drivers/fsl_dspi.c
Invoking: MCU C Compiler
arm-none-eabi-gcc -D__REDLIB__ -DFRDM_K66F -DARM_MATH_CM4 -DFREEDOM -DPRINTF_FLOAT_ENABLE=1 -DSDK_DEBUGCONSOLE=0 -D__MCUXPRESSO -D__USE_CMSIS -DDEBUG -DCPU_MK66FN2M0VMD18 -DCPU_MK66FN2M0VMD18_cm4 -I"C:\Users\ericksong\Documents\Tsunami\frdmk66f_demo_apps_sai\board" -I"C:\Users\ericksong\Documents\Tsunami\frdmk66f_demo_apps_sai\source" -I"C:\Users\ericksong\Documents\Tsunami\frdmk66f_demo_apps_sai" -I"C:\Users\ericksong\Documents\Tsunami\frdmk66f_demo_apps_sai\drivers" -I"C:\Users\ericksong\Documents\Tsunami\frdmk66f_demo_apps_sai\CMSIS" -I"C:\Users\ericksong\Documents\Tsunami\frdmk66f_demo_apps_sai\sdmmc\inc" -I"C:\Users\ericksong\Documents\Tsunami\frdmk66f_demo_apps_sai\fatfs\fatfs_include" -I"C:\Users\ericksong\Documents\Tsunami\frdmk66f_demo_apps_sai\startup" -I"C:\Users\ericksong\Documents\Tsunami\frdmk66f_demo_apps_sai\utilities" -I"C:\Users\ericksong\Documents\Tsunami\frdmk66f_demo_apps_sai\codec" -I"C:\Users\ericksong\Documents\Tsunami\frdmk66f_demo_apps_sai\sdmmc\port" -O1 -fno-common -g -Wall -c -fmessage-length=0 -fno-builtin -ffunction-sections -fdata-sections -mcpu=cortex-m4 -mfpu=fpv4-sp-d16 -mfloat-abi=hard -mthumb -D__REDLIB__ -specs=redlib.specs -MMD -MP -MF"drivers/fsl_dspi.d" -MT"drivers/fsl_dspi.o" -MT"drivers/fsl_dspi.d" -o "drivers/fsl_dspi.o" "../drivers/fsl_dspi.c"
Finished building: ../fatfs/fatfs_source/fsl_sd_disk.c
 
Finished building: ../sdmmc/src/fsl_sd.c
Building file: ../drivers/fsl_edma.c
 
Invoking: MCU C Compiler
arm-none-eabi-gcc -D__REDLIB__ -DFRDM_K66F -DARM_MATH_CM4 -DFREEDOM -DPRINTF_FLOAT_ENABLE=1 -DSDK_DEBUGCONSOLE=0 -D__MCUXPRESSO -D__USE_CMSIS -DDEBUG -DCPU_MK66FN2M0VMD18 -DCPU_MK66FN2M0VMD18_cm4 -I"C:\Users\ericksong\Documents\Tsunami\frdmk66f_demo_apps_sai\board" -I"C:\Users\ericksong\Documents\Tsunami\frdmk66f_demo_apps_sai\source" -I"C:\Users\ericksong\Documents\Tsunami\frdmk66f_demo_apps_sai" -I"C:\Users\ericksong\Documents\Tsunami\frdmk66f_demo_apps_sai\drivers" -I"C:\Users\ericksong\Documents\Tsunami\frdmk66f_demo_apps_sai\CMSIS" -I"C:\Users\ericksong\Documents\Tsunami\frdmk66f_demo_apps_sai\sdmmc\inc" -I"C:\Users\ericksong\Documents\Tsunami\frdmk66f_demo_apps_sai\fatfs\fatfs_include" -I"C:\Users\ericksong\Documents\Tsunami\frdmk66f_demo_apps_sai\startup" -I"C:\Users\ericksong\Documents\Tsunami\frdmk66f_demo_apps_sai\utilities" -I"C:\Users\ericksong\Documents\Tsunami\frdmk66f_demo_apps_sai\codec" -I"C:\Users\ericksong\Documents\Tsunami\frdmk66f_demo_apps_sai\sdmmc\port" -O1 -fno-common -g -Wall -c -fmessage-length=0 -fno-builtin -ffunction-sections -fdata-sections -mcpu=cortex-m4 -mfpu=fpv4-sp-d16 -mfloat-abi=hard -mthumb -D__REDLIB__ -specs=redlib.specs -MMD -MP -MF"drivers/fsl_edma.d" -MT"drivers/fsl_edma.o" -MT"drivers/fsl_edma.d" -o "drivers/fsl_edma.o" "../drivers/fsl_edma.c"
Building file: ../drivers/fsl_flash.c
Invoking: MCU C Compiler
arm-none-eabi-gcc -D__REDLIB__ -DFRDM_K66F -DARM_MATH_CM4 -DFREEDOM -DPRINTF_FLOAT_ENABLE=1 -DSDK_DEBUGCONSOLE=0 -D__MCUXPRESSO -D__USE_CMSIS -DDEBUG -DCPU_MK66FN2M0VMD18 -DCPU_MK66FN2M0VMD18_cm4 -I"C:\Users\ericksong\Documents\Tsunami\frdmk66f_demo_apps_sai\board" -I"C:\Users\ericksong\Documents\Tsunami\frdmk66f_demo_apps_sai\source" -I"C:\Users\ericksong\Documents\Tsunami\frdmk66f_demo_apps_sai" -I"C:\Users\ericksong\Documents\Tsunami\frdmk66f_demo_apps_sai\drivers" -I"C:\Users\ericksong\Documents\Tsunami\frdmk66f_demo_apps_sai\CMSIS" -I"C:\Users\ericksong\Documents\Tsunami\frdmk66f_demo_apps_sai\sdmmc\inc" -I"C:\Users\ericksong\Documents\Tsunami\frdmk66f_demo_apps_sai\fatfs\fatfs_include" -I"C:\Users\ericksong\Documents\Tsunami\frdmk66f_demo_apps_sai\startup" -I"C:\Users\ericksong\Documents\Tsunami\frdmk66f_demo_apps_sai\utilities" -I"C:\Users\ericksong\Documents\Tsunami\frdmk66f_demo_apps_sai\codec" -I"C:\Users\ericksong\Documents\Tsunami\frdmk66f_demo_apps_sai\sdmmc\port" -O1 -fno-common -g -Wall -c -fmessage-length=0 -fno-builtin -ffunction-sections -fdata-sections -mcpu=cortex-m4 -mfpu=fpv4-sp-d16 -mfloat-abi=hard -mthumb -D__REDLIB__ -specs=redlib.specs -MMD -MP -MF"drivers/fsl_flash.d" -MT"drivers/fsl_flash.o" -MT"drivers/fsl_flash.d" -o "drivers/fsl_flash.o" "../drivers/fsl_flash.c"
Finished building: ../drivers/fsl_common.c
Finished building: ../drivers/fsl_dmamux.c
 
Finished building: C:/Users/ericksong/Downloads/SDK_2.3.0_FRDM-K66F/devices/MK66F18/drivers/fsl_dac.c
 
Building file: C:/Users/ericksong/Downloads/SDK_2.3.0_FRDM-K66F/devices/MK66F18/drivers/fsl_ftm.c
 
Invoking: MCU C Compiler
arm-none-eabi-gcc -D__REDLIB__ -DFRDM_K66F -DARM_MATH_CM4 -DFREEDOM -DPRINTF_FLOAT_ENABLE=1 -DSDK_DEBUGCONSOLE=0 -D__MCUXPRESSO -D__USE_CMSIS -DDEBUG -DCPU_MK66FN2M0VMD18 -DCPU_MK66FN2M0VMD18_cm4 -I"C:\Users\ericksong\Documents\Tsunami\frdmk66f_demo_apps_sai\board" -I"C:\Users\ericksong\Documents\Tsunami\frdmk66f_demo_apps_sai\source" -I"C:\Users\ericksong\Documents\Tsunami\frdmk66f_demo_apps_sai" -I"C:\Users\ericksong\Documents\Tsunami\frdmk66f_demo_apps_sai\drivers" -I"C:\Users\ericksong\Documents\Tsunami\frdmk66f_demo_apps_sai\CMSIS" -I"C:\Users\ericksong\Documents\Tsunami\frdmk66f_demo_apps_sai\sdmmc\inc" -I"C:\Users\ericksong\Documents\Tsunami\frdmk66f_demo_apps_sai\fatfs\fatfs_include" -I"C:\Users\ericksong\Documents\Tsunami\frdmk66f_demo_apps_sai\startup" -I"C:\Users\ericksong\Documents\Tsunami\frdmk66f_demo_apps_sai\utilities" -I"C:\Users\ericksong\Documents\Tsunami\frdmk66f_demo_apps_sai\codec" -I"C:\Users\ericksong\Documents\Tsunami\frdmk66f_demo_apps_sai\sdmmc\port" -O1 -fno-common -g -Wall -c -fmessage-length=0 -fno-builtin -ffunction-sections -fdata-sections -mcpu=cortex-m4 -mfpu=fpv4-sp-d16 -mfloat-abi=hard -mthumb -D__REDLIB__ -specs=redlib.specs -MMD -MP -MF"drivers/fsl_ftm.d" -MT"drivers/fsl_ftm.o" -MT"drivers/fsl_ftm.d" -o "drivers/fsl_ftm.o" "C:/Users/ericksong/Downloads/SDK_2.3.0_FRDM-K66F/devices/MK66F18/drivers/fsl_ftm.c"
Building file: ../drivers/fsl_gpio.c
Building file: ../drivers/fsl_i2c.c
Invoking: MCU C Compiler
arm-none-eabi-gcc -D__REDLIB__ -DFRDM_K66F -DARM_MATH_CM4 -DFREEDOM -DPRINTF_FLOAT_ENABLE=1 -DSDK_DEBUGCONSOLE=0 -D__MCUXPRESSO -D__USE_CMSIS -DDEBUG -DCPU_MK66FN2M0VMD18 -DCPU_MK66FN2M0VMD18_cm4 -I"C:\Users\ericksong\Documents\Tsunami\frdmk66f_demo_apps_sai\board" -I"C:\Users\ericksong\Documents\Tsunami\frdmk66f_demo_apps_sai\source" -I"C:\Users\ericksong\Documents\Tsunami\frdmk66f_demo_apps_sai" -I"C:\Users\ericksong\Documents\Tsunami\frdmk66f_demo_apps_sai\drivers" -I"C:\Users\ericksong\Documents\Tsunami\frdmk66f_demo_apps_sai\CMSIS" -I"C:\Users\ericksong\Documents\Tsunami\frdmk66f_demo_apps_sai\sdmmc\inc" -I"C:\Users\ericksong\Documents\Tsunami\frdmk66f_demo_apps_sai\fatfs\fatfs_include" -I"C:\Users\ericksong\Documents\Tsunami\frdmk66f_demo_apps_sai\startup" -I"C:\Users\ericksong\Documents\Tsunami\frdmk66f_demo_apps_sai\utilities" -I"C:\Users\ericksong\Documents\Tsunami\frdmk66f_demo_apps_sai\codec" -I"C:\Users\ericksong\Documents\Tsunami\frdmk66f_demo_apps_sai\sdmmc\port" -O1 -fno-common -g -Wall -c -fmessage-length=0 -fno-builtin -ffunction-sections -fdata-sections -mcpu=cortex-m4 -mfpu=fpv4-sp-d16 -mfloat-abi=hard -mthumb -D__REDLIB__ -specs=redlib.specs -MMD -MP -MF"drivers/fsl_gpio.d" -MT"drivers/fsl_gpio.o" -MT"drivers/fsl_gpio.d" -o "drivers/fsl_gpio.o" "../drivers/fsl_gpio.c"
Invoking: MCU C Compiler
arm-none-eabi-gcc -D__REDLIB__ -DFRDM_K66F -DARM_MATH_CM4 -DFREEDOM -DPRINTF_FLOAT_ENABLE=1 -DSDK_DEBUGCONSOLE=0 -D__MCUXPRESSO -D__USE_CMSIS -DDEBUG -DCPU_MK66FN2M0VMD18 -DCPU_MK66FN2M0VMD18_cm4 -I"C:\Users\ericksong\Documents\Tsunami\frdmk66f_demo_apps_sai\board" -I"C:\Users\ericksong\Documents\Tsunami\frdmk66f_demo_apps_sai\source" -I"C:\Users\ericksong\Documents\Tsunami\frdmk66f_demo_apps_sai" -I"C:\Users\ericksong\Documents\Tsunami\frdmk66f_demo_apps_sai\drivers" -I"C:\Users\ericksong\Documents\Tsunami\frdmk66f_demo_apps_sai\CMSIS" -I"C:\Users\ericksong\Documents\Tsunami\frdmk66f_demo_apps_sai\sdmmc\inc" -I"C:\Users\ericksong\Documents\Tsunami\frdmk66f_demo_apps_sai\fatfs\fatfs_include" -I"C:\Users\ericksong\Documents\Tsunami\frdmk66f_demo_apps_sai\startup" -I"C:\Users\ericksong\Documents\Tsunami\frdmk66f_demo_apps_sai\utilities" -I"C:\Users\ericksong\Documents\Tsunami\frdmk66f_demo_apps_sai\codec" -I"C:\Users\ericksong\Documents\Tsunami\frdmk66f_demo_apps_sai\sdmmc\port" -O1 -fno-common -g -Wall -c -fmessage-length=0 -fno-builtin -ffunction-sections -fdata-sections -mcpu=cortex-m4 -mfpu=fpv4-sp-d16 -mfloat-abi=hard -mthumb -D__REDLIB__ -specs=redlib.specs -MMD -MP -MF"drivers/fsl_i2c.d" -MT"drivers/fsl_i2c.o" -MT"drivers/fsl_i2c.d" -o "drivers/fsl_i2c.o" "../drivers/fsl_i2c.c"
Finished building: ../drivers/fsl_clock.c
 
Building file: ../drivers/fsl_lpuart.c
Invoking: MCU C Compiler
arm-none-eabi-gcc -D__REDLIB__ -DFRDM_K66F -DARM_MATH_CM4 -DFREEDOM -DPRINTF_FLOAT_ENABLE=1 -DSDK_DEBUGCONSOLE=0 -D__MCUXPRESSO -D__USE_CMSIS -DDEBUG -DCPU_MK66FN2M0VMD18 -DCPU_MK66FN2M0VMD18_cm4 -I"C:\Users\ericksong\Documents\Tsunami\frdmk66f_demo_apps_sai\board" -I"C:\Users\ericksong\Documents\Tsunami\frdmk66f_demo_apps_sai\source" -I"C:\Users\ericksong\Documents\Tsunami\frdmk66f_demo_apps_sai" -I"C:\Users\ericksong\Documents\Tsunami\frdmk66f_demo_apps_sai\drivers" -I"C:\Users\ericksong\Documents\Tsunami\frdmk66f_demo_apps_sai\CMSIS" -I"C:\Users\ericksong\Documents\Tsunami\frdmk66f_demo_apps_sai\sdmmc\inc" -I"C:\Users\ericksong\Documents\Tsunami\frdmk66f_demo_apps_sai\fatfs\fatfs_include" -I"C:\Users\ericksong\Documents\Tsunami\frdmk66f_demo_apps_sai\startup" -I"C:\Users\ericksong\Documents\Tsunami\frdmk66f_demo_apps_sai\utilities" -I"C:\Users\ericksong\Documents\Tsunami\frdmk66f_demo_apps_sai\codec" -I"C:\Users\ericksong\Documents\Tsunami\frdmk66f_demo_apps_sai\sdmmc\port" -O1 -fno-common -g -Wall -c -fmessage-length=0 -fno-builtin -ffunction-sections -fdata-sections -mcpu=cortex-m4 -mfpu=fpv4-sp-d16 -mfloat-abi=hard -mthumb -D__REDLIB__ -specs=redlib.specs -MMD -MP -MF"drivers/fsl_lpuart.d" -MT"drivers/fsl_lpuart.o" -MT"drivers/fsl_lpuart.d" -o "drivers/fsl_lpuart.o" "../drivers/fsl_lpuart.c"
Finished building: ../drivers/fsl_gpio.c
Finished building: ../fatfs/fatfs_source/ff.c
Finished building: ../drivers/fsl_dspi.c
 
 
 
Building file: ../drivers/fsl_sai.c
Building file: ../drivers/fsl_sai_edma.c
Invoking: MCU C Compiler
Building file: ../drivers/fsl_sdhc.c
arm-none-eabi-gcc -D__REDLIB__ -DFRDM_K66F -DARM_MATH_CM4 -DFREEDOM -DPRINTF_FLOAT_ENABLE=1 -DSDK_DEBUGCONSOLE=0 -D__MCUXPRESSO -D__USE_CMSIS -DDEBUG -DCPU_MK66FN2M0VMD18 -DCPU_MK66FN2M0VMD18_cm4 -I"C:\Users\ericksong\Documents\Tsunami\frdmk66f_demo_apps_sai\board" -I"C:\Users\ericksong\Documents\Tsunami\frdmk66f_demo_apps_sai\source" -I"C:\Users\ericksong\Documents\Tsunami\frdmk66f_demo_apps_sai" -I"C:\Users\ericksong\Documents\Tsunami\frdmk66f_demo_apps_sai\drivers" -I"C:\Users\ericksong\Documents\Tsunami\frdmk66f_demo_apps_sai\CMSIS" -I"C:\Users\ericksong\Documents\Tsunami\frdmk66f_demo_apps_sai\sdmmc\inc" -I"C:\Users\ericksong\Documents\Tsunami\frdmk66f_demo_apps_sai\fatfs\fatfs_include" -I"C:\Users\ericksong\Documents\Tsunami\frdmk66f_demo_apps_sai\startup" -I"C:\Users\ericksong\Documents\Tsunami\frdmk66f_demo_apps_sai\utilities" -I"C:\Users\ericksong\Documents\Tsunami\frdmk66f_demo_apps_sai\codec" -I"C:\Users\ericksong\Documents\Tsunami\frdmk66f_demo_apps_sai\sdmmc\port" -O1 -fno-common -g -Wall -c -fmessage-length=0 -fno-builtin -ffunction-sections -fdata-sections -mcpu=cortex-m4 -mfpu=fpv4-sp-d16 -mfloat-abi=hard -mthumb -D__REDLIB__ -specs=redlib.specs -MMD -MP -MF"drivers/fsl_sai.d" -MT"drivers/fsl_sai.o" -MT"drivers/fsl_sai.d" -o "drivers/fsl_sai.o" "../drivers/fsl_sai.c"
Invoking: MCU C Compiler
Finished building: ../drivers/fsl_flash.c
arm-none-eabi-gcc -D__REDLIB__ -DFRDM_K66F -DARM_MATH_CM4 -DFREEDOM -DPRINTF_FLOAT_ENABLE=1 -DSDK_DEBUGCONSOLE=0 -D__MCUXPRESSO -D__USE_CMSIS -DDEBUG -DCPU_MK66FN2M0VMD18 -DCPU_MK66FN2M0VMD18_cm4 -I"C:\Users\ericksong\Documents\Tsunami\frdmk66f_demo_apps_sai\board" -I"C:\Users\ericksong\Documents\Tsunami\frdmk66f_demo_apps_sai\source" -I"C:\Users\ericksong\Documents\Tsunami\frdmk66f_demo_apps_sai" -I"C:\Users\ericksong\Documents\Tsunami\frdmk66f_demo_apps_sai\drivers" -I"C:\Users\ericksong\Documents\Tsunami\frdmk66f_demo_apps_sai\CMSIS" -I"C:\Users\ericksong\Documents\Tsunami\frdmk66f_demo_apps_sai\sdmmc\inc" -I"C:\Users\ericksong\Documents\Tsunami\frdmk66f_demo_apps_sai\fatfs\fatfs_include" -I"C:\Users\ericksong\Documents\Tsunami\frdmk66f_demo_apps_sai\startup" -I"C:\Users\ericksong\Documents\Tsunami\frdmk66f_demo_apps_sai\utilities" -I"C:\Users\ericksong\Documents\Tsunami\frdmk66f_demo_apps_sai\codec" -I"C:\Users\ericksong\Documents\Tsunami\frdmk66f_demo_apps_sai\sdmmc\port" -O1 -fno-common -g -Wall -c -fmessage-length=0 -fno-builtin -ffunction-sections -fdata-sections -mcpu=cortex-m4 -mfpu=fpv4-sp-d16 -mfloat-abi=hard -mthumb -D__REDLIB__ -specs=redlib.specs -MMD -MP -MF"drivers/fsl_sai_edma.d" -MT"drivers/fsl_sai_edma.o" -MT"drivers/fsl_sai_edma.d" -o "drivers/fsl_sai_edma.o" "../drivers/fsl_sai_edma.c"
Finished building: C:/Users/ericksong/Downloads/SDK_2.3.0_FRDM-K66F/devices/MK66F18/drivers/fsl_ftm.c
Invoking: MCU C Compiler
arm-none-eabi-gcc -D__REDLIB__ -DFRDM_K66F -DARM_MATH_CM4 -DFREEDOM -DPRINTF_FLOAT_ENABLE=1 -DSDK_DEBUGCONSOLE=0 -D__MCUXPRESSO -D__USE_CMSIS -DDEBUG -DCPU_MK66FN2M0VMD18 -DCPU_MK66FN2M0VMD18_cm4 -I"C:\Users\ericksong\Documents\Tsunami\frdmk66f_demo_apps_sai\board" -I"C:\Users\ericksong\Documents\Tsunami\frdmk66f_demo_apps_sai\source" -I"C:\Users\ericksong\Documents\Tsunami\frdmk66f_demo_apps_sai" -I"C:\Users\ericksong\Documents\Tsunami\frdmk66f_demo_apps_sai\drivers" -I"C:\Users\ericksong\Documents\Tsunami\frdmk66f_demo_apps_sai\CMSIS" -I"C:\Users\ericksong\Documents\Tsunami\frdmk66f_demo_apps_sai\sdmmc\inc" -I"C:\Users\ericksong\Documents\Tsunami\frdmk66f_demo_apps_sai\fatfs\fatfs_include" -I"C:\Users\ericksong\Documents\Tsunami\frdmk66f_demo_apps_sai\startup" -I"C:\Users\ericksong\Documents\Tsunami\frdmk66f_demo_apps_sai\utilities" -I"C:\Users\ericksong\Documents\Tsunami\frdmk66f_demo_apps_sai\codec" -I"C:\Users\ericksong\Documents\Tsunami\frdmk66f_demo_apps_sai\sdmmc\port" -O1 -fno-common -g -Wall -c -fmessage-length=0 -fno-builtin -ffunction-sections -fdata-sections -mcpu=cortex-m4 -mfpu=fpv4-sp-d16 -mfloat-abi=hard -mthumb -D__REDLIB__ -specs=redlib.specs -MMD -MP -MF"drivers/fsl_sdhc.d" -MT"drivers/fsl_sdhc.o" -MT"drivers/fsl_sdhc.d" -o "drivers/fsl_sdhc.o" "../drivers/fsl_sdhc.c"
 
 
Building file: ../drivers/fsl_smc.c
Building file: ../drivers/fsl_sysmpu.c
Finished building: ../drivers/fsl_edma.c
Invoking: MCU C Compiler
arm-none-eabi-gcc -D__REDLIB__ -DFRDM_K66F -DARM_MATH_CM4 -DFREEDOM -DPRINTF_FLOAT_ENABLE=1 -DSDK_DEBUGCONSOLE=0 -D__MCUXPRESSO -D__USE_CMSIS -DDEBUG -DCPU_MK66FN2M0VMD18 -DCPU_MK66FN2M0VMD18_cm4 -I"C:\Users\ericksong\Documents\Tsunami\frdmk66f_demo_apps_sai\board" -I"C:\Users\ericksong\Documents\Tsunami\frdmk66f_demo_apps_sai\source" -I"C:\Users\ericksong\Documents\Tsunami\frdmk66f_demo_apps_sai" -I"C:\Users\ericksong\Documents\Tsunami\frdmk66f_demo_apps_sai\drivers" -I"C:\Users\ericksong\Documents\Tsunami\frdmk66f_demo_apps_sai\CMSIS" -I"C:\Users\ericksong\Documents\Tsunami\frdmk66f_demo_apps_sai\sdmmc\inc" -I"C:\Users\ericksong\Documents\Tsunami\frdmk66f_demo_apps_sai\fatfs\fatfs_include" -I"C:\Users\ericksong\Documents\Tsunami\frdmk66f_demo_apps_sai\startup" -I"C:\Users\ericksong\Documents\Tsunami\frdmk66f_demo_apps_sai\utilities" -I"C:\Users\ericksong\Documents\Tsunami\frdmk66f_demo_apps_sai\codec" -I"C:\Users\ericksong\Documents\Tsunami\frdmk66f_demo_apps_sai\sdmmc\port" -O1 -fno-common -g -Wall -c -fmessage-length=0 -fno-builtin -ffunction-sections -fdata-sections -mcpu=cortex-m4 -mfpu=fpv4-sp-d16 -mfloat-abi=hard -mthumb -D__REDLIB__ -specs=redlib.specs -MMD -MP -MF"drivers/fsl_smc.d" -MT"drivers/fsl_smc.o" -MT"drivers/fsl_smc.d" -o "drivers/fsl_smc.o" "../drivers/fsl_smc.c"
Invoking: MCU C Compiler
arm-none-eabi-gcc -D__REDLIB__ -DFRDM_K66F -DARM_MATH_CM4 -DFREEDOM -DPRINTF_FLOAT_ENABLE=1 -DSDK_DEBUGCONSOLE=0 -D__MCUXPRESSO -D__USE_CMSIS -DDEBUG -DCPU_MK66FN2M0VMD18 -DCPU_MK66FN2M0VMD18_cm4 -I"C:\Users\ericksong\Documents\Tsunami\frdmk66f_demo_apps_sai\board" -I"C:\Users\ericksong\Documents\Tsunami\frdmk66f_demo_apps_sai\source" -I"C:\Users\ericksong\Documents\Tsunami\frdmk66f_demo_apps_sai" -I"C:\Users\ericksong\Documents\Tsunami\frdmk66f_demo_apps_sai\drivers" -I"C:\Users\ericksong\Documents\Tsunami\frdmk66f_demo_apps_sai\CMSIS" -I"C:\Users\ericksong\Documents\Tsunami\frdmk66f_demo_apps_sai\sdmmc\inc" -I"C:\Users\ericksong\Documents\Tsunami\frdmk66f_demo_apps_sai\fatfs\fatfs_include" -I"C:\Users\ericksong\Documents\Tsunami\frdmk66f_demo_apps_sai\startup" -I"C:\Users\ericksong\Documents\Tsunami\frdmk66f_demo_apps_sai\utilities" -I"C:\Users\ericksong\Documents\Tsunami\frdmk66f_demo_apps_sai\codec" -I"C:\Users\ericksong\Documents\Tsunami\frdmk66f_demo_apps_sai\sdmmc\port" -O1 -fno-common -g -Wall -c -fmessage-length=0 -fno-builtin -ffunction-sections -fdata-sections -mcpu=cortex-m4 -mfpu=fpv4-sp-d16 -mfloat-abi=hard -mthumb -D__REDLIB__ -specs=redlib.specs -MMD -MP -MF"drivers/fsl_sysmpu.d" -MT"drivers/fsl_sysmpu.o" -MT"drivers/fsl_sysmpu.d" -o "drivers/fsl_sysmpu.o" "../drivers/fsl_sysmpu.c"
 
Building file: ../drivers/fsl_uart.c
Invoking: MCU C Compiler
arm-none-eabi-gcc -D__REDLIB__ -DFRDM_K66F -DARM_MATH_CM4 -DFREEDOM -DPRINTF_FLOAT_ENABLE=1 -DSDK_DEBUGCONSOLE=0 -D__MCUXPRESSO -D__USE_CMSIS -DDEBUG -DCPU_MK66FN2M0VMD18 -DCPU_MK66FN2M0VMD18_cm4 -I"C:\Users\ericksong\Documents\Tsunami\frdmk66f_demo_apps_sai\board" -I"C:\Users\ericksong\Documents\Tsunami\frdmk66f_demo_apps_sai\source" -I"C:\Users\ericksong\Documents\Tsunami\frdmk66f_demo_apps_sai" -I"C:\Users\ericksong\Documents\Tsunami\frdmk66f_demo_apps_sai\drivers" -I"C:\Users\ericksong\Documents\Tsunami\frdmk66f_demo_apps_sai\CMSIS" -I"C:\Users\ericksong\Documents\Tsunami\frdmk66f_demo_apps_sai\sdmmc\inc" -I"C:\Users\ericksong\Documents\Tsunami\frdmk66f_demo_apps_sai\fatfs\fatfs_include" -I"C:\Users\ericksong\Documents\Tsunami\frdmk66f_demo_apps_sai\startup" -I"C:\Users\ericksong\Documents\Tsunami\frdmk66f_demo_apps_sai\utilities" -I"C:\Users\ericksong\Documents\Tsunami\frdmk66f_demo_apps_sai\codec" -I"C:\Users\ericksong\Documents\Tsunami\frdmk66f_demo_apps_sai\sdmmc\port" -O1 -fno-common -g -Wall -c -fmessage-length=0 -fno-builtin -ffunction-sections -fdata-sections -mcpu=cortex-m4 -mfpu=fpv4-sp-d16 -mfloat-abi=hard -mthumb -D__REDLIB__ -specs=redlib.specs -MMD -MP -MF"drivers/fsl_uart.d" -MT"drivers/fsl_uart.o" -MT"drivers/fsl_uart.d" -o "drivers/fsl_uart.o" "../drivers/fsl_uart.c"
Finished building: ../drivers/fsl_i2c.c
 
Building file: ../codec/fsl_dialog7212.c
Finished building: ../drivers/fsl_lpuart.c
Invoking: MCU C Compiler
 
arm-none-eabi-gcc -D__REDLIB__ -DFRDM_K66F -DARM_MATH_CM4 -DFREEDOM -DPRINTF_FLOAT_ENABLE=1 -DSDK_DEBUGCONSOLE=0 -D__MCUXPRESSO -D__USE_CMSIS -DDEBUG -DCPU_MK66FN2M0VMD18 -DCPU_MK66FN2M0VMD18_cm4 -I"C:\Users\ericksong\Documents\Tsunami\frdmk66f_demo_apps_sai\board" -I"C:\Users\ericksong\Documents\Tsunami\frdmk66f_demo_apps_sai\source" -I"C:\Users\ericksong\Documents\Tsunami\frdmk66f_demo_apps_sai" -I"C:\Users\ericksong\Documents\Tsunami\frdmk66f_demo_apps_sai\drivers" -I"C:\Users\ericksong\Documents\Tsunami\frdmk66f_demo_apps_sai\CMSIS" -I"C:\Users\ericksong\Documents\Tsunami\frdmk66f_demo_apps_sai\sdmmc\inc" -I"C:\Users\ericksong\Documents\Tsunami\frdmk66f_demo_apps_sai\fatfs\fatfs_include" -I"C:\Users\ericksong\Documents\Tsunami\frdmk66f_demo_apps_sai\startup" -I"C:\Users\ericksong\Documents\Tsunami\frdmk66f_demo_apps_sai\utilities" -I"C:\Users\ericksong\Documents\Tsunami\frdmk66f_demo_apps_sai\codec" -I"C:\Users\ericksong\Documents\Tsunami\frdmk66f_demo_apps_sai\sdmmc\port" -O1 -fno-common -g -Wall -c -fmessage-length=0 -fno-builtin -ffunction-sections -fdata-sections -mcpu=cortex-m4 -mfpu=fpv4-sp-d16 -mfloat-abi=hard -mthumb -D__REDLIB__ -specs=redlib.specs -MMD -MP -MF"codec/fsl_dialog7212.d" -MT"codec/fsl_dialog7212.o" -MT"codec/fsl_dialog7212.d" -o "codec/fsl_dialog7212.o" "../codec/fsl_dialog7212.c"
Building file: ../board/board.c
Finished building: ../drivers/fsl_sai_edma.c
Invoking: MCU C Compiler
arm-none-eabi-gcc -D__REDLIB__ -DFRDM_K66F -DARM_MATH_CM4 -DFREEDOM -DPRINTF_FLOAT_ENABLE=1 -DSDK_DEBUGCONSOLE=0 -D__MCUXPRESSO -D__USE_CMSIS -DDEBUG -DCPU_MK66FN2M0VMD18 -DCPU_MK66FN2M0VMD18_cm4 -I"C:\Users\ericksong\Documents\Tsunami\frdmk66f_demo_apps_sai\board" -I"C:\Users\ericksong\Documents\Tsunami\frdmk66f_demo_apps_sai\source" -I"C:\Users\ericksong\Documents\Tsunami\frdmk66f_demo_apps_sai" -I"C:\Users\ericksong\Documents\Tsunami\frdmk66f_demo_apps_sai\drivers" -I"C:\Users\ericksong\Documents\Tsunami\frdmk66f_demo_apps_sai\CMSIS" -I"C:\Users\ericksong\Documents\Tsunami\frdmk66f_demo_apps_sai\sdmmc\inc" -I"C:\Users\ericksong\Documents\Tsunami\frdmk66f_demo_apps_sai\fatfs\fatfs_include" -I"C:\Users\ericksong\Documents\Tsunami\frdmk66f_demo_apps_sai\startup" -I"C:\Users\ericksong\Documents\Tsunami\frdmk66f_demo_apps_sai\utilities" -I"C:\Users\ericksong\Documents\Tsunami\frdmk66f_demo_apps_sai\codec" -I"C:\Users\ericksong\Documents\Tsunami\frdmk66f_demo_apps_sai\sdmmc\port" -O1 -fno-common -g -Wall -c -fmessage-length=0 -fno-builtin -ffunction-sections -fdata-sections -mcpu=cortex-m4 -mfpu=fpv4-sp-d16 -mfloat-abi=hard -mthumb -D__REDLIB__ -specs=redlib.specs -MMD -MP -MF"board/board.d" -MT"board/board.o" -MT"board/board.d" -o "board/board.o" "../board/board.c"
 
Finished building: ../drivers/fsl_smc.c
Finished building: ../drivers/fsl_sysmpu.c
Building file: ../board/clock_config.c
 
Finished building: ../drivers/fsl_sai.c
 
Finished building: ../drivers/fsl_sdhc.c
Invoking: MCU C Compiler
Building file: ../board/pin_mux.c
arm-none-eabi-gcc -D__REDLIB__ -DFRDM_K66F -DARM_MATH_CM4 -DFREEDOM -DPRINTF_FLOAT_ENABLE=1 -DSDK_DEBUGCONSOLE=0 -D__MCUXPRESSO -D__USE_CMSIS -DDEBUG -DCPU_MK66FN2M0VMD18 -DCPU_MK66FN2M0VMD18_cm4 -I"C:\Users\ericksong\Documents\Tsunami\frdmk66f_demo_apps_sai\board" -I"C:\Users\ericksong\Documents\Tsunami\frdmk66f_demo_apps_sai\source" -I"C:\Users\ericksong\Documents\Tsunami\frdmk66f_demo_apps_sai" -I"C:\Users\ericksong\Documents\Tsunami\frdmk66f_demo_apps_sai\drivers" -I"C:\Users\ericksong\Documents\Tsunami\frdmk66f_demo_apps_sai\CMSIS" -I"C:\Users\ericksong\Documents\Tsunami\frdmk66f_demo_apps_sai\sdmmc\inc" -I"C:\Users\ericksong\Documents\Tsunami\frdmk66f_demo_apps_sai\fatfs\fatfs_include" -I"C:\Users\ericksong\Documents\Tsunami\frdmk66f_demo_apps_sai\startup" -I"C:\Users\ericksong\Documents\Tsunami\frdmk66f_demo_apps_sai\utilities" -I"C:\Users\ericksong\Documents\Tsunami\frdmk66f_demo_apps_sai\codec" -I"C:\Users\ericksong\Documents\Tsunami\frdmk66f_demo_apps_sai\sdmmc\port" -O1 -fno-common -g -Wall -c -fmessage-length=0 -fno-builtin -ffunction-sections -fdata-sections -mcpu=cortex-m4 -mfpu=fpv4-sp-d16 -mfloat-abi=hard -mthumb -D__REDLIB__ -specs=redlib.specs -MMD -MP -MF"board/clock_config.d" -MT"board/clock_config.o" -MT"board/clock_config.d" -o "board/clock_config.o" "../board/clock_config.c"
 
Building file: ../CMSIS/system_MK66F18.c
 
Invoking: MCU C Compiler
arm-none-eabi-gcc -D__REDLIB__ -DFRDM_K66F -DARM_MATH_CM4 -DFREEDOM -DPRINTF_FLOAT_ENABLE=1 -DSDK_DEBUGCONSOLE=0 -D__MCUXPRESSO -D__USE_CMSIS -DDEBUG -DCPU_MK66FN2M0VMD18 -DCPU_MK66FN2M0VMD18_cm4 -I"C:\Users\ericksong\Documents\Tsunami\frdmk66f_demo_apps_sai\board" -I"C:\Users\ericksong\Documents\Tsunami\frdmk66f_demo_apps_sai\source" -I"C:\Users\ericksong\Documents\Tsunami\frdmk66f_demo_apps_sai" -I"C:\Users\ericksong\Documents\Tsunami\frdmk66f_demo_apps_sai\drivers" -I"C:\Users\ericksong\Documents\Tsunami\frdmk66f_demo_apps_sai\CMSIS" -I"C:\Users\ericksong\Documents\Tsunami\frdmk66f_demo_apps_sai\sdmmc\inc" -I"C:\Users\ericksong\Documents\Tsunami\frdmk66f_demo_apps_sai\fatfs\fatfs_include" -I"C:\Users\ericksong\Documents\Tsunami\frdmk66f_demo_apps_sai\startup" -I"C:\Users\ericksong\Documents\Tsunami\frdmk66f_demo_apps_sai\utilities" -I"C:\Users\ericksong\Documents\Tsunami\frdmk66f_demo_apps_sai\codec" -I"C:\Users\ericksong\Documents\Tsunami\frdmk66f_demo_apps_sai\sdmmc\port" -O1 -fno-common -g -Wall -c -fmessage-length=0 -fno-builtin -ffunction-sections -fdata-sections -mcpu=cortex-m4 -mfpu=fpv4-sp-d16 -mfloat-abi=hard -mthumb -D__REDLIB__ -specs=redlib.specs -MMD -MP -MF"board/pin_mux.d" -MT"board/pin_mux.o" -MT"board/pin_mux.d" -o "board/pin_mux.o" "../board/pin_mux.c"
Invoking: MCU C Compiler
arm-none-eabi-gcc -D__REDLIB__ -DFRDM_K66F -DARM_MATH_CM4 -DFREEDOM -DPRINTF_FLOAT_ENABLE=1 -DSDK_DEBUGCONSOLE=0 -D__MCUXPRESSO -D__USE_CMSIS -DDEBUG -DCPU_MK66FN2M0VMD18 -DCPU_MK66FN2M0VMD18_cm4 -I"C:\Users\ericksong\Documents\Tsunami\frdmk66f_demo_apps_sai\board" -I"C:\Users\ericksong\Documents\Tsunami\frdmk66f_demo_apps_sai\source" -I"C:\Users\ericksong\Documents\Tsunami\frdmk66f_demo_apps_sai" -I"C:\Users\ericksong\Documents\Tsunami\frdmk66f_demo_apps_sai\drivers" -I"C:\Users\ericksong\Documents\Tsunami\frdmk66f_demo_apps_sai\CMSIS" -I"C:\Users\ericksong\Documents\Tsunami\frdmk66f_demo_apps_sai\sdmmc\inc" -I"C:\Users\ericksong\Documents\Tsunami\frdmk66f_demo_apps_sai\fatfs\fatfs_include" -I"C:\Users\ericksong\Documents\Tsunami\frdmk66f_demo_apps_sai\startup" -I"C:\Users\ericksong\Documents\Tsunami\frdmk66f_demo_apps_sai\utilities" -I"C:\Users\ericksong\Documents\Tsunami\frdmk66f_demo_apps_sai\codec" -I"C:\Users\ericksong\Documents\Tsunami\frdmk66f_demo_apps_sai\sdmmc\port" -O1 -fno-common -g -Wall -c -fmessage-length=0 -fno-builtin -ffunction-sections -fdata-sections -mcpu=cortex-m4 -mfpu=fpv4-sp-d16 -mfloat-abi=hard -mthumb -D__REDLIB__ -specs=redlib.specs -MMD -MP -MF"CMSIS/system_MK66F18.d" -MT"CMSIS/system_MK66F18.o" -MT"CMSIS/system_MK66F18.d" -o "CMSIS/system_MK66F18.o" "../CMSIS/system_MK66F18.c"
Finished building: ../codec/fsl_dialog7212.c
Finished building: ../board/board.c
Finished building: ../drivers/fsl_uart.c
 
 
 
Finished building: ../board/clock_config.c
Finished building: ../board/pin_mux.c
Finished building: ../CMSIS/system_MK66F18.c
 
 
 
Building target: frdmk66f_demo_apps_sai.axf
Invoking: MCU Linker
arm-none-eabi-gcc -nostdlib -L"C:\Users\ericksong\Documents\Tsunami\frdmk66f_demo_apps_sai\libs" -Xlinker -print-memory-usage -Xlinker --gc-sections -Xlinker -Map="frdmk66f_demo_apps_sai.map" -mcpu=cortex-m4 -mfpu=fpv4-sp-d16 -mfloat-abi=hard -mthumb -T MK66FN2M0xxx18_flash_mcux.ld -L ../source -o "frdmk66f_demo_apps_sai.axf"  ./utilities/fsl_assert.o ./utilities/fsl_debug_console.o ./utilities/fsl_io.o ./utilities/fsl_log.o ./utilities/fsl_str.o  ./startup/startup_mk66f18.o  ./source/sai.o ./source/semihost_hardfault.o  ./sdmmc/src/fsl_sd.o ./sdmmc/src/fsl_sdmmc_common.o  ./sdmmc/port/fsl_sdmmc_event.o ./sdmmc/port/fsl_sdmmc_host.o  ./fatfs/fatfs_source/diskio.o ./fatfs/fatfs_source/ff.o ./fatfs/fatfs_source/fsl_sd_disk.o  ./drivers/fsl_clock.o ./drivers/fsl_common.o ./drivers/fsl_dac.o ./drivers/fsl_dmamux.o ./drivers/fsl_dspi.o ./drivers/fsl_edma.o ./drivers/fsl_flash.o ./drivers/fsl_ftm.o ./drivers/fsl_gpio.o ./drivers/fsl_i2c.o ./drivers/fsl_lpuart.o ./drivers/fsl_sai.o ./drivers/fsl_sai_edma.o ./drivers/fsl_sdhc.o ./drivers/fsl_smc.o ./drivers/fsl_sysmpu.o ./drivers/fsl_uart.o  ./codec/fsl_dialog7212.o  ./board/board.o ./board/clock_config.o ./board/pin_mux.o  ./CMSIS/system_MK66F18.o   -larm_cortexM4lf_math
Memory region         Used Size  Region Size  %age Used
   PROGRAM_FLASH:       89372 B         2 MB      4.26%
      SRAM_UPPER:       18024 B       192 KB      9.17%
      SRAM_LOWER:        1628 B        64 KB      2.48%
        FLEX_RAM:          0 GB         4 KB      0.00%
Finished building target: frdmk66f_demo_apps_sai.axf
 
/usr/bin/make --no-print-directory post-build
Performing post-build steps
arm-none-eabi-size "frdmk66f_demo_apps_sai.axf"; # arm-none-eabi-objcopy -v -O binary "frdmk66f_demo_apps_sai.axf" "frdmk66f_demo_apps_sai.bin" ; # checksum -p MK66FN2M0xxx18 -d "frdmk66f_demo_apps_sai.bin";
   text	   data	    bss	    dec	    hex	filename
  89352	     20	  19632	 109004	  1a9cc	frdmk66f_demo_apps_sai.axf
 

16:31:04 Build Finished (took 5s.409ms)

