17:00:15 **** Incremental Build of configuration Debug for project WaveBee ****
make -r -j8 all 
Building file: ../source/Audio/AudioOut.c
Building file: ../source/Audio/AudioStreamer.c
Building file: ../source/main.c
Building file: ../board/peripherals.c
Invoking: MCU C Compiler
Invoking: MCU C Compiler
arm-none-eabi-gcc -D__REDLIB__ -D__USE_CMSIS -DPRINTF_FLOAT_ENABLE=1 -DSDK_DEBUGCONSOLE=0 -D__MCUXPRESSO -DDEBUG -DSDK_OS_BAREMETAL -DFSL_RTOS_BM -DCPU_MK66FN2M0VMD18 -DCPU_MK66FN2M0VMD18_cm4 -I"C:\Users\ericksong\Documents\Tsunami\WaveBee\board" -I"C:\Users\ericksong\Documents\Tsunami\WaveBee\codec" -I"C:\Users\ericksong\Documents\Tsunami\WaveBee\source" -I"C:\Users\ericksong\Documents\Tsunami\WaveBee" -I"C:\Users\ericksong\Documents\Tsunami\WaveBee\drivers" -I"C:\Users\ericksong\Documents\Tsunami\WaveBee\CMSIS" -I"C:\Users\ericksong\Documents\Tsunami\WaveBee\utilities" -I"C:\Users\ericksong\Documents\Tsunami\WaveBee\dma_manager" -I"C:\Users\ericksong\Documents\Tsunami\WaveBee\fatfs" -I"C:\Users\ericksong\Documents\Tsunami\WaveBee\fatfs\fatfs_include" -I"C:\Users\ericksong\Documents\Tsunami\WaveBee\sdmmc\inc" -I"C:\Users\ericksong\Documents\Tsunami\WaveBee\startup" -O0 -fno-common -g3 -Wall -c -fmessage-length=0 -fno-builtin -ffunction-sections -fdata-sections -mcpu=cortex-m4 -mfpu=fpv4-sp-d16 -mfloat-abi=hard -mthumb -D__REDLIB__ -specs=redlib.specs -MMD -MP -MF"source/Audio/AudioOut.d" -MT"source/Audio/AudioOut.o" -MT"source/Audio/AudioOut.d" -o "source/Audio/AudioOut.o" "../source/Audio/AudioOut.c"
Invoking: MCU C Compiler
arm-none-eabi-gcc -D__REDLIB__ -D__USE_CMSIS -DPRINTF_FLOAT_ENABLE=1 -DSDK_DEBUGCONSOLE=0 -D__MCUXPRESSO -DDEBUG -DSDK_OS_BAREMETAL -DFSL_RTOS_BM -DCPU_MK66FN2M0VMD18 -DCPU_MK66FN2M0VMD18_cm4 -I"C:\Users\ericksong\Documents\Tsunami\WaveBee\board" -I"C:\Users\ericksong\Documents\Tsunami\WaveBee\codec" -I"C:\Users\ericksong\Documents\Tsunami\WaveBee\source" -I"C:\Users\ericksong\Documents\Tsunami\WaveBee" -I"C:\Users\ericksong\Documents\Tsunami\WaveBee\drivers" -I"C:\Users\ericksong\Documents\Tsunami\WaveBee\CMSIS" -I"C:\Users\ericksong\Documents\Tsunami\WaveBee\utilities" -I"C:\Users\ericksong\Documents\Tsunami\WaveBee\dma_manager" -I"C:\Users\ericksong\Documents\Tsunami\WaveBee\fatfs" -I"C:\Users\ericksong\Documents\Tsunami\WaveBee\fatfs\fatfs_include" -I"C:\Users\ericksong\Documents\Tsunami\WaveBee\sdmmc\inc" -I"C:\Users\ericksong\Documents\Tsunami\WaveBee\startup" -O0 -fno-common -g3 -Wall -c -fmessage-length=0 -fno-builtin -ffunction-sections -fdata-sections -mcpu=cortex-m4 -mfpu=fpv4-sp-d16 -mfloat-abi=hard -mthumb -D__REDLIB__ -specs=redlib.specs -MMD -MP -MF"source/Audio/AudioStreamer.d" -MT"source/Audio/AudioStreamer.o" -MT"source/Audio/AudioStreamer.d" -o "source/Audio/AudioStreamer.o" "../source/Audio/AudioStreamer.c"
Invoking: MCU C Compiler
arm-none-eabi-gcc -D__REDLIB__ -D__USE_CMSIS -DPRINTF_FLOAT_ENABLE=1 -DSDK_DEBUGCONSOLE=0 -D__MCUXPRESSO -DDEBUG -DSDK_OS_BAREMETAL -DFSL_RTOS_BM -DCPU_MK66FN2M0VMD18 -DCPU_MK66FN2M0VMD18_cm4 -I"C:\Users\ericksong\Documents\Tsunami\WaveBee\board" -I"C:\Users\ericksong\Documents\Tsunami\WaveBee\codec" -I"C:\Users\ericksong\Documents\Tsunami\WaveBee\source" -I"C:\Users\ericksong\Documents\Tsunami\WaveBee" -I"C:\Users\ericksong\Documents\Tsunami\WaveBee\drivers" -I"C:\Users\ericksong\Documents\Tsunami\WaveBee\CMSIS" -I"C:\Users\ericksong\Documents\Tsunami\WaveBee\utilities" -I"C:\Users\ericksong\Documents\Tsunami\WaveBee\dma_manager" -I"C:\Users\ericksong\Documents\Tsunami\WaveBee\fatfs" -I"C:\Users\ericksong\Documents\Tsunami\WaveBee\fatfs\fatfs_include" -I"C:\Users\ericksong\Documents\Tsunami\WaveBee\sdmmc\inc" -I"C:\Users\ericksong\Documents\Tsunami\WaveBee\startup" -O0 -fno-common -g3 -Wall -c -fmessage-length=0 -fno-builtin -ffunction-sections -fdata-sections -mcpu=cortex-m4 -mfpu=fpv4-sp-d16 -mfloat-abi=hard -mthumb -D__REDLIB__ -specs=redlib.specs -MMD -MP -MF"source/main.d" -MT"source/main.o" -MT"source/main.d" -o "source/main.o" "../source/main.c"
arm-none-eabi-gcc -D__REDLIB__ -D__USE_CMSIS -DPRINTF_FLOAT_ENABLE=1 -DSDK_DEBUGCONSOLE=0 -D__MCUXPRESSO -DDEBUG -DSDK_OS_BAREMETAL -DFSL_RTOS_BM -DCPU_MK66FN2M0VMD18 -DCPU_MK66FN2M0VMD18_cm4 -I"C:\Users\ericksong\Documents\Tsunami\WaveBee\board" -I"C:\Users\ericksong\Documents\Tsunami\WaveBee\codec" -I"C:\Users\ericksong\Documents\Tsunami\WaveBee\source" -I"C:\Users\ericksong\Documents\Tsunami\WaveBee" -I"C:\Users\ericksong\Documents\Tsunami\WaveBee\drivers" -I"C:\Users\ericksong\Documents\Tsunami\WaveBee\CMSIS" -I"C:\Users\ericksong\Documents\Tsunami\WaveBee\utilities" -I"C:\Users\ericksong\Documents\Tsunami\WaveBee\dma_manager" -I"C:\Users\ericksong\Documents\Tsunami\WaveBee\fatfs" -I"C:\Users\ericksong\Documents\Tsunami\WaveBee\fatfs\fatfs_include" -I"C:\Users\ericksong\Documents\Tsunami\WaveBee\sdmmc\inc" -I"C:\Users\ericksong\Documents\Tsunami\WaveBee\startup" -O0 -fno-common -g3 -Wall -c -fmessage-length=0 -fno-builtin -ffunction-sections -fdata-sections -mcpu=cortex-m4 -mfpu=fpv4-sp-d16 -mfloat-abi=hard -mthumb -D__REDLIB__ -specs=redlib.specs -MMD -MP -MF"board/peripherals.d" -MT"board/peripherals.o" -MT"board/peripherals.d" -o "board/peripherals.o" "../board/peripherals.c"
Finished building: ../source/Audio/AudioOut.c
 
Finished building: ../board/peripherals.c
Finished building: ../source/main.c
 
 
Finished building: ../source/Audio/AudioStreamer.c
 
Building target: WaveBee.axf
Invoking: MCU Linker
arm-none-eabi-gcc -nostdlib -Xlinker -print-memory-usage -Xlinker --gc-sections -Xlinker -Map="WaveBee.map" -mcpu=cortex-m4 -mfpu=fpv4-sp-d16 -mfloat-abi=hard -mthumb -T WaveBee_Debug.ld -o "WaveBee.axf"  ./utilities/fsl_debug_console.o ./utilities/fsl_io.o ./utilities/fsl_log.o ./utilities/fsl_str.o  ./startup/startup_mk66f18.o  ./source/Audio/AudioOut.o ./source/Audio/AudioStreamer.o  ./source/main.o ./source/semihost_hardfault.o  ./sdmmc/src/fsl_mmc.o ./sdmmc/src/fsl_sd.o ./sdmmc/src/fsl_sdmmc_common.o ./sdmmc/src/fsl_sdspi.o  ./fatfs/fatfs_source/diskio.o ./fatfs/fatfs_source/ff.o ./fatfs/fatfs_source/fsl_mmc_disk.o ./fatfs/fatfs_source/fsl_ram_disk.o ./fatfs/fatfs_source/fsl_sd_disk.o ./fatfs/fatfs_source/fsl_sdspi_disk.o  ./drivers/fsl_adc16.o ./drivers/fsl_clock.o ./drivers/fsl_common.o ./drivers/fsl_dac.o ./drivers/fsl_dmamux.o ./drivers/fsl_dspi.o ./drivers/fsl_edma.o ./drivers/fsl_flash.o ./drivers/fsl_ftm.o ./drivers/fsl_gpio.o ./drivers/fsl_i2c.o ./drivers/fsl_i2c_edma.o ./drivers/fsl_lpuart.o ./drivers/fsl_sai.o ./drivers/fsl_sai_edma.o ./drivers/fsl_sdhc.o ./drivers/fsl_sdramc.o ./drivers/fsl_smc.o ./drivers/fsl_uart.o  ./dma_manager/fsl_dma_manager.o  ./codec/fsl_dialog7212.o  ./board/board.o ./board/clock_config.o ./board/peripherals.o ./board/pin_mux.o  ./CMSIS/system_MK66F18.o   
Memory region         Used Size  Region Size  %age Used
   PROGRAM_FLASH:       39684 B         2 MB      1.89%
      SRAM_UPPER:       13364 B       192 KB      6.80%
      SRAM_LOWER:          0 GB        64 KB      0.00%
        FLEX_RAM:          0 GB         4 KB      0.00%
Finished building target: WaveBee.axf
 
/usr/bin/make --no-print-directory post-build
Performing post-build steps
arm-none-eabi-size "WaveBee.axf"; # arm-none-eabi-objcopy -v -O binary "WaveBee.axf" "WaveBee.bin" ; # checksum -p MK66FN2M0xxx18 -d "WaveBee.bin";
   text	   data	    bss	    dec	    hex	filename
  39672	     12	  13352	  53036	   cf2c	WaveBee.axf
 
